ARM Linker, 5.03 [Build 76] [MDK-ARM Standard][RL-ARM]

==============================================================================

Section Cross References

    main.o(.text) refers to cpu_a.o(.text) for CPU_IntDis
    main.o(.text) refers to os_core.o(.text) for OSInit
    main.o(.text) refers to os_task.o(.text) for OSTaskCreateExt
    main.o(.text) refers to task.o(.bss) for AppTaskStartStk
    main.o(.text) refers to taskstartprc.o(.text) for TaskStartPrc
    task.o(.text) refers to os_task.o(.text) for OSTaskCreateExt
    task.o(.text) refers to os_q.o(.text) for OSQCreate
    task.o(.text) refers to memmanage.o(.text) for create_os_mempool
    task.o(.text) refers to task.o(.bss) for AppTaskMsgDispatchStk
    task.o(.text) refers to appmsgdispatchpro.o(.text) for AppTaskMsgDispatchProc
    task.o(.text) refers to appmsgtxpro.o(.text) for AppTaskMsgTxProc
    task.o(.text) refers to appmsgrxpro.o(.text) for AppTaskMsgRxProc
    task.o(.text) refers to appnetpro.o(.text) for AppTaskNetProc
    task.o(.text) refers to task.o(.data) for g_MsgDispatch
    taskstartprc.o(.text) refers to task.o(.text) for create_os_queue
    taskstartprc.o(.text) refers to lpc43xx_cgu.o(.text) for CGU_UpdateClock
    taskstartprc.o(.text) refers to os_cpu_c.o(.text) for OS_CPU_SysTickInit
    taskstartprc.o(.text) refers to target.o(.text) for Target_INIT
    taskstartprc.o(.text) refers to app.o(.text) for App_Init
    taskstartprc.o(.text) refers to os_core.o(.text) for OSStatInit
    taskstartprc.o(.text) refers to os_time.o(.text) for OSTimeDlyHMSM
    taskstartprc.o(.text) refers to ledcontrol.o(.text) for BoardLightCtr_Handle
    taskstartprc.o(.text) refers to canbuscontrol.o(.text) for CANbusControlPeriodHandle
    taskstartprc.o(.text) refers to debugout.o(.text) for Debug_Output_CAN
    taskstartprc.o(.text) refers to system_lpc43xx.o(.data) for SystemCoreClock
    taskstartprc.o(.text) refers to appdefine.o(.data) for g_ParaInfo
    taskstartprc.o(.text) refers to taskstartprc.o(.data) for s30
    app.o(.text) refers to cmddefine.o(.text) for GetCanNetAddrByPort
    app.o(.text) refers to c_can.o(.text) for CCAN_RecMessageSet
    app.o(.text) refers to lpc43xx_gpio.o(.text) for GPIO_ReadValue
    app.o(.text) refers to dataresend.o(.text) for DataReSend_Init
    app.o(.text) refers to ledcontrol.o(.text) for BoardLightData_Init
    app.o(.text) refers to memseta.o(.text) for __aeabi_memclr4
    app.o(.text) refers to datatransfer.o(.text) for CCANDataSimpleSendPost
    app.o(.text) refers to appdefine.o(.data) for g_ParaInfo
    appmsgdispatchpro.o(.text) refers to memseta.o(.text) for __aeabi_memclr4
    appmsgdispatchpro.o(.text) refers to memcpya.o(.text) for __aeabi_memcpy4
    appmsgdispatchpro.o(.text) refers to strlen.o(.text) for strlen
    appmsgdispatchpro.o(.text) refers to version.o(.text) for GetSoftwareVersion
    appmsgdispatchpro.o(.text) refers to datatransfer.o(.text) for CCANDataSimpleSendPost
    appmsgdispatchpro.o(.text) refers to ptcir.o(.text) for ParseptCIRFrame
    appmsgdispatchpro.o(.text) refers to dataresend.o(.text) for WAE_CheckPair
    appmsgdispatchpro.o(.text) refers to update.o(.text) for UpdateDataIn
    appmsgdispatchpro.o(.text) refers to app.o(.text) for EquipmentSta
    appmsgdispatchpro.o(.text) refers to appdefine.o(.text) for Comprehensive_Info_Handle
    appmsgdispatchpro.o(.text) refers to os_q.o(.text) for OSQPend
    appmsgdispatchpro.o(.text) refers to memmanage.o(.text) for MemFree
    appmsgdispatchpro.o(.text) refers to appmsgdispatchpro.o(.constdata) for .constdata
    appmsgdispatchpro.o(.text) refers to appdefine.o(.data) for g_ParaInfo
    appmsgdispatchpro.o(.text) refers to task.o(.data) for g_MsgDispatch
    appmsgdispatchpro.o(.text) refers to appmsgdispatchpro.o(.bss) for g_rxbuf
    appmsgtxpro.o(.text) refers to os_q.o(.text) for OSQPost
    appmsgtxpro.o(.text) refers to uart.o(.text) for UartSend
    appmsgtxpro.o(.text) refers to memmanage.o(.text) for MemFree
    appmsgtxpro.o(.text) refers to ptcan.o(.text) for CanSendDataPackToCanBus
    appmsgtxpro.o(.text) refers to dataresend.o(.text) for DataReSend_Proc
    appmsgtxpro.o(.text) refers to appmsgtxpro.o(.data) for MsgTx_Uart0
    appmsgtxpro.o(.text) refers to task.o(.data) for g_MsgUart0Tx
    appmsgtxpro.o(.text) refers to appmsgtxpro.o(.bss) for txbuf
    appmsgrxpro.o(.text) refers to canrxpro.o(.text) for Board_Can_Init
    appmsgrxpro.o(.text) refers to uartrxpro.o(.text) for Board_Uart_Init
    appmsgrxpro.o(.text) refers to os_time.o(.text) for OSTimeDlyHMSM
    memmanage.o(.text) refers to os_mem.o(.text) for OSMemCreate
    memmanage.o(.text) refers to memmanage.o(.bss) for g_TblMemLen32
    memmanage.o(.text) refers to memmanage.o(.data) for g_MemLen32
    apptime.o(.text) refers to os_time.o(.text) for OSTimeGet
    apptime.o(.text) refers to apptime.o(.bss) for g_timer
    ledcontrol.o(.text) refers to led.o(.text) for LED_On
[...]
    FIO_ReadValue                            0x1a013369   Thumb Code    12  lpc43xx_gpio.o(.text)
    FIO_SetMask                              0x1a013375   Thumb Code    44  lpc43xx_gpio.o(.text)
    I2C_Init                                 0x1a0134bf   Thumb Code   118  lpc43xx_i2c.o(.text)
    I2C_DeInit                               0x1a013535   Thumb Code     6  lpc43xx_i2c.o(.text)
    I2C_Cmd                                  0x1a01353b   Thumb Code    16  lpc43xx_i2c.o(.text)
    I2C_IntCmd                               0x1a01354b   Thumb Code    64  lpc43xx_i2c.o(.text)
    I2C_MasterHandler                        0x1a01358b   Thumb Code   514  lpc43xx_i2c.o(.text)
    I2C_SlaveHandler                         0x1a01378d   Thumb Code   322  lpc43xx_i2c.o(.text)
    I2C_MasterTransferData                   0x1a0138cf   Thumb Code   528  lpc43xx_i2c.o(.text)
    I2C_SlaveTransferData                    0x1a013adf   Thumb Code   344  lpc43xx_i2c.o(.text)
    I2C_SetOwnSlaveAddr                      0x1a013c37   Thumb Code    90  lpc43xx_i2c.o(.text)
    I2C_MonitorModeConfig                    0x1a013c91   Thumb Code    40  lpc43xx_i2c.o(.text)
    I2C_MonitorModeCmd                       0x1a013cb9   Thumb Code    42  lpc43xx_i2c.o(.text)
    I2C_MonitorGetDatabuffer                 0x1a013ce3   Thumb Code     8  lpc43xx_i2c.o(.text)
    I2C_MonitorHandler                       0x1a013ceb   Thumb Code    40  lpc43xx_i2c.o(.text)
    I2C_MasterTransferComplete               0x1a013d13   Thumb Code    30  lpc43xx_i2c.o(.text)
    I2C_SlaveTransferComplete                0x1a013d31   Thumb Code    30  lpc43xx_i2c.o(.text)
    SSP_Init                                 0x1a013d89   Thumb Code   200  lpc43xx_ssp.o(.text)
    SSP_DeInit                               0x1a013e51   Thumb Code    10  lpc43xx_ssp.o(.text)
    SSP_GetDataSize                          0x1a013e5b   Thumb Code    10  lpc43xx_ssp.o(.text)
    SSP_ConfigStructInit                     0x1a013e65   Thumb Code    22  lpc43xx_ssp.o(.text)
    SSP_Cmd                                  0x1a013e7b   Thumb Code    24  lpc43xx_ssp.o(.text)
    SSP_LoopBackCmd                          0x1a013e93   Thumb Code    24  lpc43xx_ssp.o(.text)
    SSP_SlaveOutputCmd                       0x1a013eab   Thumb Code    24  lpc43xx_ssp.o(.text)
    SSP_SendData                             0x1a013ec3   Thumb Code     6  lpc43xx_ssp.o(.text)
    SSP_ReceiveData                          0x1a013ec9   Thumb Code     8  lpc43xx_ssp.o(.text)
    SSP_ReadWrite                            0x1a013ed1   Thumb Code   538  lpc43xx_ssp.o(.text)
    SSP_GetStatus                            0x1a0140eb   Thumb Code    16  lpc43xx_ssp.o(.text)
    SSP_IntConfig                            0x1a0140fb   Thumb Code    26  lpc43xx_ssp.o(.text)
    SSP_GetRawIntStatus                      0x1a014115   Thumb Code    16  lpc43xx_ssp.o(.text)
    SSP_GetIntStatus                         0x1a014125   Thumb Code    16  lpc43xx_ssp.o(.text)
    SSP_ClearIntPending                      0x1a014135   Thumb Code     4  lpc43xx_ssp.o(.text)
    SSP_DMACmd                               0x1a014139   Thumb Code    26  lpc43xx_ssp.o(.text)
    TIM_GetIntStatus                         0x1a014203   Thumb Code    24  lpc43xx_timer.o(.text)
    TIM_GetIntCaptureStatus                  0x1a01421b   Thumb Code    26  lpc43xx_timer.o(.text)
    TIM_ClearIntPending                      0x1a014235   Thumb Code     8  lpc43xx_timer.o(.text)
    TIM_ClearIntCapturePending               0x1a01423d   Thumb Code    10  lpc43xx_timer.o(.text)
    TIM_ConfigStructInit                     0x1a014247   Thumb Code    22  lpc43xx_timer.o(.text)
    TIM_Init                                 0x1a01425d   Thumb Code   140  lpc43xx_timer.o(.text)
    TIM_DeInit                               0x1a0142e9   Thumb Code     6  lpc43xx_timer.o(.text)
    TIM_Cmd                                  0x1a0142ef   Thumb Code    24  lpc43xx_timer.o(.text)
    TIM_ResetCounter                         0x1a014307   Thumb Code    18  lpc43xx_timer.o(.text)
    TIM_ConfigMatch                          0x1a014319   Thumb Code   172  lpc43xx_timer.o(.text)
    TIM_UpdateMatchValue                     0x1a0143c5   Thumb Code    40  lpc43xx_timer.o(.text)
    TIM_ConfigCapture                        0x1a0143ed   Thumb Code    84  lpc43xx_timer.o(.text)
    TIM_GetCaptureValue                      0x1a014441   Thumb Code    38  lpc43xx_timer.o(.text)
    TIM_Waitus                               0x1a014467   Thumb Code    76  lpc43xx_timer.o(.text)
    TIM_Waitms                               0x1a0144b3   Thumb Code    18  lpc43xx_timer.o(.text)
    RGU_SoftReset                            0x1a0144d9   Thumb Code    48  lpc43xx_rgu.o(.text)
    RGU_GetSource                            0x1a014509   Thumb Code   134  lpc43xx_rgu.o(.text)
    RGU_GetSignalStatus                      0x1a01458f   Thumb Code    58  lpc43xx_rgu.o(.text)
    CANStatusGet                             0x1a01472f   Thumb Code    28  c_can.o(.text)
    CAN0_IRQHandler                          0x1a01474b   Thumb Code   504  c_can.o(.text)
    CAN1_IRQHandler                          0x1a014943   Thumb Code   560  c_can.o(.text)
    GetpCANIbyNum                            0x1a014b73   Thumb Code    26  c_can.o(.text)
    CANMessageAdd                            0x1a014b8d   Thumb Code   164  c_can.o(.text)
    CANMessageClear                          0x1a014c31   Thumb Code   100  c_can.o(.text)
    CANSendBufSet                            0x1a014c95   Thumb Code    48  c_can.o(.text)
    CANInit                                  0x1a014cc5   Thumb Code   256  c_can.o(.text)
    CANSend                                  0x1a014dc5   Thumb Code   442  c_can.o(.text)
    CCAN_RecMessageSet                       0x1a014f7f   Thumb Code    44  c_can.o(.text)
    configTimming                            0x1a014fcd   Thumb Code    96  ccan_18xx_43xx.o(.text)
    getFreeMsgObject                         0x1a01502d   Thumb Code    52  ccan_18xx_43xx.o(.text)
    Chip_CCAN_TransferMsgObject              0x1a015061   Thumb Code    58  ccan_18xx_43xx.o(.text)
    Chip_CCAN_SetValidMsg                    0x1a01509b   Thumb Code    84  ccan_18xx_43xx.o(.text)
    freeMsgObject                            0x1a0150ef   Thumb Code    22  ccan_18xx_43xx.o(.text)
    Chip_CCAN_ClearStatus                    0x1a015105   Thumb Code    22  ccan_18xx_43xx.o(.text)
    Chip_CCAN_Init                           0x1a01511b   Thumb Code    36  ccan_18xx_43xx.o(.text)
    Chip_CCAN_DeInit                         0x1a01513f   Thumb Code     2  ccan_18xx_43xx.o(.text)
    Chip_CCAN_SetBitRate                     0x1a015141   Thumb Code   112  ccan_18xx_43xx.o(.text)
    Chip_CCAN_SetMsgObject                   0x1a0151b1   Thumb Code   422  ccan_18xx_43xx.o(.text)
    Chip_CCAN_GetMsgObject                   0x1a015357   Thumb Code   212  ccan_18xx_43xx.o(.text)
    Chip_CCAN_Send                           0x1a01542b   Thumb Code    86  ccan_18xx_43xx.o(.text)
    Chip_CCAN_AddReceiveID                   0x1a015481   Thumb Code    60  ccan_18xx_43xx.o(.text)
    Chip_CCAN_DeleteReceiveID                0x1a0154bd   Thumb Code    50  ccan_18xx_43xx.o(.text)
    SPIFI_Init                               0x1a015525   Thumb Code   128  mx66l51235f.o(.text)
    SPIFI_EraseSectors                       0x1a0155a5   Thumb Code    54  mx66l51235f.o(.text)
    SPIFI_Write                              0x1a0155db   Thumb Code   220  mx66l51235f.o(.text)
    SPIFI_EntireErase                        0x1a0156b7   Thumb Code    62  mx66l51235f.o(.text)
    SPIFI_Erase                              0x1a0156f5   Thumb Code    54  mx66l51235f.o(.text)
    SPIFI_WriteEx                            0x1a01572b   Thumb Code   304  mx66l51235f.o(.text)
    spifiRegisterFamily                      0x1a0159cb   Thumb Code    32  spifilib_dev_common.o(.text)
    spifiGetLibVersion                       0x1a0159eb   Thumb Code     4  spifilib_dev_common.o(.text)
    spifiInit                                0x1a0159ef   Thumb Code    50  spifilib_dev_common.o(.text)
    spifiDeInit                              0x1a015a21   Thumb Code     2  spifilib_dev_common.o(.text)
    spifiDevSetMemMode                       0x1a015a23   Thumb Code   114  spifilib_dev_common.o(.text)
    spifiDevInit                             0x1a015a95   Thumb Code    34  spifilib_dev_common.o(.text)
    spifiDevDeInit                           0x1a015ab7   Thumb Code    34  spifilib_dev_common.o(.text)
    spifiReturnErrString                     0x1a015ad9   Thumb Code    18  spifilib_dev_common.o(.text)
    spifiDevGetInfo                          0x1a015aeb   Thumb Code   116  spifilib_dev_common.o(.text)
    spifiDevGetMemoryMode                    0x1a015b5f   Thumb Code    16  spifilib_dev_common.o(.text)
    spifiGetSuppFamilyCount                  0x1a015b6f   Thumb Code     6  spifilib_dev_common.o(.text)
    spifiGetSuppFamilyName                   0x1a015b75   Thumb Code    36  spifilib_dev_common.o(.text)
    spifiGetHandleMemSize                    0x1a015b99   Thumb Code    30  spifilib_dev_common.o(.text)
    spifiInitDevice                          0x1a015bb7   Thumb Code   266  spifilib_dev_common.o(.text)
    spifiDevSetOpts                          0x1a015cc1   Thumb Code    90  spifilib_dev_common.o(.text)
    spifiGetAddrFromBlock                    0x1a015d1b   Thumb Code    30  spifilib_dev_common.o(.text)
    spifiGetAddrFromSubBlock                 0x1a015d39   Thumb Code    56  spifilib_dev_common.o(.text)
    spifiGetBlockFromAddr                    0x1a015d71   Thumb Code    56  spifilib_dev_common.o(.text)
    spifiGetSubBlockFromAddr                 0x1a015da9   Thumb Code    70  spifilib_dev_common.o(.text)
    spifiGetSubBlockFromBlock                0x1a015def   Thumb Code    70  spifilib_dev_common.o(.text)
    spifiProgram                             0x1a015e35   Thumb Code    74  spifilib_dev_common.o(.text)
    spifiRead                                0x1a015e7f   Thumb Code    74  spifilib_dev_common.o(.text)
    spifiErase                               0x1a015ec9   Thumb Code    60  spifilib_dev_common.o(.text)
    spifiEraseSector                         0x1a015f05   Thumb Code    60  spifilib_dev_common.o(.text)
    spifiEraseByAddr                         0x1a015f41   Thumb Code    62  spifilib_dev_common.o(.text)
    SPIFI_REG_FAMILY_Macronix_2Byte_Status   0x1a01643f   Thumb Code    60  spifilib_fam_mac_2b_stat.o(.text)
    SPI_FLASH_Init                           0x1a016531   Thumb Code    68  spiflash.o(.text)
    SSP_FLASH_RdID                           0x1a01666d   Thumb Code    82  spiflash.o(.text)
    SSP_EntireErase                          0x1a016a13   Thumb Code    34  spiflash.o(.text)
    SSP_Erase                                0x1a016a35   Thumb Code    46  spiflash.o(.text)
    SSP_EraseSectors                         0x1a016a63   Thumb Code    46  spiflash.o(.text)
    SSP_Write                                0x1a016a91   Thumb Code   260  spiflash.o(.text)
    SSP_Read                                 0x1a016b95   Thumb Code    94  spiflash.o(.text)
    UART0_IRQHandler                         0x1a016c19   Thumb Code   172  uart.o(.text)
    UART1_IRQHandler                         0x1a016cc5   Thumb Code   172  uart.o(.text)
    UART3_IRQHandler                         0x1a016d71   Thumb Code   172  uart.o(.text)
    GetpUIbyNum                              0x1a016e1d   Thumb Code    40  uart.o(.text)
    UartSend                                 0x1a016f17   Thumb Code   470  uart.o(.text)
    UartRecBufSet                            0x1a0170ed   Thumb Code    62  uart.o(.text)
    UartSendBufSet                           0x1a01712b   Thumb Code    62  uart.o(.text)
    UartInit                                 0x1a017169   Thumb Code   162  uart.o(.text)
    read_PHY                                 0x1a0172f3   Thumb Code    62  eth_lpc43xx.o(.text)
    write_PHY                                0x1a017331   Thumb Code    62  eth_lpc43xx.o(.text)
    init_ethernet                            0x1a01736f   Thumb Code   480  eth_lpc43xx.o(.text)
    int_enable_eth                           0x1a01754f   Thumb Code    24  eth_lpc43xx.o(.text)
    int_disable_eth                          0x1a017567   Thumb Code    18  eth_lpc43xx.o(.text)
    send_frame                               0x1a017579   Thumb Code   112  eth_lpc43xx.o(.text)
    ETH_IRQHandler                           0x1a0175e9   Thumb Code   342  eth_lpc43xx.o(.text)
    UDP_SendData                             0x1a017755   Thumb Code    76  ethernetudp.o(.text)
    UDP_ReceivePort_Init                     0x1a01781b   Thumb Code   126  ethernetudp.o(.text)
    UDP_SendPort_Init                        0x1a017899   Thumb Code    62  ethernetudp.o(.text)
    UDP_DataSend                             0x1a0178d7   Thumb Code    68  ethernetudp.o(.text)
    UDP_DataInit                             0x1a01791b   Thumb Code    60  ethernetudp.o(.text)
    SetMacAddr                               0x1a017969   Thumb Code    22  ethernetset.o(.text)
    SetHostName                              0x1a01797f   Thumb Code    38  ethernetset.o(.text)
    SetIpAdr                                 0x1a0179a5   Thumb Code    14  ethernetset.o(.text)
    SetNetMask                               0x1a0179b3   Thumb Code    14  ethernetset.o(.text)
    SetDefWG                                 0x1a0179c1   Thumb Code    14  ethernetset.o(.text)
    CalCRC8                                  0x1a0179dd   Thumb Code    30  crc.o(.text)
    CheckCalCRC8                             0x1a0179fb   Thumb Code    40  crc.o(.text)
    CalCRC16                                 0x1a017a23   Thumb Code    46  crc.o(.text)
    CheckCalCRC16                            0x1a017a51   Thumb Code    54  crc.o(.text)
    md5_starts                               0x1a017a91   Thumb Code    26  md5.o(.text)
    md5_process                              0x1a017aab   Thumb Code  2326  md5.o(.text)
    md5_update                               0x1a0183c1   Thumb Code   124  md5.o(.text)
    md5_finish                               0x1a01843d   Thumb Code   206  md5.o(.text)
    Cal_MD5_Code                             0x1a01850b   Thumb Code    40  md5.o(.text)
    Cal_MD5_Code2                            0x1a018533   Thumb Code    90  md5.o(.text)
    GetSoftwareVersion                       0x1a018595   Thumb Code   182  version.o(.text)
    GetCfgAddrByPort                         0x1a01866d   Thumb Code    84  cmddefine.o(.text)
    GetCanAddrByPort                         0x1a0186c1   Thumb Code    70  cmddefine.o(.text)
    GetMacAddrByPort                         0x1a018707   Thumb Code    70  cmddefine.o(.text)
    GetNetAddrByPort                         0x1a01874d   Thumb Code    70  cmddefine.o(.text)
    GetCanNetAddrByPort                      0x1a018793   Thumb Code    84  cmddefine.o(.text)
    GetPortByUnitJP                          0x1a0187e7   Thumb Code    86  cmddefine.o(.text)
    GetCanAddrByUnitJP                       0x1a01883d   Thumb Code    32  cmddefine.o(.text)
    GetNetAddrByUnitJP                       0x1a01885d   Thumb Code    32  cmddefine.o(.text)
    GetCanNetAddrByUnitJP                    0x1a01887d   Thumb Code    36  cmddefine.o(.text)
    GetUnitJPByPort                          0x1a0188a1   Thumb Code    88  cmddefine.o(.text)
    GetNetPortByPort                         0x1a0188f9   Thumb Code    80  cmddefine.o(.text)
    GetUnitChinaNameByPort                   0x1a018949   Thumb Code    90  cmddefine.o(.text)
    GetCanPriDataTypeByOpCmd                 0x1a0189a3   Thumb Code    36  cmddefine.o(.text)
    WAE_Init                                 0x1a0189d1   Thumb Code    20  dataresend.o(.text)
    WAE_CheckPair                            0x1a018a93   Thumb Code   118  dataresend.o(.text)
    DataReSend_Proc                          0x1a018cbd   Thumb Code   164  dataresend.o(.text)
    DataReSend_Init                          0x1a018d61   Thumb Code    42  dataresend.o(.text)
    DataReSend_SetEvent                      0x1a018d8b   Thumb Code   296  dataresend.o(.text)
    FlowNumAdd                               0x1a018eb5   Thumb Code    40  datatransfer.o(.text)
    FlowNumGet                               0x1a018edd   Thumb Code    20  datatransfer.o(.text)
    MQ_AddTail                               0x1a018ef1   Thumb Code    82  datatransfer.o(.text)
    Common_SendData                          0x1a018f43   Thumb Code    32  datatransfer.o(.text)
    UARTDatapbCIR30SendPost                  0x1a018fbb   Thumb Code   102  datatransfer.o(.text)
    UARTDatapbCIR20SendPost                  0x1a019021   Thumb Code    76  datatransfer.o(.text)
    UARTDatapbCIR20SimpleSendPost            0x1a01906d   Thumb Code   114  datatransfer.o(.text)
    UARTDatapbCIR30SimpleSendPost            0x1a0190df   Thumb Code   122  datatransfer.o(.text)
    UARTDatapbCIR30FullSendPost              0x1a019159   Thumb Code    90  datatransfer.o(.text)
    CCANDataSendPost                         0x1a0191b3   Thumb Code   270  datatransfer.o(.text)
    CCANDataSimpleSendPost                   0x1a0192c1   Thumb Code   122  datatransfer.o(.text)
    CCANDataFullSendPost                     0x1a01933b   Thumb Code    90  datatransfer.o(.text)
    EthernetDataSendPost                     0x1a019395   Thumb Code   106  datatransfer.o(.text)
    EthernetDatapbCIR30FullSendPost          0x1a0193ff   Thumb Code    90  datatransfer.o(.text)
    CANBusControHandle                       0x1a019541   Thumb Code   142  canbuscontrol.o(.text)
    CANbusControlPeriodHandle                0x1a0195cf   Thumb Code    38  canbuscontrol.o(.text)
    CANNormalCntGet                          0x1a0195f5   Thumb Code    82  canbuscontrol.o(.text)
    UnitConfigInfo_Get                       0x1a019647   Thumb Code    76  canbuscontrol.o(.text)
    UnPackDLE                                0x1a01969d   Thumb Code   158  ptcir.o(.text)
    RemoveHeadAndTail                        0x1a01973b   Thumb Code   124  ptcir.o(.text)
    PackDLE                                  0x1a0197b7   Thumb Code   164  ptcir.o(.text)
    BuildptCIR20Frame                        0x1a01985b   Thumb Code   186  ptcir.o(.text)
    BuildptCIR20FrameStream                  0x1a019915   Thumb Code   120  ptcir.o(.text)
    BuildptCIR20FrameStreamByptCIR20Frame    0x1a01998d   Thumb Code    88  ptcir.o(.text)
    BuildptCIR30Frame                        0x1a0199e5   Thumb Code   254  ptcir.o(.text)
    BuildptCIR30FrameStream                  0x1a019ae3   Thumb Code   124  ptcir.o(.text)
    BuildptCIR30FrameStreamByptCIR30Frame    0x1a019b5f   Thumb Code    60  ptcir.o(.text)
    ParseptCIRFrame                          0x1a019b9b   Thumb Code   502  ptcir.o(.text)
    CanClearAllRecvBuffer                    0x1a019d91   Thumb Code    46  ptcan.o(.text)
    CanInit                                  0x1a019dbf   Thumb Code    86  ptcan.o(.text)
    CanGetTickCountCallbackFunc              0x1a019e15   Thumb Code     6  ptcan.o(.text)
    CanSetRecvTimeOut                        0x1a019e1b   Thumb Code     6  ptcan.o(.text)
    CanSetRecvTimeOutEnabled                 0x1a019e21   Thumb Code     6  ptcan.o(.text)
    CanSendDataPackToCanBus                  0x1a019e27   Thumb Code   656  ptcan.o(.text)
    CanSendFrameCallbackFunc                 0x1a01a0b7   Thumb Code     6  ptcan.o(.text)
    CanRemoveTimeOutDataPack                 0x1a01a0bd   Thumb Code    80  ptcan.o(.text)
    CanRecvFirstFrame                        0x1a01a10d   Thumb Code   474  ptcan.o(.text)
    CanRecvMidFrame                          0x1a01a2e7   Thumb Code   154  ptcan.o(.text)
    CanRecvLastFrame                         0x1a01a381   Thumb Code   276  ptcan.o(.text)
    CanRecvDataPackCallbackFunc              0x1a01a495   Thumb Code     6  ptcan.o(.text)
    CanAddFrameToRecvBuffer                  0x1a01a49b   Thumb Code   318  ptcan.o(.text)
    CanGetRecvFrameBufferPtrCallbackFunc     0x1a01a5d9   Thumb Code     6  ptcan.o(.text)
    OS_CPU_SR_Save                           0x1a01a5e5   Thumb Code     0  os_cpu_a.o(.text)
    OS_CPU_SR_Restore                        0x1a01a5ed   Thumb Code     0  os_cpu_a.o(.text)
    OSStartHighRdy                           0x1a01a5f3   Thumb Code     0  os_cpu_a.o(.text)
    OSCtxSw                                  0x1a01a61b   Thumb Code     0  os_cpu_a.o(.text)
    OSIntCtxSw                               0x1a01a625   Thumb Code     0  os_cpu_a.o(.text)
    OS_CPU_PendSVHandler                     0x1a01a62f   Thumb Code     0  os_cpu_a.o(.text)
    OSInitHookBegin                          0x1a01a695   Thumb Code    40  os_cpu_c.o(.text)
    OSInitHookEnd                            0x1a01a6bd   Thumb Code     2  os_cpu_c.o(.text)
    OSTaskCreateHook                         0x1a01a6bf   Thumb Code     2  os_cpu_c.o(.text)
    OSTaskDelHook                            0x1a01a6c1   Thumb Code     2  os_cpu_c.o(.text)
    OSTaskIdleHook                           0x1a01a6c3   Thumb Code     2  os_cpu_c.o(.text)
    OSTaskReturnHook                         0x1a01a6c5   Thumb Code     2  os_cpu_c.o(.text)
    OSTaskStatHook                           0x1a01a6c7   Thumb Code     2  os_cpu_c.o(.text)
    OSTaskStkInit                            0x1a01a6c9   Thumb Code   160  os_cpu_c.o(.text)
    OSTaskSwHook                             0x1a01a769   Thumb Code     2  os_cpu_c.o(.text)
    OSTCBInitHook                            0x1a01a76b   Thumb Code     2  os_cpu_c.o(.text)
    OSTimeTickHook                           0x1a01a76d   Thumb Code    30  os_cpu_c.o(.text)
    OS_CPU_SysTickHandler                    0x1a01a78b   Thumb Code    34  os_cpu_c.o(.text)
    OS_CPU_SysTickInit                       0x1a01a7ad   Thumb Code    44  os_cpu_c.o(.text)
    OS_TaskStatStkChk                        0x1a01a7f5   Thumb Code    54  os_core.o(.text)
    OS_TaskStat                              0x1a01a82b   Thumb Code   140  os_core.o(.text)
    OS_TaskIdle                              0x1a01a8e1   Thumb Code    34  os_core.o(.text)
    OS_MemClr                                0x1a01a92d   Thumb Code    18  os_core.o(.text)
    OSInit                                   0x1a01aa2d   Thumb Code    52  os_core.o(.text)
    OSIntEnter                               0x1a01aa61   Thumb Code    28  os_core.o(.text)
    OSIntExit                                0x1a01aa97   Thumb Code   112  os_core.o(.text)
    OSSchedLock                              0x1a01ab07   Thumb Code    50  os_core.o(.text)
    OS_Sched                                 0x1a01ab39   Thumb Code    88  os_core.o(.text)
    OSSchedUnlock                            0x1a01ab91   Thumb Code   200  os_core.o(.text)
    OSStart                                  0x1a01ac59   Thumb Code    48  os_core.o(.text)
    OSStatInit                               0x1a01ac89   Thumb Code    62  os_core.o(.text)
    OSTimeTick                               0x1a01acc7   Thumb Code   218  os_core.o(.text)
    OSVersion                                0x1a01ada1   Thumb Code     6  os_core.o(.text)
    OS_Dummy                                 0x1a01ada7   Thumb Code     2  os_core.o(.text)
    OS_EventTaskRemove                       0x1a01ada9   Thumb Code    42  os_core.o(.text)
    OS_EventTaskRdy                          0x1a01add3   Thumb Code   118  os_core.o(.text)
    OS_EventTaskWait                         0x1a01ae49   Thumb Code   112  os_core.o(.text)
    OS_EventWaitListInit                     0x1a01aeb9   Thumb Code    28  os_core.o(.text)
    OS_MemCopy                               0x1a01aed5   Thumb Code    20  os_core.o(.text)
    OS_StrLen                                0x1a01aee9   Thumb Code    28  os_core.o(.text)
    OS_TCBInit                               0x1a01af05   Thumb Code   298  os_core.o(.text)
    OSFlagAccept                             0x1a01b075   Thumb Code   262  os_flag.o(.text)
    OSFlagCreate                             0x1a01b17b   Thumb Code    86  os_flag.o(.text)
    OS_FlagUnlink                            0x1a01b1d1   Thumb Code    36  os_flag.o(.text)
    OSFlagDel                                0x1a01b257   Thumb Code   226  os_flag.o(.text)
    OSFlagNameGet                            0x1a01b339   Thumb Code   100  os_flag.o(.text)
    OSFlagNameSet                            0x1a01b39d   Thumb Code    82  os_flag.o(.text)
    OSFlagPend                               0x1a01b487   Thumb Code   634  os_flag.o(.text)
    OSFlagPendGetFlagsRdy                    0x1a01b701   Thumb Code    28  os_flag.o(.text)
    OSFlagPost                               0x1a01b71d   Thumb Code   330  os_flag.o(.text)
    OSFlagQuery                              0x1a01b867   Thumb Code    58  os_flag.o(.text)
    OS_FlagInit                              0x1a01b8a1   Thumb Code    78  os_flag.o(.text)
    OSMemCreate                              0x1a01b8fd   Thumb Code   164  os_mem.o(.text)
    OSMemGet                                 0x1a01b9a1   Thumb Code    72  os_mem.o(.text)
    OSMemNameGet                             0x1a01b9e9   Thumb Code    80  os_mem.o(.text)
    OSMemNameSet                             0x1a01ba39   Thumb Code    64  os_mem.o(.text)
    OSMemPut                                 0x1a01ba79   Thumb Code    66  os_mem.o(.text)
    OSMemQuery                               0x1a01babb   Thumb Code    64  os_mem.o(.text)
    OS_MemInit                               0x1a01bafb   Thumb Code    74  os_mem.o(.text)
    OSQAccept                                0x1a01bb55   Thumb Code    98  os_q.o(.text)
    OSQCreate                                0x1a01bbb7   Thumb Code   140  os_q.o(.text)
    OSQDel                                   0x1a01bc43   Thumb Code   246  os_q.o(.text)
    OSQFlush                                 0x1a01bd39   Thumb Code    52  os_q.o(.text)
    OSQPend                                  0x1a01bd6d   Thumb Code   282  os_q.o(.text)
    OSQPendAbort                             0x1a01be87   Thumb Code   138  os_q.o(.text)
    OSQPost                                  0x1a01bf11   Thumb Code   120  os_q.o(.text)
    OSQPostFront                             0x1a01bf89   Thumb Code   142  os_q.o(.text)
    OSQPostOpt                               0x1a01c017   Thumb Code   188  os_q.o(.text)
    OSQQuery                                 0x1a01c0d3   Thumb Code   110  os_q.o(.text)
    OS_QInit                                 0x1a01c141   Thumb Code    74  os_q.o(.text)
    OSSemAccept                              0x1a01c195   Thumb Code    48  os_sem.o(.text)
    OSSemCreate                              0x1a01c1c5   Thumb Code    68  os_sem.o(.text)
    OSSemDel                                 0x1a01c209   Thumb Code   210  os_sem.o(.text)
    OSSemPend                                0x1a01c2db   Thumb Code   230  os_sem.o(.text)
    OSSemPendAbort                           0x1a01c3c1   Thumb Code   138  os_sem.o(.text)
    OSSemPost                                0x1a01c44b   Thumb Code    94  os_sem.o(.text)
    OSSemQuery                               0x1a01c4a9   Thumb Code    88  os_sem.o(.text)
    OSSemSet                                 0x1a01c501   Thumb Code    74  os_sem.o(.text)
    OSTaskChangePrio                         0x1a01c55d   Thumb Code   344  os_task.o(.text)
    OSTaskCreate                             0x1a01c6b5   Thumb Code   156  os_task.o(.text)
    OS_TaskStkClr                            0x1a01c751   Thumb Code    26  os_task.o(.text)
    OSTaskCreateExt                          0x1a01c76b   Thumb Code   178  os_task.o(.text)
    OSTaskDel                                0x1a01c81d   Thumb Code   302  os_task.o(.text)
    OSTaskDelReq                             0x1a01c94b   Thumb Code   152  os_task.o(.text)
    OSTaskResume                             0x1a01c9e3   Thumb Code   168  os_task.o(.text)
    OSTaskStkChk                             0x1a01ca8b   Thumb Code   146  os_task.o(.text)
    OSTaskSuspend                            0x1a01cb1d   Thumb Code   172  os_task.o(.text)
    OSTaskQuery                              0x1a01cbc9   Thumb Code   100  os_task.o(.text)
    OSTaskRegGet                             0x1a01cc2d   Thumb Code    86  os_task.o(.text)
    OSTaskRegGetID                           0x1a01cc83   Thumb Code    58  os_task.o(.text)
    OSTaskRegSet                             0x1a01ccbd   Thumb Code    84  os_task.o(.text)
    OS_TaskReturn                            0x1a01cd11   Thumb Code    18  os_task.o(.text)
    OSTimeDly                                0x1a01cd3d   Thumb Code   100  os_time.o(.text)
    OSTimeDlyHMSM                            0x1a01cda1   Thumb Code   124  os_time.o(.text)
    OSTimeDlyResume                          0x1a01ce1d   Thumb Code   176  os_time.o(.text)
    OSTimeGet                                0x1a01cecd   Thumb Code    24  os_time.o(.text)
    OSTimeSet                                0x1a01cee5   Thumb Code    24  os_time.o(.text)
    OSTmrCreate                              0x1a01cf4b   Thumb Code   154  os_tmr.o(.text)
    OSTmrDel                                 0x1a01d05d   Thumb Code   134  os_tmr.o(.text)
    OSTmrNameGet                             0x1a01d0e3   Thumb Code   134  os_tmr.o(.text)
    OSTmrRemainGet                           0x1a01d169   Thumb Code   172  os_tmr.o(.text)
    OSTmrStateGet                            0x1a01d215   Thumb Code    96  os_tmr.o(.text)
    OSTmrStart                               0x1a01d2d9   Thumb Code   168  os_tmr.o(.text)
    OSTmrStop                                0x1a01d381   Thumb Code   190  os_tmr.o(.text)
    OSTmrSignal                              0x1a01d43f   Thumb Code    16  os_tmr.o(.text)
    OSTmr_Init                               0x1a01d4e9   Thumb Code   152  os_tmr.o(.text)
    CPU_IntDis                               0x1a01d5b1   Thumb Code     0  cpu_a.o(.text)
    CPU_IntEn                                0x1a01d5b5   Thumb Code     0  cpu_a.o(.text)
    CPU_SR_Save                              0x1a01d5b9   Thumb Code     0  cpu_a.o(.text)
    CPU_SR_Restore                           0x1a01d5c1   Thumb Code     0  cpu_a.o(.text)
    CPU_WaitForInt                           0x1a01d5c7   Thumb Code     0  cpu_a.o(.text)
    CPU_WaitForExcept                        0x1a01d5cb   Thumb Code     0  cpu_a.o(.text)
    CPU_CntLeadZeros                         0x1a01d5cf   Thumb Code     0  cpu_a.o(.text)
    CPU_CntTrailZeros                        0x1a01d5d5   Thumb Code     0  cpu_a.o(.text)
    CPU_RevBits                              0x1a01d5df   Thumb Code     0  cpu_a.o(.text)
    Reset_Handler                            0x1a01d5e5   Thumb Code     8  startup_lpc43xx.o(.text)
    NMI_Handler                              0x1a01d5ed   Thumb Code     2  startup_lpc43xx.o(.text)
    HardFault_Handler                        0x1a01d5ef   Thumb Code     2  startup_lpc43xx.o(.text)
    MemManage_Handler                        0x1a01d5f1   Thumb Code     2  startup_lpc43xx.o(.text)
    BusFault_Handler                         0x1a01d5f3   Thumb Code     2  startup_lpc43xx.o(.text)
    UsageFault_Handler                       0x1a01d5f5   Thumb Code     2  startup_lpc43xx.o(.text)
    SVC_Handler                              0x1a01d5f7   Thumb Code     2  startup_lpc43xx.o(.text)
    DebugMon_Handler                         0x1a01d5f9   Thumb Code     2  startup_lpc43xx.o(.text)
    ADC0_IRQHandler                          0x1a01d5ff   Thumb Code     0  startup_lpc43xx.o(.text)
    ADC1_IRQHandler                          0x1a01d5ff   Thumb Code     0  startup_lpc43xx.o(.text)
    ATIMER_IRQHandler                        0x1a01d5ff   Thumb Code     0  startup_lpc43xx.o(.text)
    DAC_IRQHandler                           0x1a01d5ff   Thumb Code     0  startup_lpc43xx.o(.text)
    DMA_IRQHandler                           0x1a01d5ff   Thumb Code     0  startup_lpc43xx.o(.text)
    EVRT_IRQHandler                          0x1a01d5ff   Thumb Code     0  startup_lpc43xx.o(.text)
    EZH_IRQHandler                           0x1a01d5ff   Thumb Code     0  startup_lpc43xx.o(.text)
    FLASH_EEPROM_IRQHandler                  0x1a01d5ff   Thumb Code     0  startup_lpc43xx.o(.text)
    GINT0_IRQHandler                         0x1a01d5ff   Thumb Code     0  startup_lpc43xx.o(.text)
    GINT1_IRQHandler                         0x1a01d5ff   Thumb Code     0  startup_lpc43xx.o(.text)
    GPIO0_IRQHandler                         0x1a01d5ff   Thumb Code     0  startup_lpc43xx.o(.text)
    GPIO1_IRQHandler                         0x1a01d5ff   Thumb Code     0  startup_lpc43xx.o(.text)
    GPIO2_IRQHandler                         0x1a01d5ff   Thumb Code     0  startup_lpc43xx.o(.text)
    GPIO3_IRQHandler                         0x1a01d5ff   Thumb Code     0  startup_lpc43xx.o(.text)
    GPIO4_IRQHandler                         0x1a01d5ff   Thumb Code     0  startup_lpc43xx.o(.text)
    GPIO5_IRQHandler                         0x1a01d5ff   Thumb Code     0  startup_lpc43xx.o(.text)
    GPIO6_IRQHandler                         0x1a01d5ff   Thumb Code     0  startup_lpc43xx.o(.text)
    GPIO7_IRQHandler                         0x1a01d5ff   Thumb Code     0  startup_lpc43xx.o(.text)
    I2C0_IRQHandler                          0x1a01d5ff   Thumb Code     0  startup_lpc43xx.o(.text)
    I2C1_IRQHandler                          0x1a01d5ff   Thumb Code     0  startup_lpc43xx.o(.text)
    I2S0_IRQHandler                          0x1a01d5ff   Thumb Code     0  startup_lpc43xx.o(.text)
    I2S1_IRQHandler                          0x1a01d5ff   Thumb Code     0  startup_lpc43xx.o(.text)
    LCD_IRQHandler                           0x1a01d5ff   Thumb Code     0  startup_lpc43xx.o(.text)
    M0CORE_IRQHandler                        0x1a01d5ff   Thumb Code     0  startup_lpc43xx.o(.text)
    M0s_IRQHandler                           0x1a01d5ff   Thumb Code     0  startup_lpc43xx.o(.text)
    MCPWM_IRQHandler                         0x1a01d5ff   Thumb Code     0  startup_lpc43xx.o(.text)
    QEI_IRQHandler                           0x1a01d5ff   Thumb Code     0  startup_lpc43xx.o(.text)
    RIT_IRQHandler                           0x1a01d5ff   Thumb Code     0  startup_lpc43xx.o(.text)
    RTC_IRQHandler                           0x1a01d5ff   Thumb Code     0  startup_lpc43xx.o(.text)
    SCT_IRQHandler                           0x1a01d5ff   Thumb Code     0  startup_lpc43xx.o(.text)
    SDIO_IRQHandler                          0x1a01d5ff   Thumb Code     0  startup_lpc43xx.o(.text)
    SGPIO_IRQHandler                         0x1a01d5ff   Thumb Code     0  startup_lpc43xx.o(.text)
    SPIFI_IRQHandler                         0x1a01d5ff   Thumb Code     0  startup_lpc43xx.o(.text)
    SPI_IRQHandler                           0x1a01d5ff   Thumb Code     0  startup_lpc43xx.o(.text)
    SSP0_IRQHandler                          0x1a01d5ff   Thumb Code     0  startup_lpc43xx.o(.text)
    SSP1_IRQHandler                          0x1a01d5ff   Thumb Code     0  startup_lpc43xx.o(.text)
    TIMER1_IRQHandler                        0x1a01d5ff   Thumb Code     0  startup_lpc43xx.o(.text)
    TIMER2_IRQHandler                        0x1a01d5ff   Thumb Code     0  startup_lpc43xx.o(.text)
    TIMER3_IRQHandler                        0x1a01d5ff   Thumb Code     0  startup_lpc43xx.o(.text)
    UART2_IRQHandler                         0x1a01d5ff   Thumb Code     0  startup_lpc43xx.o(.text)
    USB0_IRQHandler                          0x1a01d5ff   Thumb Code     0  startup_lpc43xx.o(.text)
    USB1_IRQHandler                          0x1a01d5ff   Thumb Code     0  startup_lpc43xx.o(.text)
    VADC_IRQHandler                          0x1a01d5ff   Thumb Code     0  startup_lpc43xx.o(.text)
    WDT_IRQHandler                           0x1a01d5ff   Thumb Code     0  startup_lpc43xx.o(.text)
    SetClock                                 0x1a01d609   Thumb Code   386  system_lpc43xx.o(.text)
    MeasureFreq                              0x1a01d78b   Thumb Code    92  system_lpc43xx.o(.text)
    GetClkSel                                0x1a01d7e7   Thumb Code   170  system_lpc43xx.o(.text)
    GetClockFreq                             0x1a01d891   Thumb Code   196  system_lpc43xx.o(.text)
    SystemCoreClockUpdate                    0x1a01d955   Thumb Code    22  system_lpc43xx.o(.text)
    SetFlashAcceleration                     0x1a01d96b   Thumb Code    44  system_lpc43xx.o(.text)
    Peripheral_Reset                         0x1a01d997   Thumb Code    42  system_lpc43xx.o(.text)
    SystemInit                               0x1a01d9c1   Thumb Code   156  system_lpc43xx.o(.text)
    SPI_Check                                0x1a01da5d   Thumb Code   126  target.o(.text)
    Target_INIT                              0x1a01dadb   Thumb Code    98  target.o(.text)
    LED_Init                                 0x1a01db61   Thumb Code   168  led.o(.text)
    LED_On                                   0x1a01dc09   Thumb Code    14  led.o(.text)
    LED_Off                                  0x1a01dc17   Thumb Code    12  led.o(.text)
    Uart_Pin_Init                            0x1a01dc89   Thumb Code   106  gpio.o(.text)
    CAN_Pin_Init                             0x1a01dcf3   Thumb Code    70  gpio.o(.text)
    Net_Pin_Init                             0x1a01dd39   Thumb Code    74  gpio.o(.text)
    HWVer_GPIO_Init                          0x1a01dd83   Thumb Code    94  gpio.o(.text)
    Location_GPIO_Init                       0x1a01dde1   Thumb Code    96  gpio.o(.text)
    SSP0_Reset_Pin_Init                      0x1a01de41   Thumb Code    78  gpio.o(.text)
    SSP0_Pin_Init                            0x1a01de8f   Thumb Code    62  gpio.o(.text)
    I2S_Pin_Init                             0x1a01decd   Thumb Code    64  gpio.o(.text)
    Codec_Reset_Pin_Init                     0x1a01df0d   Thumb Code    78  gpio.o(.text)
    GSMR_GPIO_Init                           0x1a01df5b   Thumb Code    76  gpio.o(.text)
    UART_Data_RevFmtProc                     0x1a01dfc5   Thumb Code   100  uartrxpro.o(.text)
    UART3_QueueProc                          0x1a01e051   Thumb Code     2  uartrxpro.o(.text)
    UART1_QueueProc                          0x1a01e053   Thumb Code   118  uartrxpro.o(.text)
    UART0_QueueProc                          0x1a01e0c9   Thumb Code     2  uartrxpro.o(.text)
    Uart_QueueProc                           0x1a01e0cb   Thumb Code    16  uartrxpro.o(.text)
    Board_Uart_Init                          0x1a01e0db   Thumb Code    76  uartrxpro.o(.text)
    sys_error                                0x1a01e13d   Thumb Code    36  net_config.o(.text)
    init_system                              0x1a01e161   Thumb Code    34  net_config.o(.text)
    run_system                               0x1a01e183   Thumb Code    22  net_config.o(.text)
    dhcp_disable                             0x1a01e199   Thumb Code     2  net_config.o(.text)
    ppp_send_frame                           0x1a01e19b   Thumb Code     4  net_config.o(.text)
    slip_send_frame                          0x1a01e19f   Thumb Code     4  net_config.o(.text)
    tcp_process                              0x1a01e1a3   Thumb Code     2  net_config.o(.text)
    sntp_get_time                            0x1a01e1a5   Thumb Code     4  net_config.o(.text)
    CCAN_QueueProc                           0x1a01e1a9   Thumb Code    78  canrxpro.o(.text)
    CanGetRecvFrameBufferPtrCallbackFuncFn   0x1a01e263   Thumb Code   270  canrxpro.o(.text)
    Board_Can_Init                           0x1a01e371   Thumb Code    66  canrxpro.o(.text)
    Debug_Output_CAN                         0x1a01e3e5   Thumb Code   110  debugout.o(.text)
    Debug_Output_Ethernet                    0x1a01e453   Thumb Code   176  debugout.o(.text)
    __aeabi_uldivmod                         0x1a01e509   Thumb Code    98  uldiv.o(.text)
    __aeabi_memcpy                           0x1a01e56b   Thumb Code    36  memcpya.o(.text)
    __aeabi_memcpy4                          0x1a01e56b   Thumb Code     0  memcpya.o(.text)
    __aeabi_memcpy8                          0x1a01e56b   Thumb Code     0  memcpya.o(.text)
    __aeabi_memset                           0x1a01e58f   Thumb Code    14  memseta.o(.text)
    __aeabi_memset4                          0x1a01e58f   Thumb Code     0  memseta.o(.text)
    __aeabi_memset8                          0x1a01e58f   Thumb Code     0  memseta.o(.text)
    __aeabi_memclr                           0x1a01e59d   Thumb Code     4  memseta.o(.text)
    __aeabi_memclr4                          0x1a01e59d   Thumb Code     0  memseta.o(.text)
    __aeabi_memclr8                          0x1a01e59d   Thumb Code     0  memseta.o(.text)
    _memset$wrapper                          0x1a01e5a1   Thumb Code    18  memseta.o(.text)
    strcat                                   0x1a01e5b3   Thumb Code    24  strcat.o(.text)
    strstr                                   0x1a01e5cb   Thumb Code    36  strstr.o(.text)
    strlen                                   0x1a01e5ef   Thumb Code    14  strlen.o(.text)
    strcmp                                   0x1a01e5fd   Thumb Code    28  strcmp.o(.text)
    memcmp                                   0x1a01e619   Thumb Code    26  memcmp.o(.text)
    strcpy                                   0x1a01e633   Thumb Code    18  strcpy.o(.text)
    atoi                                     0x1a01e645   Thumb Code    26  atoi.o(.text)
    __aeabi_fadd                             0x1a01e65f   Thumb Code   164  fadd.o(.text)
    __aeabi_fsub                             0x1a01e703   Thumb Code     6  fadd.o(.text)
    __aeabi_frsub                            0x1a01e709   Thumb Code     6  fadd.o(.text)
    __aeabi_dadd                             0x1a01e70f   Thumb Code   322  dadd.o(.text)
    __aeabi_dsub                             0x1a01e851   Thumb Code     6  dadd.o(.text)
    __aeabi_drsub                            0x1a01e857   Thumb Code     6  dadd.o(.text)
    __aeabi_dmul                             0x1a01e85d   Thumb Code   228  dmul.o(.text)
    __aeabi_ddiv                             0x1a01e941   Thumb Code   222  ddiv.o(.text)
    __aeabi_ui2d                             0x1a01ea1f   Thumb Code    26  dfltui.o(.text)
    __aeabi_f2d                              0x1a01ea39   Thumb Code    38  f2d.o(.text)
    __aeabi_cdrcmple                         0x1a01ea61   Thumb Code    38  cdrcmple.o(.text)
    __aeabi_d2f                              0x1a01ea89   Thumb Code    56  d2f.o(.text)
    fgetc                                    0x1a01eac1   Thumb Code     8  fgetc.o(.text)
    __aeabi_uidiv                            0x1a01eac9   Thumb Code     0  uidiv.o(.text)
    __aeabi_uidivmod                         0x1a01eac9   Thumb Code    44  uidiv.o(.text)
    __aeabi_llsl                             0x1a01eaf5   Thumb Code    30  llshl.o(.text)
    _ll_shift_l                              0x1a01eaf5   Thumb Code     0  llshl.o(.text)
    __aeabi_llsr                             0x1a01eb13   Thumb Code    32  llushr.o(.text)
    _ll_ushift_r                             0x1a01eb13   Thumb Code     0  llushr.o(.text)
    __aeabi_lasr                             0x1a01eb33   Thumb Code    36  llsshr.o(.text)
    _ll_sshift_r                             0x1a01eb33   Thumb Code     0  llsshr.o(.text)
    strtol                                   0x1a01eb57   Thumb Code   112  strtol.o(.text)
    __I$use$fp                               0x1a01ebc7   Thumb Code     0  iusefp.o(.text)
    _float_round                             0x1a01ebc7   Thumb Code    18  fepilogue.o(.text)
    _float_epilogue                          0x1a01ebd9   Thumb Code    90  fepilogue.o(.text)
    _double_round                            0x1a01ec33   Thumb Code    26  depilogue.o(.text)
    _double_epilogue                         0x1a01ec4d   Thumb Code   164  depilogue.o(.text)
    __aeabi_d2ulz                            0x1a01ecf1   Thumb Code    48  dfixul.o(.text)
    __scatterload                            0x1a01ed21   Thumb Code    28  init.o(.text)
    __scatterload_rt2                        0x1a01ed21   Thumb Code     0  init.o(.text)
    __rt_ctype_table                         0x1a01ed45   Thumb Code     4  ctype_o.o(.text)
    __semihosting_library_function           0x1a01ed45   Thumb Code     0  semi.o(.text)
    _strtoul                                 0x1a01ed4d   Thumb Code   158  _strtoul.o(.text)
    __I$use$semihosting$fgetc                0x1a01edeb   Thumb Code     0  iusesemig.o(.text)
    _chval                                   0x1a01edeb   Thumb Code    28  _chval.o(.text)
    __decompress                             0x1a01ee07   Thumb Code     0  __dczerorl2.o(.text)
    __decompress1                            0x1a01ee07   Thumb Code    92  __dczerorl2.o(.text)
    Chip_CCAN_ClearNewDataFlag               0x1a01ee63   Thumb Code    22  c_can.o(i.Chip_CCAN_ClearNewDataFlag)
    Chip_CCAN_GetInterruptMsg                0x1a01ee79   Thumb Code    16  c_can.o(i.Chip_CCAN_GetInterruptMsg)
    GetPLL1Param                             0x1a01ee89   Thumb Code    68  system_lpc43xx.o(i.GetPLL1Param)
    __0sprintf                               0x1a01eed1   Thumb Code    34  printfa.o(i.__0sprintf)
    __1sprintf                               0x1a01eed1   Thumb Code     0  printfa.o(i.__0sprintf)
    __2sprintf                               0x1a01eed1   Thumb Code     0  printfa.o(i.__0sprintf)
    __c89sprintf                             0x1a01eed1   Thumb Code     0  printfa.o(i.__0sprintf)
    sprintf                                  0x1a01eed1   Thumb Code     0  printfa.o(i.__0sprintf)
    __0vsnprintf                             0x1a01eef9   Thumb Code    32  printfa.o(i.__0vsnprintf)
    __1vsnprintf                             0x1a01eef9   Thumb Code     0  printfa.o(i.__0vsnprintf)
    __2vsnprintf                             0x1a01eef9   Thumb Code     0  printfa.o(i.__0vsnprintf)
    __c89vsnprintf                           0x1a01eef9   Thumb Code     0  printfa.o(i.__0vsnprintf)
    vsnprintf                                0x1a01eef9   Thumb Code     0  printfa.o(i.__0vsnprintf)
    __aeabi_errno_addr                       0x1a01ef1d   Thumb Code     4  errno.o(i.__aeabi_errno_addr)
    __rt_errno_addr                          0x1a01ef1d   Thumb Code     0  errno.o(i.__aeabi_errno_addr)
    __scatterload_copy                       0x1a01ef25   Thumb Code    14  handlers.o(i.__scatterload_copy)
    __scatterload_null                       0x1a01ef33   Thumb Code     2  handlers.o(i.__scatterload_null)
    __scatterload_zeroinit                   0x1a01ef35   Thumb Code    14  handlers.o(i.__scatterload_zeroinit)
    alloc_mem                                0x1a01f809   Thumb Code   174  at_mem.o(i.alloc_mem)
    arp_cache_add                            0x1a01f8c1   Thumb Code   174  at_arp.o(i.arp_cache_add)
    arp_cache_early                          0x1a01fa01   Thumb Code   142  at_arp.o(i.arp_cache_early)
    arp_cache_find                           0x1a01fa99   Thumb Code   168  at_arp.o(i.arp_cache_find)
    arp_cache_update                         0x1a01fb4d   Thumb Code   228  at_arp.o(i.arp_cache_update)
    arp_init                                 0x1a01fc41   Thumb Code    34  at_arp.o(i.arp_init)
    arp_notify                               0x1a01fca1   Thumb Code    26  at_arp.o(i.arp_notify)
    arp_process                              0x1a01fd51   Thumb Code   294  at_arp.o(i.arp_process)
    calc_chksum16be                          0x1a01ffe1   Thumb Code    18  at_lib.o(i.calc_chksum16be)
    chksum16_buf                             0x1a01fff5   Thumb Code    40  at_lib.o(i.chksum16_buf)
    chksum16_val                             0x1a02001d   Thumb Code    10  at_lib.o(i.chksum16_val)
    eth_chk_adr                              0x1a020029   Thumb Code    10  at_ethernet.o(i.eth_chk_adr)
    eth_init_link                            0x1a020039   Thumb Code    40  at_ethernet.o(i.eth_init_link)
    eth_run_link                             0x1a02006d   Thumb Code   194  at_ethernet.o(i.eth_run_link)
    eth_send_frame                           0x1a020141   Thumb Code   150  at_ethernet.o(i.eth_send_frame)
    fread                                    0x1a0201e9   Thumb Code    52  fread.o(i.fread)
    free_mem                                 0x1a02021d   Thumb Code   124  at_mem.o(i.free_mem)
    get_rnd32                                0x1a0202c9   Thumb Code    18  at_system.o(i.get_rnd32)
    icmp_init                                0x1a0202e5   Thumb Code    10  at_icmp.o(i.icmp_init)
    icmp_process                             0x1a0202f5   Thumb Code   198  at_icmp.o(i.icmp_process)
    icmp_run_engine                          0x1a0203c1   Thumb Code    58  at_icmp.o(i.icmp_run_engine)
    ifree_mem                                0x1a020479   Thumb Code    48  at_mem.o(i.ifree_mem)
    igmp_init                                0x1a0204d1   Thumb Code    34  at_igmp.o(i.igmp_init)
    igmp_is_member                           0x1a0204fd   Thumb Code    30  at_igmp.o(i.igmp_is_member)
    igmp_process                             0x1a020559   Thumb Code   230  at_igmp.o(i.igmp_process)
    igmp_run_host                            0x1a02064d   Thumb Code   112  at_igmp.o(i.igmp_run_host)
    init_TcpNet                              0x1a020739   Thumb Code    38  at_system.o(i.init_TcpNet)
    init_mem                                 0x1a020769   Thumb Code    86  at_mem.o(i.init_mem)
    ip_chk_frame                             0x1a0207c9   Thumb Code   190  at_ip.o(i.ip_chk_frame)
    ip_get_locadr                            0x1a02089d   Thumb Code   166  at_ip.o(i.ip_get_locadr)
    ip_init                                  0x1a020955   Thumb Code     8  at_ip.o(i.ip_init)
    ip_run_local                             0x1a020961   Thumb Code    82  at_ip.o(i.ip_run_local)
    ip_send_frame                            0x1a0209bd   Thumb Code   328  at_ip.o(i.ip_send_frame)
    is_subnet                                0x1a020b0d   Thumb Code    20  at_lib.o(i.is_subnet)
    main_TcpNet                              0x1a020b21   Thumb Code    86  at_system.o(i.main_TcpNet)
    mem_comp                                 0x1a020b85   Thumb Code    24  at_lib.o(i.mem_comp)
    mem_copy                                 0x1a020b9d   Thumb Code    22  at_lib.o(i.mem_copy)
    mem_crc32                                0x1a020bb3   Thumb Code    32  at_lib.o(i.mem_crc32)
    mem_set                                  0x1a020bd3   Thumb Code    10  at_lib.o(i.mem_set)
    mem_test                                 0x1a020bdd   Thumb Code    20  at_lib.o(i.mem_test)
    nbns_init                                0x1a020bf1   Thumb Code    32  at_nbns.o(i.nbns_init)
    nrd_u32be                                0x1a020d79   Thumb Code    22  at_lib.o(i.nrd_u32be)
    put_in_queue                             0x1a020d91   Thumb Code    36  at_ethernet.o(i.put_in_queue)
    str_up_case                              0x1a020db9   Thumb Code    26  at_lib.o(i.str_up_case)
    timer_tick                               0x1a020dd5   Thumb Code    14  at_system.o(i.timer_tick)
    udp_get_buf                              0x1a020de9   Thumb Code    32  at_udp.o(i.udp_get_buf)
    udp_get_socket                           0x1a020e09   Thumb Code    62  at_udp.o(i.udp_get_socket)
    udp_init                                 0x1a020e4d   Thumb Code    18  at_udp.o(i.udp_init)
    udp_open                                 0x1a020e65   Thumb Code    96  at_udp.o(i.udp_open)
    udp_process                              0x1a020ef9   Thumb Code   178  at_udp.o(i.udp_process)
    udp_send                                 0x1a020fb1   Thumb Code   280  at_udp.o(i.udp_send)
    CGU_Entity_ControlReg_Offset             0x1a0210e4   Data          90  lpc43xx_cgu.o(.constdata)
    CGU_ConnectAlloc_Tbl                     0x1a02113e   Data         765  lpc43xx_cgu.o(.constdata)
    CGU_PERIPHERAL_Info                      0x1a02143c   Data         400  lpc43xx_cgu.o(.constdata)
    g_Crc_table16                            0x1a021608   Data         512  crc.o(.constdata)
    g_Crc_table8                             0x1a021808   Data         256  crc.o(.constdata)
    g_UnitPortNetPortJPTable                 0x1a021968   Data         888  cmddefine.o(.constdata)
    g_AddrPortTable                          0x1a021ce0   Data         384  cmddefine.o(.constdata)
    OSUnMapTbl                               0x1a021e60   Data         256  os_core.o(.constdata)
    led_mask                                 0x1a021f60   Data          24  led.o(.constdata)
    sys_config                               0x1a021f78   Data          16  net_config.o(.constdata)
    arp_config                               0x1a021f88   Data          12  net_config.o(.constdata)
    igmp_config                              0x1a021f94   Data           8  net_config.o(.constdata)
    udp_config                               0x1a021f9c   Data           8  net_config.o(.constdata)
    IP_Broadcast                             0x1a021faa   Data           4  at_ip.o(.constdata)
    MAC_Broadcast                            0x1a021fc2   Data           6  at_ethernet.o(.constdata)
    __ctype_table                            0x1a021fc8   Data         129  ctype_o.o(.constdata)
    Region$$Table$$Base                      0x1a022140   Number         0  anon$$obj.o(Region$$Table)
    Region$$Table$$Limit                     0x1a0221a0   Number         0  anon$$obj.o(Region$$Table)
    NETFlag                                  0x20000000   Data           4  appnetpro.o(.data)
    CheckSem                                 0x20000014   Data           4  updataslave.o(.data)
    AppTaskStartStk                          0x2000004c   Data        4096  task.o(.bss)
    AppTaskMsgDispatchStk                    0x2000104c   Data       20480  task.o(.bss)
    AppTaskMsgTxStk                          0x2000604c   Data        2048  task.o(.bss)
    AppTaskMsgRxStk                          0x2000684c   Data        2048  task.o(.bss)
    AppTaskNetStk                            0x2000704c   Data        2048  task.o(.bss)
    g_MsgDispatchTbl                         0x2000784c   Data          64  task.o(.bss)
    g_MsgUart0TxTbl                          0x2000788c   Data          32  task.o(.bss)
    g_MsgUart1TxTbl                          0x200078ac   Data          32  task.o(.bss)
    g_MsgUart2TxTbl                          0x200078cc   Data          32  task.o(.bss)
    g_MsgUart3TxTbl                          0x200078ec   Data          32  task.o(.bss)
    g_MsgCan0TxTbl                           0x2000790c   Data          32  task.o(.bss)
    g_MsgCan1TxTbl                           0x2000792c   Data          32  task.o(.bss)
    g_MsgTxTbl                               0x2000794c   Data          64  task.o(.bss)
    g_NetTXMsgTbl                            0x2000798c   Data          32  task.o(.bss)
    CANRxqueue                               0x200097dc   Data        3588  c_can.o(.bss)
    g_RecvFrameBuffer                        0x2000c41c   Data         120  ptcan.o(.bss)
    OS_CPU_ExceptStk                         0x2000c494   Data         512  os_cpu_c.o(.bss)
    OSEventTbl                               0x2000c694   Data         256  os_core.o(.bss)
    OSFlagTbl                                0x2000c794   Data          80  os_core.o(.bss)
    OSTaskStatStk                            0x2000c7e4   Data         512  os_core.o(.bss)
    OSTaskIdleStk                            0x2000c9e4   Data         512  os_core.o(.bss)
    OSTCBPrioTbl                             0x2000cbe4   Data         128  os_core.o(.bss)
    OSTCBTbl                                 0x2000cc64   Data        1360  os_core.o(.bss)
    OSMemTbl                                 0x2000d1b4   Data         240  os_core.o(.bss)
    OSQTbl                                   0x2000d2a4   Data         360  os_core.o(.bss)
    OSTmrTbl                                 0x2000d40c   Data         320  os_core.o(.bss)
    OSTmrTaskStk                             0x2000d54c   Data         512  os_core.o(.bss)
    OSTmrWheelTbl                            0x2000d74c   Data          64  os_core.o(.bss)
    localm                                   0x2000d79c   Data          60  at_system.o(.bss)
    sys_control                              0x2000d7d8   Data          16  at_system.o(.bss)
    __initial_sp                             0x2000d8e8   Data           0  startup_lpc43xx.o(STACK)



==============================================================================

Memory Map of the image

  Image Entry point : 0x1a010115

  Load Region LR_IROM1 (Base: 0x1a010000, Size: 0x000124b0, Max: 0x00070000, ABSOLUTE, COMPRESSED[0x0001234c])

    Execution Region RW_IRAM1 (Base: 0x10000000, Size: 0x000058ec, Max: 0x00008000, ABSOLUTE, COMPRESSED[0x00000050])

    Base Addr    Size         Type   Attr      Idx    E Section Name        Object

    0x10000000   0x00000024   Data   RW           43    .data               task.o
    0x10000024   0x00000002   Data   RW          163    .data               taskstartprc.o
    0x10000026   0x0000001e   Data   RW          317    .data               appmsgtxpro.o
    0x10000044   0x00000018   Data   RW          358    .data               memmanage.o
    0x1000005c   0x00000044   Data   RW          604    .data               lpc43xx_cgu.o
    0x100000a0   0x00000012   Data   RW          814    .data               c_can.o
    0x100000b2   0x00000040   Data   RW         1113    .data               md5.o
    0x100000f2   0x00000002   PAD
    0x100000f4   0x00000006   Data   RW         1271    .data               os_cpu_c.o
    0x100000fa   0x00000002   PAD
    0x100000fc   0x00000060   Data   RW         1304    .data               os_core.o
    0x1000015c   0x00000004   Data   RW         1442    .data               system_lpc43xx.o
    0x10000160   0x00000052   Data   RW         1601    .data               net_config.o
    0x100001b2   0x00000002   Data   RW         1761    .data               TCP_CM3.lib(at_udp.o)
    0x100001b4   0x0000129c   Zero   RW          528    .bss                updataslave.o
    0x10001450   0x00001880   Zero   RW         1022    .bss                eth_lpc43xx.o
    0x10002cd0   0x00002000   Zero   RW         1481    .bss                target.o
    0x10004cd0   0x00000c0c   Zero   RW         1566    .bss                uartrxpro.o
    0x100058dc   0x00000010   Zero   RW         1800    .bss                TCP_CM3.lib(at_mem.o)


    Execution Region RW_IRAM3 (Base: 0x10080000, Size: 0x000078f0, Max: 0x0000a000, ABSOLUTE)

    Base Addr    Size         Type   Attr      Idx    E Section Name        Object

    0x10080000   0x00000012   Data   RW          390    .data               ledcontrol.o
    0x10080012   0x00000006   Data   RW          408    .data               appdefine.o
    0x10080018   0x00000004   Data   RW          700    .data               lpc43xx_i2c.o
    0x1008001c   0x00000040   Data   RW          929    .data               spifilib_dev_common.o
    0x1008005c   0x00000002   Data   RW         1023    .data               eth_lpc43xx.o
    0x1008005e   0x00000002   PAD
    0x10080060   0x0000006c   Data   RW         1208    .data               canbuscontrol.o
    0x100800cc   0x00000030   Data   RW         1243    .data               ptcan.o
    0x100800fc   0x0000000c   Data   RW         1711    .data               TCP_CM3.lib(at_ip.o)
    0x10080108   0x00000004   Data   RW         1739    .data               TCP_CM3.lib(at_igmp.o)
    0x1008010c   0x00000001   Data   RW         1777    .data               TCP_CM3.lib(at_nbns.o)
    0x1008010d   0x00000003   PAD
    0x10080110   0x00000c1b   Zero   RW          270    .bss                appmsgdispatchpro.o
    0x10080d2b   0x00000001   PAD
    0x10080d2c   0x00003c00   Zero   RW          357    .bss                memmanage.o
    0x1008492c   0x00000010   Zero   RW          372    .bss                apptime.o
    0x1008493c   0x00000056   Zero   RW          407    .bss                appdefine.o
    0x10084992   0x00000002   PAD
    0x10084994   0x0000004c   Zero   RW          949    .bss                spifilib_fam_mac_2b_stat.o
    0x100849e0   0x0000001c   Zero   RW          971    .bss                spiflash.o
    0x100849fc   0x00001930   Zero   RW         1599    .bss                net_config.o
    0x1008632c   0x00001540   Zero   RW         1621    .bss                canrxpro.o
    0x1008786c   0x00000084   Zero   RW         1786    .bss                TCP_CM3.lib(at_ethernet.o)


    Execution Region ER_IROM1 (Base: 0x1a010000, Size: 0x000121a0, Max: 0x00070000, ABSOLUTE)

    Base Addr    Size         Type   Attr      Idx    E Section Name        Object

    0x1a010000   0x00000114   Data   RO         1434    RESET               startup_lpc43xx.o
    0x1a010114   0x00000000   Code   RO         1867  * .ARM.Collect$$$$00000000  mc_w.l(entry.o)
    0x1a010114   0x00000004   Code   RO         2177    .ARM.Collect$$$$00000001  mc_w.l(entry2.o)
    0x1a010118   0x00000004   Code   RO         2180    .ARM.Collect$$$$00000004  mc_w.l(entry5.o)
    0x1a01011c   0x00000000   Code   RO         2182    .ARM.Collect$$$$00000008  mc_w.l(entry7b.o)
    0x1a01011c   0x00000000   Code   RO         2184    .ARM.Collect$$$$0000000A  mc_w.l(entry8b.o)
    0x1a01011c   0x00000008   Code   RO         2185    .ARM.Collect$$$$0000000B  mc_w.l(entry9a.o)
    0x1a010124   0x00000000   Code   RO         2187    .ARM.Collect$$$$0000000D  mc_w.l(entry10a.o)
    0x1a010124   0x00000000   Code   RO         2189    .ARM.Collect$$$$0000000F  mc_w.l(entry11a.o)
    0x1a010124   0x00000004   Code   RO         2178    .ARM.Collect$$$$00002712  mc_w.l(entry2.o)
    0x1a010128   0x00000044   Code   RO            1    .text               main.o
    0x1a01016c   0x00000180   Code   RO           41    .text               task.o
    0x1a0102ec   0x000000f8   Code   RO          162    .text               taskstartprc.o
    0x1a0103e4   0x0000019c   Code   RO          224    .text               app.o
    0x1a010580   0x00000288   Code   RO          269    .text               appmsgdispatchpro.o
    0x1a010808   0x00000438   Code   RO          315    .text               appmsgtxpro.o
    0x1a010c40   0x00000020   Code   RO          338    .text               appmsgrxpro.o
    0x1a010c60   0x000002cc   Code   RO          356    .text               memmanage.o
    0x1a010f2c   0x00000034   Code   RO          371    .text               apptime.o
    0x1a010f60   0x0000015c   Code   RO          389    .text               ledcontrol.o
    0x1a0110bc   0x00000058   Code   RO          406    .text               appdefine.o
    0x1a011114   0x000002d8   Code   RO          433    .text               appnetpro.o
    0x1a0113ec   0x00000038   Code   RO          507    .text               updateapi.o
    0x1a011424   0x00000948   Code   RO          527    .text               updataslave.o
    0x1a011d6c   0x00000288   Code   RO          564    .text               update.o
    0x1a011ff4   0x00000a00   Code   RO          602    .text               lpc43xx_cgu.o
    0x1a0129f4   0x00000024   Code   RO          632    .text               lpc43xx_scu.o
    0x1a012a18   0x000008dc   Code   RO          652    .text               lpc43xx_uart.o
    0x1a0132f4   0x000000b8   Code   RO          678    .text               lpc43xx_gpio.o
    0x1a0133ac   0x000009dc   Code   RO          698    .text               lpc43xx_i2c.o
    0x1a013d88   0x000003d8   Code   RO          728    .text               lpc43xx_ssp.o
    0x1a014160   0x00000378   Code   RO          771    .text               lpc43xx_timer.o
    0x1a0144d8   0x00000118   Code   RO          792    .text               lpc43xx_rgu.o
    0x1a0145f0   0x000009dc   Code   RO          812    .text               c_can.o
    0x1a014fcc   0x00000522   Code   RO          865    .text               ccan_18xx_43xx.o
    0x1a0154ee   0x00000002   PAD
    0x1a0154f0   0x00000394   Code   RO          889    .text               mx66l51235f.o
    0x1a015884   0x00000720   Code   RO          926    .text               spifilib_dev_common.o
    0x1a015fa4   0x0000056c   Code   RO          948    .text               spifilib_fam_mac_2b_stat.o
    0x1a016510   0x000006e8   Code   RO          970    .text               spiflash.o
    0x1a016bf8   0x00000650   Code   RO          992    .text               uart.o
    0x1a017248   0x0000050c   Code   RO         1021    .text               eth_lpc43xx.o
    0x1a017754   0x00000214   Code   RO         1066    .text               ethernetudp.o
    0x1a017968   0x00000074   Code   RO         1084    .text               ethernetset.o
    0x1a0179dc   0x000000b4   Code   RO         1097    .text               crc.o
    0x1a017a90   0x00000b04   Code   RO         1112    .text               md5.o
    0x1a018594   0x000000d8   Code   RO         1126    .text               version.o
    0x1a01866c   0x00000364   Code   RO         1139    .text               cmddefine.o
    0x1a0189d0   0x000004e2   Code   RO         1156    .text               dataresend.o
    0x1a018eb2   0x00000002   PAD
    0x1a018eb4   0x000005a4   Code   RO         1185    .text               datatransfer.o
    0x1a019458   0x00000244   Code   RO         1207    .text               canbuscontrol.o
    0x1a01969c   0x000006f4   Code   RO         1227    .text               ptcir.o
    0x1a019d90   0x00000854   Code   RO         1241    .text               ptcan.o
    0x1a01a5e4   0x000000b0   Code   RO         1266    .text               os_cpu_a.o
    0x1a01a694   0x00000160   Code   RO         1269    .text               os_cpu_c.o
    0x1a01a7f4   0x00000880   Code   RO         1301    .text               os_core.o
    0x1a01b074   0x00000888   Code   RO         1321    .text               os_flag.o
    0x1a01b8fc   0x00000258   Code   RO         1339    .text               os_mem.o
    0x1a01bb54   0x00000640   Code   RO         1363    .text               os_q.o
    0x1a01c194   0x000003c8   Code   RO         1375    .text               os_sem.o
    0x1a01c55c   0x000007e0   Code   RO         1387    .text               os_task.o
    0x1a01cd3c   0x000001dc   Code   RO         1399    .text               os_time.o
    0x1a01cf18   0x00000698   Code   RO         1411    .text               os_tmr.o
    0x1a01d5b0   0x00000034   Code   RO         1423    .text               cpu_a.o
    0x1a01d5e4   0x00000024   Code   RO         1435    .text               startup_lpc43xx.o
    0x1a01d608   0x00000454   Code   RO         1441    .text               system_lpc43xx.o
    0x1a01da5c   0x00000104   Code   RO         1480    .text               target.o
    0x1a01db60   0x000000e0   Code   RO         1522    .text               led.o
    0x1a01dc40   0x00000384   Code   RO         1545    .text               gpio.o
    0x1a01dfc4   0x00000178   Code   RO         1565    .text               uartrxpro.o
    0x1a01e13c   0x0000006c   Code   RO         1598    .text               net_config.o
    0x1a01e1a8   0x0000023c   Code   RO         1620    .text               canrxpro.o
    0x1a01e3e4   0x00000124   Code   RO         1643    .text               debugout.o
    0x1a01e508   0x00000062   Code   RO         1878    .text               mc_w.l(uldiv.o)
    0x1a01e56a   0x00000024   Code   RO         1880    .text               mc_w.l(memcpya.o)
    0x1a01e58e   0x00000024   Code   RO         1882    .text               mc_w.l(memseta.o)
    0x1a01e5b2   0x00000018   Code   RO         1884    .text               mc_w.l(strcat.o)
    0x1a01e5ca   0x00000024   Code   RO         1886    .text               mc_w.l(strstr.o)
    0x1a01e5ee   0x0000000e   Code   RO         1888    .text               mc_w.l(strlen.o)
    0x1a01e5fc   0x0000001c   Code   RO         1890    .text               mc_w.l(strcmp.o)
    0x1a01e618   0x0000001a   Code   RO         1892    .text               mc_w.l(memcmp.o)
    0x1a01e632   0x00000012   Code   RO         1894    .text               mc_w.l(strcpy.o)
    0x1a01e644   0x0000001a   Code   RO         2159    .text               mc_w.l(atoi.o)
    0x1a01e65e   0x000000b0   Code   RO         2161    .text               mf_w.l(fadd.o)
    0x1a01e70e   0x0000014e   Code   RO         2163    .text               mf_w.l(dadd.o)
    0x1a01e85c   0x000000e4   Code   RO         2165    .text               mf_w.l(dmul.o)
    0x1a01e940   0x000000de   Code   RO         2167    .text               mf_w.l(ddiv.o)
    0x1a01ea1e   0x0000001a   Code   RO         2169    .text               mf_w.l(dfltui.o)
    0x1a01ea38   0x00000026   Code   RO         2171    .text               mf_w.l(f2d.o)
    0x1a01ea5e   0x00000002   PAD
    0x1a01ea60   0x00000028   Code   RO         2173    .text               mf_w.l(cdrcmple.o)
    0x1a01ea88   0x00000038   Code   RO         2175    .text               mf_w.l(d2f.o)
    0x1a01eac0   0x00000008   Code   RO         2191    .text               mc_w.l(fgetc.o)
    0x1a01eac8   0x0000002c   Code   RO         2205    .text               mc_w.l(uidiv.o)
    0x1a01eaf4   0x0000001e   Code   RO         2207    .text               mc_w.l(llshl.o)
    0x1a01eb12   0x00000020   Code   RO         2209    .text               mc_w.l(llushr.o)
    0x1a01eb32   0x00000024   Code   RO         2211    .text               mc_w.l(llsshr.o)
    0x1a01eb56   0x00000070   Code   RO         2220    .text               mc_w.l(strtol.o)
    0x1a01ebc6   0x00000000   Code   RO         2222    .text               mc_w.l(iusefp.o)
    0x1a01ebc6   0x0000006c   Code   RO         2223    .text               mf_w.l(fepilogue.o)
    0x1a01ec32   0x000000be   Code   RO         2225    .text               mf_w.l(depilogue.o)
    0x1a01ecf0   0x00000030   Code   RO         2227    .text               mf_w.l(dfixul.o)
    0x1a01ed20   0x00000024   Code   RO         2229    .text               mc_w.l(init.o)
    0x1a01ed44   0x00000000   Code   RO         2231    .text               mc_w.l(semi.o)
    0x1a01ed44   0x00000008   Code   RO         2232    .text               mc_w.l(ctype_o.o)
    0x1a01ed4c   0x0000009e   Code   RO         2260    .text               mc_w.l(_strtoul.o)
    0x1a01edea   0x00000000   Code   RO         2262    .text               mc_w.l(iusesemig.o)
    0x1a01edea   0x0000001c   Code   RO         2264    .text               mc_w.l(_chval.o)
    0x1a01ee06   0x0000005c   Code   RO         2274    .text               mc_w.l(__dczerorl2.o)
    0x1a01ee62   0x00000016   Code   RO          836    i.Chip_CCAN_ClearNewDataFlag  c_can.o
    0x1a01ee78   0x00000010   Code   RO          831    i.Chip_CCAN_GetInterruptMsg  c_can.o
    0x1a01ee88   0x00000048   Code   RO         1459    i.GetPLL1Param      system_lpc43xx.o
    0x1a01eed0   0x00000028   Code   RO         2133    i.__0sprintf        mc_w.l(printfa.o)
    0x1a01eef8   0x00000024   Code   RO         2136    i.__0vsnprintf      mc_w.l(printfa.o)
    0x1a01ef1c   0x00000008   Code   RO         2213    i.__aeabi_errno_addr  mc_w.l(errno.o)
    0x1a01ef24   0x0000000e   Code   RO         2268    i.__scatterload_copy  mc_w.l(handlers.o)
    0x1a01ef32   0x00000002   Code   RO         2269    i.__scatterload_null  mc_w.l(handlers.o)
    0x1a01ef34   0x0000000e   Code   RO         2270    i.__scatterload_zeroinit  mc_w.l(handlers.o)
    0x1a01ef42   0x00000002   PAD
    0x1a01ef44   0x0000015c   Code   RO         2138    i._fp_digits        mc_w.l(printfa.o)
    0x1a01f0a0   0x000006f0   Code   RO         2139    i._printf_core      mc_w.l(printfa.o)
    0x1a01f790   0x00000026   Code   RO         2140    i._printf_post_padding  mc_w.l(printfa.o)
    0x1a01f7b6   0x00000030   Code   RO         2141    i._printf_pre_padding  mc_w.l(printfa.o)
    0x1a01f7e6   0x00000016   Code   RO         2142    i._snputc           mc_w.l(printfa.o)
    0x1a01f7fc   0x0000000a   Code   RO         2143    i._sputc            mc_w.l(printfa.o)
    0x1a01f806   0x00000002   PAD
    0x1a01f808   0x000000b8   Code   RO         1794    i.alloc_mem         TCP_CM3.lib(at_mem.o)
    0x1a01f8c0   0x000000b8   Code   RO         1668    i.arp_cache_add     TCP_CM3.lib(at_arp.o)
    0x1a01f978   0x00000088   Code   RO         1669    i.arp_cache_alloc   TCP_CM3.lib(at_arp.o)
    0x1a01fa00   0x00000098   Code   RO         1670    i.arp_cache_early   TCP_CM3.lib(at_arp.o)
    0x1a01fa98   0x000000b4   Code   RO         1671    i.arp_cache_find    TCP_CM3.lib(at_arp.o)
    0x1a01fb4c   0x000000f4   Code   RO         1674    i.arp_cache_update  TCP_CM3.lib(at_arp.o)
    0x1a01fc40   0x0000002c   Code   RO         1677    i.arp_init          TCP_CM3.lib(at_arp.o)
    0x1a01fc6c   0x00000034   Code   RO         1678    i.arp_is_cacheable  TCP_CM3.lib(at_arp.o)
    0x1a01fca0   0x00000028   Code   RO         1679    i.arp_notify        TCP_CM3.lib(at_arp.o)
    0x1a01fcc8   0x00000088   Code   RO         1681    i.arp_proc_response  TCP_CM3.lib(at_arp.o)
    0x1a01fd50   0x00000138   Code   RO         1682    i.arp_process       TCP_CM3.lib(at_arp.o)
    0x1a01fe88   0x000000a0   Code   RO         1683    i.arp_send_reply    TCP_CM3.lib(at_arp.o)
    0x1a01ff28   0x000000b8   Code   RO         1684    i.arp_send_request  TCP_CM3.lib(at_arp.o)
    0x1a01ffe0   0x00000012   Code   RO         1820    i.calc_chksum16be   TCP_CM3.lib(at_lib.o)
    0x1a01fff2   0x00000002   PAD
    0x1a01fff4   0x00000028   Code   RO         1821    i.chksum16_buf      TCP_CM3.lib(at_lib.o)
    0x1a02001c   0x0000000a   Code   RO         1822    i.chksum16_val      TCP_CM3.lib(at_lib.o)
    0x1a020026   0x00000002   PAD
    0x1a020028   0x00000010   Code   RO         1780    i.eth_chk_adr       TCP_CM3.lib(at_ethernet.o)
    0x1a020038   0x00000034   Code   RO         1782    i.eth_init_link     TCP_CM3.lib(at_ethernet.o)
    0x1a02006c   0x000000d4   Code   RO         1783    i.eth_run_link      TCP_CM3.lib(at_ethernet.o)
    0x1a020140   0x000000a8   Code   RO         1784    i.eth_send_frame    TCP_CM3.lib(at_ethernet.o)
    0x1a0201e8   0x00000034   Code   RO         1870    i.fread             mc_w.l(fread.o)
    0x1a02021c   0x00000084   Code   RO         1796    i.free_mem          TCP_CM3.lib(at_mem.o)
    0x1a0202a0   0x00000028   Code   RO         1824    i.get_crc32         TCP_CM3.lib(at_lib.o)
    0x1a0202c8   0x0000001c   Code   RO         1808    i.get_rnd32         TCP_CM3.lib(at_system.o)
    0x1a0202e4   0x00000010   Code   RO         1718    i.icmp_init         TCP_CM3.lib(at_icmp.o)
    0x1a0202f4   0x000000cc   Code   RO         1720    i.icmp_process      TCP_CM3.lib(at_icmp.o)
    0x1a0203c0   0x00000048   Code   RO         1721    i.icmp_run_engine   TCP_CM3.lib(at_icmp.o)
    0x1a020408   0x00000070   Code   RO         1722    i.icmp_send_message  TCP_CM3.lib(at_icmp.o)
    0x1a020478   0x00000038   Code   RO         1797    i.ifree_mem         TCP_CM3.lib(at_mem.o)
    0x1a0204b0   0x00000020   Code   RO         1729    i.igmp_get_chksum   TCP_CM3.lib(at_igmp.o)
    0x1a0204d0   0x0000002c   Code   RO         1730    i.igmp_init         TCP_CM3.lib(at_igmp.o)
    0x1a0204fc   0x00000024   Code   RO         1731    i.igmp_is_member    TCP_CM3.lib(at_igmp.o)
    0x1a020520   0x00000038   Code   RO         1734    i.igmp_map_group    TCP_CM3.lib(at_igmp.o)
    0x1a020558   0x000000f4   Code   RO         1735    i.igmp_process      TCP_CM3.lib(at_igmp.o)
    0x1a02064c   0x00000080   Code   RO         1736    i.igmp_run_host     TCP_CM3.lib(at_igmp.o)
    0x1a0206cc   0x0000006c   Code   RO         1737    i.igmp_send_report  TCP_CM3.lib(at_igmp.o)
    0x1a020738   0x00000030   Code   RO         1809    i.init_TcpNet       TCP_CM3.lib(at_system.o)
    0x1a020768   0x00000060   Code   RO         1798    i.init_mem          TCP_CM3.lib(at_mem.o)
    0x1a0207c8   0x000000c8   Code   RO         1704    i.ip_chk_frame      TCP_CM3.lib(at_ip.o)
    0x1a020890   0x0000000a   Code   RO         1705    i.ip_get_chksum     TCP_CM3.lib(at_ip.o)
    0x1a02089a   0x00000002   PAD
    0x1a02089c   0x000000b8   Code   RO         1706    i.ip_get_locadr     TCP_CM3.lib(at_ip.o)
    0x1a020954   0x0000000c   Code   RO         1707    i.ip_init           TCP_CM3.lib(at_ip.o)
    0x1a020960   0x0000005c   Code   RO         1708    i.ip_run_local      TCP_CM3.lib(at_ip.o)
    0x1a0209bc   0x00000150   Code   RO         1709    i.ip_send_frame     TCP_CM3.lib(at_ip.o)
    0x1a020b0c   0x00000014   Code   RO         1825    i.is_subnet         TCP_CM3.lib(at_lib.o)
    0x1a020b20   0x00000064   Code   RO         1810    i.main_TcpNet       TCP_CM3.lib(at_system.o)
    0x1a020b84   0x00000018   Code   RO         1826    i.mem_comp          TCP_CM3.lib(at_lib.o)
    0x1a020b9c   0x00000016   Code   RO         1827    i.mem_copy          TCP_CM3.lib(at_lib.o)
    0x1a020bb2   0x00000020   Code   RO         1828    i.mem_crc32         TCP_CM3.lib(at_lib.o)
    0x1a020bd2   0x0000000a   Code   RO         1830    i.mem_set           TCP_CM3.lib(at_lib.o)
    0x1a020bdc   0x00000014   Code   RO         1831    i.mem_test          TCP_CM3.lib(at_lib.o)
    0x1a020bf0   0x00000028   Code   RO         1774    i.nbns_init         TCP_CM3.lib(at_nbns.o)
    0x1a020c18   0x00000160   Code   RO         1775    i.nbns_listener     TCP_CM3.lib(at_nbns.o)
    0x1a020d78   0x00000016   Code   RO         1833    i.nrd_u32be         TCP_CM3.lib(at_lib.o)
    0x1a020d8e   0x00000002   PAD
    0x1a020d90   0x00000028   Code   RO         1785    i.put_in_queue      TCP_CM3.lib(at_ethernet.o)
    0x1a020db8   0x0000001a   Code   RO         1841    i.str_up_case       TCP_CM3.lib(at_lib.o)
    0x1a020dd2   0x00000002   PAD
    0x1a020dd4   0x00000014   Code   RO         1811    i.timer_tick        TCP_CM3.lib(at_system.o)
    0x1a020de8   0x00000020   Code   RO         1751    i.udp_get_buf       TCP_CM3.lib(at_udp.o)
    0x1a020e08   0x00000044   Code   RO         1752    i.udp_get_socket    TCP_CM3.lib(at_udp.o)
    0x1a020e4c   0x00000018   Code   RO         1753    i.udp_init          TCP_CM3.lib(at_udp.o)
    0x1a020e64   0x00000068   Code   RO         1756    i.udp_open          TCP_CM3.lib(at_udp.o)
    0x1a020ecc   0x0000002c   Code   RO         1757    i.udp_port_in_use   TCP_CM3.lib(at_udp.o)
    0x1a020ef8   0x000000b8   Code   RO         1758    i.udp_process       TCP_CM3.lib(at_udp.o)
    0x1a020fb0   0x0000011c   Code   RO         1760    i.udp_send          TCP_CM3.lib(at_udp.o)
    0x1a0210cc   0x00000018   Data   RO          271    .constdata          appmsgdispatchpro.o
    0x1a0210e4   0x000004e8   Data   RO          603    .constdata          lpc43xx_cgu.o
    0x1a0215cc   0x0000000e   Data   RO          927    .constdata          spifilib_dev_common.o
    0x1a0215da   0x00000002   PAD
    0x1a0215dc   0x0000002c   Data   RO          950    .constdata          spifilib_fam_mac_2b_stat.o
    0x1a021608   0x00000300   Data   RO         1098    .constdata          crc.o
    0x1a021908   0x00000060   Data   RO         1127    .constdata          version.o
    0x1a021968   0x000004f8   Data   RO         1140    .constdata          cmddefine.o
    0x1a021e60   0x00000100   Data   RO         1303    .constdata          os_core.o
    0x1a021f60   0x00000018   Data   RO         1523    .constdata          led.o
    0x1a021f78   0x0000002c   Data   RO         1600    .constdata          net_config.o
    0x1a021fa4   0x00000006   Data   RO         1685    .constdata          TCP_CM3.lib(at_arp.o)
    0x1a021faa   0x00000008   Data   RO         1710    .constdata          TCP_CM3.lib(at_ip.o)
    0x1a021fb2   0x00000008   Data   RO         1738    .constdata          TCP_CM3.lib(at_igmp.o)
    0x1a021fba   0x00000008   Data   RO         1776    .constdata          TCP_CM3.lib(at_nbns.o)
    0x1a021fc2   0x00000006   Data   RO         1787    .constdata          TCP_CM3.lib(at_ethernet.o)
    0x1a021fc8   0x00000081   Data   RO         2233    .constdata          mc_w.l(ctype_o.o)
    0x1a022049   0x00000003   PAD
    0x1a02204c   0x00000004   Data   RO         2234    .constdata          mc_w.l(ctype_o.o)
    0x1a022050   0x000000e1   Data   RO          928    .conststring        spifilib_dev_common.o
    0x1a022131   0x0000000c   Data   RO          951    .conststring        spifilib_fam_mac_2b_stat.o
    0x1a02213d   0x00000003   PAD
    0x1a022140   0x00000060   Data   RO         2266    Region$$Table       anon$$obj.o


    Execution Region RW_IRAM2 (Base: 0x20000000, Size: 0x0000d8e8, Max: 0x00010000, ABSOLUTE)

    Base Addr    Size         Type   Attr      Idx    E Section Name        Object

    0x20000000   0x00000004   Data   RW          434    .data               appnetpro.o
    0x20000004   0x00000014   Data   RW          529    .data               updataslave.o
    0x20000018   0x00000004   Data   RW          891    .data               mx66l51235f.o
    0x2000001c   0x0000001c   Data   RW          952    .data               spifilib_fam_mac_2b_stat.o
    0x20000038   0x00000007   Data   RW         1068    .data               ethernetudp.o
    0x2000003f   0x00000001   Data   RW         1186    .data               datatransfer.o
    0x20000040   0x00000008   Data   RW         1686    .data               TCP_CM3.lib(at_arp.o)
    0x20000048   0x00000004   Data   RW         2216    .data               mc_w.l(errno.o)
    0x2000004c   0x00007960   Zero   RW           42    .bss                task.o
    0x200079ac   0x00000400   Zero   RW          316    .bss                appmsgtxpro.o
    0x20007dac   0x00000030   Zero   RW          699    .bss                lpc43xx_i2c.o
    0x20007ddc   0x00002b74   Zero   RW          813    .bss                c_can.o
    0x2000a950   0x00000054   Zero   RW          890    .bss                mx66l51235f.o
    0x2000a9a4   0x00001860   Zero   RW          993    .bss                uart.o
    0x2000c204   0x00000038   Zero   RW         1067    .bss                ethernetudp.o
    0x2000c23c   0x000001e0   Zero   RW         1157    .bss                dataresend.o
    0x2000c41c   0x00000078   Zero   RW         1242    .bss                ptcan.o
    0x2000c494   0x00000200   Zero   RW         1270    .bss                os_cpu_c.o
    0x2000c694   0x000010f8   Zero   RW         1302    .bss                os_core.o
    0x2000d78c   0x00000010   Zero   RW         1723    .bss                TCP_CM3.lib(at_icmp.o)
    0x2000d79c   0x0000004c   Zero   RW         1812    .bss                TCP_CM3.lib(at_system.o)
    0x2000d7e8   0x00000100   Zero   RW         1432    STACK               startup_lpc43xx.o


==============================================================================

Image component sizes


      Code (inc. data)   RO Data    RW Data    ZI Data      Debug   Object Name

       412          6          0          0          0       2317   app.o
        88         10          0          6         86      33111   appdefine.o
       648         22         24          0       3099       3388   appmsgdispatchpro.o
        32          0          0          0          0        399   appmsgrxpro.o
      1080         58          0         30       1024       2383   appmsgtxpro.o
       728         42          0          4          0      41304   appnetpro.o
        52          4          0          0         16       1379   apptime.o
      2562        106          0         18      11124      40365   c_can.o
       580         10          0        108          0       2294   canbuscontrol.o
       572         50          0          0       5440       2624   canrxpro.o
      1314          0          0          0          0      10001   ccan_18xx_43xx.o
       868         10       1272          0          0       5794   cmddefine.o
        52          0          0          0          0        276   cpu_a.o
       180         10        768          0          0       1871   crc.o
      1250          4          0          0        480       4873   dataresend.o
      1444         10          0          1          0      10773   datatransfer.o
       292          6          0          0          0       1689   debugout.o
      1292        114          0          2       6272      79784   eth_lpc43xx.o
       116         14          0          0          0       1578   ethernetset.o
       532         18          0          7         56       4016   ethernetudp.o
       900         30          0          0          0       2172   gpio.o
       224         30         24          0          0       1149   led.o
       348         16          0         18          0       1242   ledcontrol.o
      2560        156       1256         68          0      10057   lpc43xx_cgu.o
       184         12          0          0          0       2216   lpc43xx_gpio.o
      2524        106          0          4         48      38298   lpc43xx_i2c.o
       280         40          0          0          0       1162   lpc43xx_rgu.o
        36          6          0          0          0        941   lpc43xx_scu.o
       984         14          0          0          0       5041   lpc43xx_ssp.o
       888         20          0          0          0       5067   lpc43xx_timer.o
      2268         30          0          0          0      18756   lpc43xx_uart.o
        68         14          0          0          0      11291   main.o
      2820        268          0         64          0       4006   md5.o
       716         48          0         24      15360       2065   memmanage.o
       916         42          0          4         84       8396   mx66l51235f.o
       108          8         44         82       6448       2818   net_config.o
      2176        188        256         96       4344      15735   os_core.o
       176         36          0          0          0        328   os_cpu_a.o
       352         28          0          6        512      11971   os_cpu_c.o
      2184         42          0          0          0       6840   os_flag.o
       600         16          0          0          0       3204   os_mem.o
      1600         30          0          0          0       5597   os_q.o
       968         18          0          0          0       3846   os_sem.o
      2016         66          0          0          0       7164   os_task.o
       476         28          0          0          0       1766   os_time.o
      1688         78          0          0          0       5505   os_tmr.o
      2132         84          0         48        120       7848   ptcan.o
      1780          0          0          0          0       7046   ptcir.o
      1824         32        239         64          0      13674   spifilib_dev_common.o
      1388        150         56         28         76      10081   spifilib_fam_mac_2b_stat.o
      1768         14          0          0         28       8730   spiflash.o
        36          8        276          0        256        732   startup_lpc43xx.o
      1180        136          0          4          0       3786   system_lpc43xx.o
       260         36          0          0       8192       1884   target.o
       384        120          0         36      31072      80727   task.o
       248         50          0          2          0      37635   taskstartprc.o
      1616         78          0          0       6240      41135   uart.o
       376         22          0          0       3084       2310   uartrxpro.o
      2376        640          0         20       4764       5012   updataslave.o
       648         48          0          0          0      11207   update.o
        56         14          0          0          0       1483   updateapi.o
       216         34         96          0          0        877   version.o

    ----------------------------------------------------------------------
     58446       3330       4412        750     108228     661019   Object Totals
         0          0         96          0          0          0   (incl. Generated)
         4          0          5          6          3          0   (incl. Padding)

    ----------------------------------------------------------------------

      Code (inc. data)   RO Data    RW Data    ZI Data      Debug   Library Member Name

      1824        138          6          8          0       1040   at_arp.o
       488         58          6          0        132        404   at_ethernet.o
       404         30          0          0         16        308   at_icmp.o
       648         56          8          4          0        572   at_igmp.o
       834         56          8         12          0        520   at_ip.o
       284          6          0          0          0        860   at_lib.o
       468         36          0          0         16        344   at_mem.o
       392         26          8          1          0        180   at_nbns.o
       196         40          0          0         76        292   at_system.o
       740         34          0          2          0        556   at_udp.o
        92          0          0          0          0          0   __dczerorl2.o
        28          0          0          0          0         68   _chval.o
       158          0          0          0          0         92   _strtoul.o
        26          0          0          0          0         80   atoi.o
         8          4        133          0          0         68   ctype_o.o
         0          0          0          0          0          0   entry.o
         0          0          0          0          0          0   entry10a.o
         0          0          0          0          0          0   entry11a.o
         8          4          0          0          0          0   entry2.o
         4          0          0          0          0          0   entry5.o
         0          0          0          0          0          0   entry7b.o
         0          0          0          0          0          0   entry8b.o
         8          4          0          0          0          0   entry9a.o
         8          4          0          4          0         68   errno.o
         8          0          0          0          0         68   fgetc.o
        52          0          0          0          0         88   fread.o
        30          0          0          0          0          0   handlers.o
        36          8          0          0          0         68   init.o
         0          0          0          0          0          0   iusefp.o
         0          0          0          0          0          0   iusesemig.o
        30          0          0          0          0         68   llshl.o
        36          0          0          0          0         68   llsshr.o
        32          0          0          0          0         68   llushr.o
        26          0          0          0          0         80   memcmp.o
        36          0          0          0          0         68   memcpya.o
        36          0          0          0          0        108   memseta.o
      2318         90          0          0          0        660   printfa.o
         0          0          0          0          0          0   semi.o
        24          0          0          0          0         68   strcat.o
        28          0          0          0          0         76   strcmp.o
        18          0          0          0          0         68   strcpy.o
        14          0          0          0          0         68   strlen.o
        36          0          0          0          0         80   strstr.o
       112          0          0          0          0         88   strtol.o
        44          0          0          0          0         80   uidiv.o
        98          0          0          0          0         92   uldiv.o
        40          2          0          0          0         68   cdrcmple.o
        56          0          0          0          0         88   d2f.o
       334          0          0          0          0        148   dadd.o
       222          0          0          0          0        100   ddiv.o
       190          0          0          0          0        176   depilogue.o
        48          0          0          0          0         68   dfixul.o
        26          0          0          0          0         76   dfltui.o
       228          0          0          0          0         96   dmul.o
        38          0          0          0          0         68   f2d.o
       176          0          0          0          0        140   fadd.o
       108          0          0          0          0        168   fepilogue.o

    ----------------------------------------------------------------------
     11114        596        172         34        240       8612   Library Totals
        16          0          3          3          0          0   (incl. Padding)

    ----------------------------------------------------------------------

      Code (inc. data)   RO Data    RW Data    ZI Data      Debug   Library Name

      6278        480         36         27        240       5076   TCP_CM3.lib
      3354        114        133          4          0       2340   mc_w.l
      1466          2          0          0          0       1196   mf_w.l

    ----------------------------------------------------------------------
     11114        596        172         34        240       8612   Library Totals

    ----------------------------------------------------------------------

==============================================================================


      Code (inc. data)   RO Data    RW Data    ZI Data      Debug   

     69560       3926       4584        784     108468     659179   Grand Totals
     69560       3926       4584        428     108468     659179   ELF Image Totals (compressed)
     69560       3926       4584        428          0          0   ROM Totals

==============================================================================

    Total RO  Size (Code + RO Data)                74144 (  72.41kB)
    Total RW  Size (RW Data + ZI Data)            109252 ( 106.69kB)
    Total ROM Size (Code + RO Data + RW Data)      74572 (  72.82kB)

==============================================================================

