<!doctype html public "-//w3c//dtd html 4.0 transitional//en">
<html><head>
<title>Static Call Graph - [.\CM4\Object\WIFI.axf]</title></head>
<body><HR>
<H1>Static Call Graph for image .\CM4\Object\WIFI.axf</H1><HR>
<BR><P>#&#060CALLGRAPH&#062# ARM Linker, 5.03 [Build 24]: Last Updated: Mon Aug 07 14:22:01 2017
<BR><P>
<H3>Maximum Stack Usage =       1396 bytes + Unknown(Functions without stacksize, Cycles, Untraceable Function Pointers)</H3><H3>
Call chain for Maximum Stack Depth:</H3>
AppTaskMsgTxProc &rArr; DataReSend_Proc &rArr; WAE_ReSend &rArr; WAE_DataReSend &rArr; UARTDatapbCIR20SendPost &rArr; BuildptCIR20FrameStream &rArr; BuildptCIR20Frame &rArr; CalCRC16
<P>
<H3>
Functions with no stack information
</H3><UL>
 <LI><a href="#[b0]">OS_CPU_SR_Save</a>
 <LI><a href="#[b1]">OS_CPU_SR_Restore</a>
 <LI><a href="#[1f4]">OSStartHighRdy</a>
 <LI><a href="#[1f3]">OSCtxSw</a>
 <LI><a href="#[1f1]">OSIntCtxSw</a>
 <LI><a href="#[b]">OS_CPU_PendSVHandler</a>
 <LI><a href="#[69]">CPU_IntDis</a>
 <LI><a href="#[2ed]">CPU_IntEn</a>
 <LI><a href="#[2ee]">CPU_SR_Save</a>
 <LI><a href="#[2ef]">CPU_SR_Restore</a>
 <LI><a href="#[2f0]">CPU_WaitForInt</a>
 <LI><a href="#[2f1]">CPU_WaitForExcept</a>
 <LI><a href="#[2f2]">CPU_CntLeadZeros</a>
 <LI><a href="#[2f3]">CPU_CntTrailZeros</a>
 <LI><a href="#[2f4]">CPU_RevBits</a>
</UL>
</UL>
<P>
<H3>
Mutually Recursive functions
</H3> <LI><a href="#[2a4]">mem_set</a>&nbsp;&nbsp;&nbsp;&rArr;&nbsp;&nbsp;&nbsp;<a href="#[2a4]">mem_set</a><BR>
 <LI><a href="#[4]">NMI_Handler</a>&nbsp;&nbsp;&nbsp;&rArr;&nbsp;&nbsp;&nbsp;<a href="#[4]">NMI_Handler</a><BR>
 <LI><a href="#[5]">HardFault_Handler</a>&nbsp;&nbsp;&nbsp;&rArr;&nbsp;&nbsp;&nbsp;<a href="#[5]">HardFault_Handler</a><BR>
 <LI><a href="#[6]">MemManage_Handler</a>&nbsp;&nbsp;&nbsp;&rArr;&nbsp;&nbsp;&nbsp;<a href="#[6]">MemManage_Handler</a><BR>
 <LI><a href="#[7]">BusFault_Handler</a>&nbsp;&nbsp;&nbsp;&rArr;&nbsp;&nbsp;&nbsp;<a href="#[7]">BusFault_Handler</a><BR>
 <LI><a href="#[8]">UsageFault_Handler</a>&nbsp;&nbsp;&nbsp;&rArr;&nbsp;&nbsp;&nbsp;<a href="#[8]">UsageFault_Handler</a><BR>
 <LI><a href="#[9]">SVC_Handler</a>&nbsp;&nbsp;&nbsp;&rArr;&nbsp;&nbsp;&nbsp;<a href="#[9]">SVC_Handler</a><BR>
 <LI><a href="#[a]">DebugMon_Handler</a>&nbsp;&nbsp;&nbsp;&rArr;&nbsp;&nbsp;&nbsp;<a href="#[a]">DebugMon_Handler</a><BR>
 <LI><a href="#[1e]">ADC0_IRQHandler</a>&nbsp;&nbsp;&nbsp;&rArr;&nbsp;&nbsp;&nbsp;<a href="#[1e]">ADC0_IRQHandler</a><BR>
 <LI><a href="#[2a5]">str_up_case</a>&nbsp;&nbsp;&nbsp;&rArr;&nbsp;&nbsp;&nbsp;<a href="#[2a5]">str_up_case</a><BR>
</UL>
<P>
<H3>
Function Pointers
</H3><UL>
 <LI><a href="#[1e]">ADC0_IRQHandler</a> from startup_lpc43xx.o(.text) referenced from startup_lpc43xx.o(RESET)
 <LI><a href="#[22]">ADC1_IRQHandler</a> from startup_lpc43xx.o(.text) referenced from startup_lpc43xx.o(RESET)
 <LI><a href="#[3a]">ATIMER_IRQHandler</a> from startup_lpc43xx.o(.text) referenced from startup_lpc43xx.o(RESET)
 <LI><a href="#[42]">AppTaskMsgDispatchProc</a> from appmsgdispatchpro.o(.text) referenced from task.o(.text)
 <LI><a href="#[44]">AppTaskMsgRxProc</a> from appmsgrxpro.o(.text) referenced from task.o(.text)
 <LI><a href="#[43]">AppTaskMsgTxProc</a> from appmsgtxpro.o(.text) referenced from task.o(.text)
 <LI><a href="#[45]">AppTaskNetProc</a> from appnetpro.o(.text) referenced from task.o(.text)
 <LI><a href="#[e4]">App_TaskCheckUpdate</a> from updataslave.o(.text) referenced from updataslave.o(.text)
 <LI><a href="#[7]">BusFault_Handler</a> from startup_lpc43xx.o(.text) referenced from startup_lpc43xx.o(RESET)
 <LI><a href="#[3e]">CAN0_IRQHandler</a> from c_can.o(.text) referenced from startup_lpc43xx.o(RESET)
 <LI><a href="#[38]">CAN1_IRQHandler</a> from c_can.o(.text) referenced from startup_lpc43xx.o(RESET)
 <LI><a href="#[62]">CANSend</a> from c_can.o(.text) referenced from canrxpro.o(.text)
 <LI><a href="#[5e]">CAN_Pin_Init</a> from gpio.o(.text) referenced from target.o(.text)
 <LI><a href="#[259]">CanGetRecvFrameBufferPtrCallbackFuncFn</a> from canrxpro.o(.text) referenced from canrxpro.o(.text)
 <LI><a href="#[63]">CanRecvDataPackCallbackFuncFn</a> from canrxpro.o(.text) referenced from canrxpro.o(.text)
 <LI><a href="#[d]">DAC_IRQHandler</a> from startup_lpc43xx.o(.text) referenced from startup_lpc43xx.o(RESET)
 <LI><a href="#[f]">DMA_IRQHandler</a> from startup_lpc43xx.o(.text) referenced from startup_lpc43xx.o(RESET)
 <LI><a href="#[a]">DebugMon_Handler</a> from startup_lpc43xx.o(.text) referenced from startup_lpc43xx.o(RESET)
 <LI><a href="#[12]">ETH_IRQHandler</a> from eth_lpc43xx.o(.text) referenced from startup_lpc43xx.o(RESET)
 <LI><a href="#[37]">EVRT_IRQHandler</a> from startup_lpc43xx.o(.text) referenced from startup_lpc43xx.o(RESET)
 <LI><a href="#[10]">EZH_IRQHandler</a> from startup_lpc43xx.o(.text) referenced from startup_lpc43xx.o(RESET)
 <LI><a href="#[47]">EthernetDataSend</a> from appnetpro.o(.text) referenced from appnetpro.o(.text)
 <LI><a href="#[46]">EthernetRevDataPost</a> from appnetpro.o(.text) referenced from appnetpro.o(.text)
 <LI><a href="#[11]">FLASH_EEPROM_IRQHandler</a> from startup_lpc43xx.o(.text) referenced from startup_lpc43xx.o(RESET)
 <LI><a href="#[35]">GINT0_IRQHandler</a> from startup_lpc43xx.o(.text) referenced from startup_lpc43xx.o(RESET)
 <LI><a href="#[36]">GINT1_IRQHandler</a> from startup_lpc43xx.o(.text) referenced from startup_lpc43xx.o(RESET)
 <LI><a href="#[2d]">GPIO0_IRQHandler</a> from startup_lpc43xx.o(.text) referenced from startup_lpc43xx.o(RESET)
 <LI><a href="#[2e]">GPIO1_IRQHandler</a> from startup_lpc43xx.o(.text) referenced from startup_lpc43xx.o(RESET)
 <LI><a href="#[2f]">GPIO2_IRQHandler</a> from startup_lpc43xx.o(.text) referenced from startup_lpc43xx.o(RESET)
 <LI><a href="#[30]">GPIO3_IRQHandler</a> from startup_lpc43xx.o(.text) referenced from startup_lpc43xx.o(RESET)
 <LI><a href="#[31]">GPIO4_IRQHandler</a> from startup_lpc43xx.o(.text) referenced from startup_lpc43xx.o(RESET)
 <LI><a href="#[32]">GPIO5_IRQHandler</a> from startup_lpc43xx.o(.text) referenced from startup_lpc43xx.o(RESET)
 <LI><a href="#[33]">GPIO6_IRQHandler</a> from startup_lpc43xx.o(.text) referenced from startup_lpc43xx.o(RESET)
 <LI><a href="#[34]">GPIO7_IRQHandler</a> from startup_lpc43xx.o(.text) referenced from startup_lpc43xx.o(RESET)
 <LI><a href="#[5]">HardFault_Handler</a> from startup_lpc43xx.o(.text) referenced from startup_lpc43xx.o(RESET)
 <LI><a href="#[1f]">I2C0_IRQHandler</a> from startup_lpc43xx.o(.text) referenced from startup_lpc43xx.o(RESET)
 <LI><a href="#[20]">I2C1_IRQHandler</a> from startup_lpc43xx.o(.text) referenced from startup_lpc43xx.o(RESET)
 <LI><a href="#[29]">I2S0_IRQHandler</a> from startup_lpc43xx.o(.text) referenced from startup_lpc43xx.o(RESET)
 <LI><a href="#[2a]">I2S1_IRQHandler</a> from startup_lpc43xx.o(.text) referenced from startup_lpc43xx.o(RESET)
 <LI><a href="#[14]">LCD_IRQHandler</a> from startup_lpc43xx.o(.text) referenced from startup_lpc43xx.o(RESET)
 <LI><a href="#[e]">M0CORE_IRQHandler</a> from startup_lpc43xx.o(.text) referenced from startup_lpc43xx.o(RESET)
 <LI><a href="#[3d]">M0s_IRQHandler</a> from startup_lpc43xx.o(.text) referenced from startup_lpc43xx.o(RESET)
 <LI><a href="#[1d]">MCPWM_IRQHandler</a> from startup_lpc43xx.o(.text) referenced from startup_lpc43xx.o(RESET)
 <LI><a href="#[6]">MemManage_Handler</a> from startup_lpc43xx.o(.text) referenced from startup_lpc43xx.o(RESET)
 <LI><a href="#[4]">NMI_Handler</a> from startup_lpc43xx.o(.text) referenced from startup_lpc43xx.o(RESET)
 <LI><a href="#[58]">OSTaskSwHook</a> from os_cpu_c.o(.text) referenced from os_cpu_a.o(.text)
 <LI><a href="#[61]">OSTimeGet</a> from os_time.o(.text) referenced from canrxpro.o(.text)
 <LI><a href="#[5a]">OSTmr_Task</a> from os_tmr.o(.text) referenced from os_tmr.o(.text)
 <LI><a href="#[b]">OS_CPU_PendSVHandler</a> from os_cpu_a.o(.text) referenced from startup_lpc43xx.o(RESET)
 <LI><a href="#[c]">OS_CPU_SysTickHandler</a> from os_cpu_c.o(.text) referenced from startup_lpc43xx.o(RESET)
 <LI><a href="#[1e2]">OS_TaskIdle</a> from os_core.o(.text) referenced from os_core.o(.text)
 <LI><a href="#[59]">OS_TaskReturn</a> from os_task.o(.text) referenced from os_cpu_c.o(.text)
 <LI><a href="#[1dd]">OS_TaskStat</a> from os_core.o(.text) referenced from os_core.o(.text)
 <LI><a href="#[3f]">QEI_IRQHandler</a> from startup_lpc43xx.o(.text) referenced from startup_lpc43xx.o(RESET)
 <LI><a href="#[18]">RIT_IRQHandler</a> from startup_lpc43xx.o(.text) referenced from startup_lpc43xx.o(RESET)
 <LI><a href="#[3b]">RTC_IRQHandler</a> from startup_lpc43xx.o(.text) referenced from startup_lpc43xx.o(RESET)
 <LI><a href="#[3]">Reset_Handler</a> from startup_lpc43xx.o(.text) referenced from startup_lpc43xx.o(RESET)
 <LI><a href="#[17]">SCT_IRQHandler</a> from startup_lpc43xx.o(.text) referenced from startup_lpc43xx.o(RESET)
 <LI><a href="#[13]">SDIO_IRQHandler</a> from startup_lpc43xx.o(.text) referenced from startup_lpc43xx.o(RESET)
 <LI><a href="#[2c]">SGPIO_IRQHandler</a> from startup_lpc43xx.o(.text) referenced from startup_lpc43xx.o(RESET)
 <LI><a href="#[2b]">SPIFI_IRQHandler</a> from startup_lpc43xx.o(.text) referenced from startup_lpc43xx.o(RESET)
 <LI><a href="#[48]">SPIFI_REG_FAMILY_Macronix_2Byte_Status</a> from spifilib_fam_mac_2b_stat.o(.text) referenced from mx66l51235f.o(.text)
 <LI><a href="#[21]">SPI_IRQHandler</a> from startup_lpc43xx.o(.text) referenced from startup_lpc43xx.o(RESET)
 <LI><a href="#[23]">SSP0_IRQHandler</a> from startup_lpc43xx.o(.text) referenced from startup_lpc43xx.o(RESET)
 <LI><a href="#[60]">SSP0_Pin_Init</a> from gpio.o(.text) referenced from target.o(.text)
 <LI><a href="#[5f]">SSP0_Reset_Pin_Init</a> from gpio.o(.text) referenced from target.o(.text)
 <LI><a href="#[24]">SSP1_IRQHandler</a> from startup_lpc43xx.o(.text) referenced from startup_lpc43xx.o(RESET)
 <LI><a href="#[9]">SVC_Handler</a> from startup_lpc43xx.o(.text) referenced from startup_lpc43xx.o(RESET)
 <LI><a href="#[5b]">SystemInit</a> from system_lpc43xx.o(.text) referenced from startup_lpc43xx.o(.text)
 <LI><a href="#[19]">TIMER0_IRQHandler</a> from appnetpro.o(.text) referenced from startup_lpc43xx.o(RESET)
 <LI><a href="#[1a]">TIMER1_IRQHandler</a> from startup_lpc43xx.o(.text) referenced from startup_lpc43xx.o(RESET)
 <LI><a href="#[1b]">TIMER2_IRQHandler</a> from startup_lpc43xx.o(.text) referenced from startup_lpc43xx.o(RESET)
 <LI><a href="#[1c]">TIMER3_IRQHandler</a> from startup_lpc43xx.o(.text) referenced from startup_lpc43xx.o(RESET)
 <LI><a href="#[41]">TaskStartPrc</a> from taskstartprc.o(.text) referenced from main.o(.text)
 <LI><a href="#[25]">UART0_IRQHandler</a> from uart.o(.text) referenced from startup_lpc43xx.o(RESET)
 <LI><a href="#[26]">UART1_IRQHandler</a> from uart.o(.text) referenced from startup_lpc43xx.o(RESET)
 <LI><a href="#[27]">UART2_IRQHandler</a> from startup_lpc43xx.o(.text) referenced from startup_lpc43xx.o(RESET)
 <LI><a href="#[28]">UART3_IRQHandler</a> from uart.o(.text) referenced from startup_lpc43xx.o(RESET)
 <LI><a href="#[15]">USB0_IRQHandler</a> from startup_lpc43xx.o(.text) referenced from startup_lpc43xx.o(RESET)
 <LI><a href="#[16]">USB1_IRQHandler</a> from startup_lpc43xx.o(.text) referenced from startup_lpc43xx.o(RESET)
 <LI><a href="#[5d]">Uart_Pin_Init</a> from gpio.o(.text) referenced from target.o(.text)
 <LI><a href="#[8]">UsageFault_Handler</a> from startup_lpc43xx.o(.text) referenced from startup_lpc43xx.o(RESET)
 <LI><a href="#[39]">VADC_IRQHandler</a> from startup_lpc43xx.o(.text) referenced from startup_lpc43xx.o(RESET)
 <LI><a href="#[3c]">WDT_IRQHandler</a> from startup_lpc43xx.o(.text) referenced from startup_lpc43xx.o(RESET)
 <LI><a href="#[5c]">__main</a> from entry.o(.ARM.Collect$$$$00000000) referenced from startup_lpc43xx.o(.text)
 <LI><a href="#[65]">_snputc</a> from printfa.o(i._snputc) referenced from printfa.o(i.__0vsnprintf)
 <LI><a href="#[64]">_sputc</a> from printfa.o(i._sputc) referenced from printfa.o(i.__0sprintf)
 <LI><a href="#[55]">devRegister</a> from spifilib_fam_mac_2b_stat.o(.text) referenced from spifilib_fam_mac_2b_stat.o(.text)
 <LI><a href="#[54]">devSetup</a> from spifilib_fam_mac_2b_stat.o(.text) referenced from spifilib_fam_mac_2b_stat.o(.text)
 <LI><a href="#[4a]">deviceEraseAll</a> from spifilib_fam_mac_2b_stat.o(.text) referenced from spifilib_fam_mac_2b_stat.o(.text)
 <LI><a href="#[4b]">deviceEraseBlock</a> from spifilib_fam_mac_2b_stat.o(.text) referenced from spifilib_fam_mac_2b_stat.o(.text)
 <LI><a href="#[4c]">deviceEraseSubBlock</a> from spifilib_fam_mac_2b_stat.o(.text) referenced from spifilib_fam_mac_2b_stat.o(.text)
 <LI><a href="#[53]">deviceGetID</a> from spifilib_fam_mac_2b_stat.o(.text) referenced from spifilib_fam_mac_2b_stat.o(.text)
 <LI><a href="#[51]">deviceGetMemoryModeCmd</a> from spifilib_fam_mac_2b_stat.o(.text) referenced from spifilib_fam_mac_2b_stat.o(.text)
 <LI><a href="#[52]">deviceGetStatus</a> from spifilib_fam_mac_2b_stat.o(.text) referenced from spifilib_fam_mac_2b_stat.o(.text)
 <LI><a href="#[49]">deviceLockCmd</a> from spifilib_fam_mac_2b_stat.o(.text) referenced from spifilib_fam_mac_2b_stat.o(.text)
 <LI><a href="#[4d]">devicePageProgram</a> from spifilib_fam_mac_2b_stat.o(.text) referenced from spifilib_fam_mac_2b_stat.o(.text)
 <LI><a href="#[4e]">deviceRead</a> from spifilib_fam_mac_2b_stat.o(.text) referenced from spifilib_fam_mac_2b_stat.o(.text)
 <LI><a href="#[50]">deviceReset</a> from spifilib_fam_mac_2b_stat.o(.text) referenced from spifilib_fam_mac_2b_stat.o(.text)
 <LI><a href="#[4f]">deviceSetUnsetOptions</a> from spifilib_fam_mac_2b_stat.o(.text) referenced from spifilib_fam_mac_2b_stat.o(.text)
 <LI><a href="#[40]">main</a> from main.o(.text) referenced from entry9a.o(.ARM.Collect$$$$0000000B)
 <LI><a href="#[66]">nbns_listener</a> from at_nbns.o(i.nbns_listener) referenced from at_nbns.o(i.nbns_init)
 <LI><a href="#[56]">udprev_callback</a> from ethernetudp.o(.text) referenced from ethernetudp.o(.text)
 <LI><a href="#[57]">udpsend_callback</a> from ethernetudp.o(.text) referenced from ethernetudp.o(.text)
</UL>
<P>
<H3>
Global Symbols
</H3>
<P><STRONG><a name="[5c]"></a>__main</STRONG> (Thumb, 0 bytes, Stack size unknown bytes, entry.o(.ARM.Collect$$$$00000000))
<BR>[Address Reference Count : 1]<UL><LI> startup_lpc43xx.o(.text)
</UL>
<P><STRONG><a name="[2a9]"></a>_main_stk</STRONG> (Thumb, 0 bytes, Stack size unknown bytes, entry2.o(.ARM.Collect$$$$00000001))

<P><STRONG><a name="[67]"></a>_main_scatterload</STRONG> (Thumb, 0 bytes, Stack size unknown bytes, entry5.o(.ARM.Collect$$$$00000004))
<BR><BR>[Calls]<UL><LI><a href="#[68]">&gt;&gt;</a>&nbsp;&nbsp;&nbsp;__scatterload
</UL>

<P><STRONG><a name="[26e]"></a>__main_after_scatterload</STRONG> (Thumb, 0 bytes, Stack size unknown bytes, entry5.o(.ARM.Collect$$$$00000004))
<BR><BR>[Called By]<UL><LI><a href="#[68]">&gt;&gt;</a>&nbsp;&nbsp;&nbsp;__scatterload
</UL>

<P><STRONG><a name="[2aa]"></a>_main_clock</STRONG> (Thumb, 0 bytes, Stack size unknown bytes, entry7b.o(.ARM.Collect$$$$00000008))

<P><STRONG><a name="[2ab]"></a>_main_cpp_init</STRONG> (Thumb, 0 bytes, Stack size unknown bytes, entry8b.o(.ARM.Collect$$$$0000000A))

<P><STRONG><a name="[2ac]"></a>_main_init</STRONG> (Thumb, 0 bytes, Stack size unknown bytes, entry9a.o(.ARM.Collect$$$$0000000B))

<P><STRONG><a name="[2ad]"></a>__rt_final_cpp</STRONG> (Thumb, 0 bytes, Stack size unknown bytes, entry10a.o(.ARM.Collect$$$$0000000D))

<P><STRONG><a name="[2ae]"></a>__rt_final_exit</STRONG> (Thumb, 0 bytes, Stack size unknown bytes, entry11a.o(.ARM.Collect$$$$0000000F))

<P><STRONG><a name="[40]"></a>main</STRONG> (Thumb, 54 bytes, Stack size 24 bytes, main.o(.text))
<BR><BR>[Stack]<UL><LI>Max Depth = 176 + Unknown Stack Size
<LI>Call Chain = main &rArr; OSInit &rArr; OSTmr_Init &rArr; OSTmr_InitTask &rArr; OSTaskCreateExt &rArr; OS_TCBInit
</UL>
<BR>[Calls]<UL><LI><a href="#[6b]">&gt;&gt;</a>&nbsp;&nbsp;&nbsp;OSTaskCreateExt
<LI><a href="#[6c]">&gt;&gt;</a>&nbsp;&nbsp;&nbsp;OSStart
<LI><a href="#[6a]">&gt;&gt;</a>&nbsp;&nbsp;&nbsp;OSInit
<LI><a href="#[69]">&gt;&gt;</a>&nbsp;&nbsp;&nbsp;CPU_IntDis
</UL>
<BR>[Address Reference Count : 1]<UL><LI> entry9a.o(.ARM.Collect$$$$0000000B)
</UL>
<P><STRONG><a name="[6d]"></a>create_os_task</STRONG> (Thumb, 136 bytes, Stack size 24 bytes, task.o(.text))
<BR><BR>[Stack]<UL><LI>Max Depth = 120 + Unknown Stack Size
<LI>Call Chain = create_os_task &rArr; OSTaskCreateExt &rArr; OS_TCBInit
</UL>
<BR>[Calls]<UL><LI><a href="#[6b]">&gt;&gt;</a>&nbsp;&nbsp;&nbsp;OSTaskCreateExt
</UL>
<BR>[Called By]<UL><LI><a href="#[41]">&gt;&gt;</a>&nbsp;&nbsp;&nbsp;TaskStartPrc
</UL>

<P><STRONG><a name="[2af]"></a>create_os_mutex</STRONG> (Thumb, 2 bytes, Stack size 0 bytes, task.o(.text), UNUSED)

<P><STRONG><a name="[6e]"></a>create_os_queue</STRONG> (Thumb, 112 bytes, Stack size 8 bytes, task.o(.text))
<BR><BR>[Stack]<UL><LI>Max Depth = 32 + Unknown Stack Size
<LI>Call Chain = create_os_queue &rArr; OSQCreate
</UL>
<BR>[Calls]<UL><LI><a href="#[6f]">&gt;&gt;</a>&nbsp;&nbsp;&nbsp;OSQCreate
</UL>
<BR>[Called By]<UL><LI><a href="#[41]">&gt;&gt;</a>&nbsp;&nbsp;&nbsp;TaskStartPrc
</UL>

<P><STRONG><a name="[70]"></a>create_os_mem</STRONG> (Thumb, 8 bytes, Stack size 8 bytes, task.o(.text))
<BR><BR>[Stack]<UL><LI>Max Depth = 64 + Unknown Stack Size
<LI>Call Chain = create_os_mem &rArr; create_os_mempool &rArr; OSMemCreate
</UL>
<BR>[Calls]<UL><LI><a href="#[71]">&gt;&gt;</a>&nbsp;&nbsp;&nbsp;create_os_mempool
</UL>
<BR>[Called By]<UL><LI><a href="#[41]">&gt;&gt;</a>&nbsp;&nbsp;&nbsp;TaskStartPrc
</UL>

<P><STRONG><a name="[72]"></a>create_os_eventflag</STRONG> (Thumb, 2 bytes, Stack size 0 bytes, task.o(.text))
<BR><BR>[Called By]<UL><LI><a href="#[41]">&gt;&gt;</a>&nbsp;&nbsp;&nbsp;TaskStartPrc
</UL>

<P><STRONG><a name="[74]"></a>create_os_sem</STRONG> (Thumb, 2 bytes, Stack size 0 bytes, task.o(.text))
<BR><BR>[Called By]<UL><LI><a href="#[41]">&gt;&gt;</a>&nbsp;&nbsp;&nbsp;TaskStartPrc
</UL>

<P><STRONG><a name="[73]"></a>create_os_tmr</STRONG> (Thumb, 2 bytes, Stack size 0 bytes, task.o(.text))
<BR><BR>[Called By]<UL><LI><a href="#[41]">&gt;&gt;</a>&nbsp;&nbsp;&nbsp;TaskStartPrc
</UL>

<P><STRONG><a name="[41]"></a>TaskStartPrc</STRONG> (Thumb, 198 bytes, Stack size 16 bytes, taskstartprc.o(.text))
<BR><BR>[Stack]<UL><LI>Max Depth = 728 + Unknown Stack Size
<LI>Call Chain = TaskStartPrc &rArr; Debug_Output_CAN &rArr; CCANDataSimpleSendPost &rArr; DataReSend_Set &rArr; DataReSend_SetEvent &rArr; WAE_SetEvent &rArr; MemApply &rArr; OSMemGet
</UL>
<BR>[Calls]<UL><LI><a href="#[77]">&gt;&gt;</a>&nbsp;&nbsp;&nbsp;Target_INIT
<LI><a href="#[76]">&gt;&gt;</a>&nbsp;&nbsp;&nbsp;OS_CPU_SysTickInit
<LI><a href="#[61]">&gt;&gt;</a>&nbsp;&nbsp;&nbsp;OSTimeGet
<LI><a href="#[7a]">&gt;&gt;</a>&nbsp;&nbsp;&nbsp;OSTimeDlyHMSM
<LI><a href="#[79]">&gt;&gt;</a>&nbsp;&nbsp;&nbsp;OSStatInit
<LI><a href="#[7d]">&gt;&gt;</a>&nbsp;&nbsp;&nbsp;Debug_Output_CAN
<LI><a href="#[75]">&gt;&gt;</a>&nbsp;&nbsp;&nbsp;CGU_UpdateClock
<LI><a href="#[7c]">&gt;&gt;</a>&nbsp;&nbsp;&nbsp;CANbusControlPeriodHandle
<LI><a href="#[7b]">&gt;&gt;</a>&nbsp;&nbsp;&nbsp;BoardLightCtr_Handle
<LI><a href="#[78]">&gt;&gt;</a>&nbsp;&nbsp;&nbsp;App_Init
<LI><a href="#[73]">&gt;&gt;</a>&nbsp;&nbsp;&nbsp;create_os_tmr
<LI><a href="#[74]">&gt;&gt;</a>&nbsp;&nbsp;&nbsp;create_os_sem
<LI><a href="#[72]">&gt;&gt;</a>&nbsp;&nbsp;&nbsp;create_os_eventflag
<LI><a href="#[70]">&gt;&gt;</a>&nbsp;&nbsp;&nbsp;create_os_mem
<LI><a href="#[6e]">&gt;&gt;</a>&nbsp;&nbsp;&nbsp;create_os_queue
<LI><a href="#[6d]">&gt;&gt;</a>&nbsp;&nbsp;&nbsp;create_os_task
</UL>
<BR>[Address Reference Count : 1]<UL><LI> main.o(.text)
</UL>
<P><STRONG><a name="[7e]"></a>CanMessageInit</STRONG> (Thumb, 80 bytes, Stack size 16 bytes, app.o(.text))
<BR><BR>[Stack]<UL><LI>Max Depth = 168 + Unknown Stack Size
<LI>Call Chain = CanMessageInit &rArr; CCAN_RecMessageSet &rArr; CANMessageAdd &rArr; Chip_CCAN_SetMsgObject &rArr; Chip_CCAN_TransferMsgObject
</UL>
<BR>[Calls]<UL><LI><a href="#[7f]">&gt;&gt;</a>&nbsp;&nbsp;&nbsp;GetCanNetAddrByPort
<LI><a href="#[80]">&gt;&gt;</a>&nbsp;&nbsp;&nbsp;CCAN_RecMessageSet
</UL>
<BR>[Called By]<UL><LI><a href="#[78]">&gt;&gt;</a>&nbsp;&nbsp;&nbsp;App_Init
</UL>

<P><STRONG><a name="[81]"></a>Unit_AddrRead</STRONG> (Thumb, 74 bytes, Stack size 24 bytes, app.o(.text))
<BR><BR>[Stack]<UL><LI>Max Depth = 24<LI>Call Chain = Unit_AddrRead
</UL>
<BR>[Calls]<UL><LI><a href="#[82]">&gt;&gt;</a>&nbsp;&nbsp;&nbsp;GPIO_ReadValue
</UL>
<BR>[Called By]<UL><LI><a href="#[83]">&gt;&gt;</a>&nbsp;&nbsp;&nbsp;AppPara_Init
<LI><a href="#[45]">&gt;&gt;</a>&nbsp;&nbsp;&nbsp;AppTaskNetProc
</UL>

<P><STRONG><a name="[83]"></a>AppPara_Init</STRONG> (Thumb, 42 bytes, Stack size 8 bytes, app.o(.text))
<BR><BR>[Stack]<UL><LI>Max Depth = 32<LI>Call Chain = AppPara_Init &rArr; Unit_AddrRead
</UL>
<BR>[Calls]<UL><LI><a href="#[81]">&gt;&gt;</a>&nbsp;&nbsp;&nbsp;Unit_AddrRead
</UL>
<BR>[Called By]<UL><LI><a href="#[78]">&gt;&gt;</a>&nbsp;&nbsp;&nbsp;App_Init
</UL>

<P><STRONG><a name="[78]"></a>App_Init</STRONG> (Thumb, 20 bytes, Stack size 8 bytes, app.o(.text))
<BR><BR>[Stack]<UL><LI>Max Depth = 176 + Unknown Stack Size
<LI>Call Chain = App_Init &rArr; CanMessageInit &rArr; CCAN_RecMessageSet &rArr; CANMessageAdd &rArr; Chip_CCAN_SetMsgObject &rArr; Chip_CCAN_TransferMsgObject
</UL>
<BR>[Calls]<UL><LI><a href="#[84]">&gt;&gt;</a>&nbsp;&nbsp;&nbsp;DataReSend_Init
<LI><a href="#[85]">&gt;&gt;</a>&nbsp;&nbsp;&nbsp;BoardLightData_Init
<LI><a href="#[83]">&gt;&gt;</a>&nbsp;&nbsp;&nbsp;AppPara_Init
<LI><a href="#[7e]">&gt;&gt;</a>&nbsp;&nbsp;&nbsp;CanMessageInit
</UL>
<BR>[Called By]<UL><LI><a href="#[41]">&gt;&gt;</a>&nbsp;&nbsp;&nbsp;TaskStartPrc
</UL>

<P><STRONG><a name="[86]"></a>HW_VerRead</STRONG> (Thumb, 80 bytes, Stack size 24 bytes, app.o(.text), UNUSED)
<BR><BR>[Calls]<UL><LI><a href="#[82]">&gt;&gt;</a>&nbsp;&nbsp;&nbsp;GPIO_ReadValue
</UL>

<P><STRONG><a name="[87]"></a>EquipmentSta</STRONG> (Thumb, 110 bytes, Stack size 104 bytes, app.o(.text))
<BR><BR>[Stack]<UL><LI>Max Depth = 496 + Unknown Stack Size
<LI>Call Chain = EquipmentSta &rArr; CCANDataSimpleSendPost &rArr; DataReSend_Set &rArr; DataReSend_SetEvent &rArr; WAE_SetEvent &rArr; MemApply &rArr; OSMemGet
</UL>
<BR>[Calls]<UL><LI><a href="#[8a]">&gt;&gt;</a>&nbsp;&nbsp;&nbsp;CCANDataSimpleSendPost
<LI><a href="#[89]">&gt;&gt;</a>&nbsp;&nbsp;&nbsp;CANStatusGet
<LI><a href="#[88]">&gt;&gt;</a>&nbsp;&nbsp;&nbsp;__aeabi_memclr4
</UL>
<BR>[Called By]<UL><LI><a href="#[90]">&gt;&gt;</a>&nbsp;&nbsp;&nbsp;CCANHost_Handle
</UL>

<P><STRONG><a name="[8b]"></a>Version_Query_Handle</STRONG> (Thumb, 128 bytes, Stack size 168 bytes, appmsgdispatchpro.o(.text))
<BR><BR>[Stack]<UL><LI>Max Depth = 560 + Unknown Stack Size
<LI>Call Chain = Version_Query_Handle &rArr; CCANDataSimpleSendPost &rArr; DataReSend_Set &rArr; DataReSend_SetEvent &rArr; WAE_SetEvent &rArr; MemApply &rArr; OSMemGet
</UL>
<BR>[Calls]<UL><LI><a href="#[8e]">&gt;&gt;</a>&nbsp;&nbsp;&nbsp;GetSoftwareVersion
<LI><a href="#[8a]">&gt;&gt;</a>&nbsp;&nbsp;&nbsp;CCANDataSimpleSendPost
<LI><a href="#[8d]">&gt;&gt;</a>&nbsp;&nbsp;&nbsp;strlen
<LI><a href="#[88]">&gt;&gt;</a>&nbsp;&nbsp;&nbsp;__aeabi_memclr4
<LI><a href="#[8c]">&gt;&gt;</a>&nbsp;&nbsp;&nbsp;__aeabi_memcpy4
</UL>
<BR>[Called By]<UL><LI><a href="#[90]">&gt;&gt;</a>&nbsp;&nbsp;&nbsp;CCANHost_Handle
</UL>

<P><STRONG><a name="[2b0]"></a>OpSwitchMachine_Handle</STRONG> (Thumb, 4 bytes, Stack size 0 bytes, appmsgdispatchpro.o(.text), UNUSED)

<P><STRONG><a name="[9a]"></a>Uart_Data_Handle</STRONG> (Thumb, 2 bytes, Stack size 0 bytes, appmsgdispatchpro.o(.text))
<BR><BR>[Called By]<UL><LI><a href="#[42]">&gt;&gt;</a>&nbsp;&nbsp;&nbsp;AppTaskMsgDispatchProc
</UL>

<P><STRONG><a name="[8f]"></a>RouteTest</STRONG> (Thumb, 62 bytes, Stack size 104 bytes, appmsgdispatchpro.o(.text))
<BR><BR>[Stack]<UL><LI>Max Depth = 496 + Unknown Stack Size
<LI>Call Chain = RouteTest &rArr; CCANDataSimpleSendPost &rArr; DataReSend_Set &rArr; DataReSend_SetEvent &rArr; WAE_SetEvent &rArr; MemApply &rArr; OSMemGet
</UL>
<BR>[Calls]<UL><LI><a href="#[8a]">&gt;&gt;</a>&nbsp;&nbsp;&nbsp;CCANDataSimpleSendPost
<LI><a href="#[88]">&gt;&gt;</a>&nbsp;&nbsp;&nbsp;__aeabi_memclr4
</UL>
<BR>[Called By]<UL><LI><a href="#[90]">&gt;&gt;</a>&nbsp;&nbsp;&nbsp;CCANHost_Handle
</UL>

<P><STRONG><a name="[90]"></a>CCANHost_Handle</STRONG> (Thumb, 244 bytes, Stack size 80 bytes, appmsgdispatchpro.o(.text))
<BR><BR>[Stack]<UL><LI>Max Depth = 936 + Unknown Stack Size
<LI>Call Chain = CCANHost_Handle &rArr; UpdateDataIn &rArr; SlaveUpdateReceive &rArr; CreatCheckTack &rArr; Debug_Output_Ethernet &rArr; EthernetDatapbCIR30FullSendPost &rArr; DataReSend_Set &rArr; DataReSend_SetEvent &rArr; WAE_SetEvent &rArr; MemApply &rArr; OSMemGet
</UL>
<BR>[Calls]<UL><LI><a href="#[92]">&gt;&gt;</a>&nbsp;&nbsp;&nbsp;WAE_CheckPair
<LI><a href="#[93]">&gt;&gt;</a>&nbsp;&nbsp;&nbsp;UpdateDataIn
<LI><a href="#[91]">&gt;&gt;</a>&nbsp;&nbsp;&nbsp;ParseptCIRFrame
<LI><a href="#[94]">&gt;&gt;</a>&nbsp;&nbsp;&nbsp;Comprehensive_Info_Handle
<LI><a href="#[8f]">&gt;&gt;</a>&nbsp;&nbsp;&nbsp;RouteTest
<LI><a href="#[8b]">&gt;&gt;</a>&nbsp;&nbsp;&nbsp;Version_Query_Handle
<LI><a href="#[8a]">&gt;&gt;</a>&nbsp;&nbsp;&nbsp;CCANDataSimpleSendPost
<LI><a href="#[87]">&gt;&gt;</a>&nbsp;&nbsp;&nbsp;EquipmentSta
<LI><a href="#[88]">&gt;&gt;</a>&nbsp;&nbsp;&nbsp;__aeabi_memclr4
</UL>
<BR>[Called By]<UL><LI><a href="#[42]">&gt;&gt;</a>&nbsp;&nbsp;&nbsp;AppTaskMsgDispatchProc
</UL>

<P><STRONG><a name="[95]"></a>EthernetHost_Handle</STRONG> (Thumb, 50 bytes, Stack size 16 bytes, appmsgdispatchpro.o(.text))
<BR><BR>[Stack]<UL><LI>Max Depth = 872 + Unknown Stack Size
<LI>Call Chain = EthernetHost_Handle &rArr; UpdateDataIn &rArr; SlaveUpdateReceive &rArr; CreatCheckTack &rArr; Debug_Output_Ethernet &rArr; EthernetDatapbCIR30FullSendPost &rArr; DataReSend_Set &rArr; DataReSend_SetEvent &rArr; WAE_SetEvent &rArr; MemApply &rArr; OSMemGet
</UL>
<BR>[Calls]<UL><LI><a href="#[93]">&gt;&gt;</a>&nbsp;&nbsp;&nbsp;UpdateDataIn
<LI><a href="#[91]">&gt;&gt;</a>&nbsp;&nbsp;&nbsp;ParseptCIRFrame
</UL>
<BR>[Called By]<UL><LI><a href="#[42]">&gt;&gt;</a>&nbsp;&nbsp;&nbsp;AppTaskMsgDispatchProc
</UL>

<P><STRONG><a name="[42]"></a>AppTaskMsgDispatchProc</STRONG> (Thumb, 136 bytes, Stack size 8 bytes, appmsgdispatchpro.o(.text))
<BR><BR>[Stack]<UL><LI>Max Depth = 944 + Unknown Stack Size
<LI>Call Chain = AppTaskMsgDispatchProc &rArr; CCANHost_Handle &rArr; UpdateDataIn &rArr; SlaveUpdateReceive &rArr; CreatCheckTack &rArr; Debug_Output_Ethernet &rArr; EthernetDatapbCIR30FullSendPost &rArr; DataReSend_Set &rArr; DataReSend_SetEvent &rArr; WAE_SetEvent &rArr; MemApply &rArr; OSMemGet
</UL>
<BR>[Calls]<UL><LI><a href="#[96]">&gt;&gt;</a>&nbsp;&nbsp;&nbsp;OSQPend
<LI><a href="#[99]">&gt;&gt;</a>&nbsp;&nbsp;&nbsp;MemFree
<LI><a href="#[95]">&gt;&gt;</a>&nbsp;&nbsp;&nbsp;EthernetHost_Handle
<LI><a href="#[90]">&gt;&gt;</a>&nbsp;&nbsp;&nbsp;CCANHost_Handle
<LI><a href="#[9a]">&gt;&gt;</a>&nbsp;&nbsp;&nbsp;Uart_Data_Handle
<LI><a href="#[97]">&gt;&gt;</a>&nbsp;&nbsp;&nbsp;__aeabi_memclr
<LI><a href="#[98]">&gt;&gt;</a>&nbsp;&nbsp;&nbsp;__aeabi_memcpy
</UL>
<BR>[Address Reference Count : 1]<UL><LI> task.o(.text)
</UL>
<P><STRONG><a name="[43]"></a>AppTaskMsgTxProc</STRONG> (Thumb, 272 bytes, Stack size 8 bytes, appmsgtxpro.o(.text))
<BR><BR>[Stack]<UL><LI>Max Depth = 1396 + Unknown Stack Size
<LI>Call Chain = AppTaskMsgTxProc &rArr; DataReSend_Proc &rArr; WAE_ReSend &rArr; WAE_DataReSend &rArr; UARTDatapbCIR20SendPost &rArr; BuildptCIR20FrameStream &rArr; BuildptCIR20Frame &rArr; CalCRC16
</UL>
<BR>[Calls]<UL><LI><a href="#[a2]">&gt;&gt;</a>&nbsp;&nbsp;&nbsp;DataReSend_Proc
<LI><a href="#[9d]">&gt;&gt;</a>&nbsp;&nbsp;&nbsp;MsgTx_QueueProc
<LI><a href="#[a1]">&gt;&gt;</a>&nbsp;&nbsp;&nbsp;Board_MsgTxQueue_Init
<LI><a href="#[9b]">&gt;&gt;</a>&nbsp;&nbsp;&nbsp;MsgTx_QueueAdd
<LI><a href="#[96]">&gt;&gt;</a>&nbsp;&nbsp;&nbsp;OSQPend
<LI><a href="#[99]">&gt;&gt;</a>&nbsp;&nbsp;&nbsp;MemFree
</UL>
<BR>[Address Reference Count : 1]<UL><LI> task.o(.text)
</UL>
<P><STRONG><a name="[44]"></a>AppTaskMsgRxProc</STRONG> (Thumb, 32 bytes, Stack size 0 bytes, appmsgrxpro.o(.text))
<BR><BR>[Stack]<UL><LI>Max Depth = 140 + Unknown Stack Size
<LI>Call Chain = AppTaskMsgRxProc &rArr; Uart_QueueProc &rArr; UART1_QueueProc &rArr; UART_Data_RevFmtProc &rArr; MQ_AddTail &rArr; OSQPost &rArr; OS_EventTaskRdy &rArr; OS_EventTaskRemove
</UL>
<BR>[Calls]<UL><LI><a href="#[a6]">&gt;&gt;</a>&nbsp;&nbsp;&nbsp;Uart_QueueProc
<LI><a href="#[a5]">&gt;&gt;</a>&nbsp;&nbsp;&nbsp;CCAN_QueueProc
<LI><a href="#[a4]">&gt;&gt;</a>&nbsp;&nbsp;&nbsp;Board_Uart_Init
<LI><a href="#[a3]">&gt;&gt;</a>&nbsp;&nbsp;&nbsp;Board_Can_Init
<LI><a href="#[7a]">&gt;&gt;</a>&nbsp;&nbsp;&nbsp;OSTimeDlyHMSM
</UL>
<BR>[Address Reference Count : 1]<UL><LI> task.o(.text)
</UL>
<P><STRONG><a name="[71]"></a>create_os_mempool</STRONG> (Thumb, 106 bytes, Stack size 8 bytes, memmanage.o(.text))
<BR><BR>[Stack]<UL><LI>Max Depth = 56 + Unknown Stack Size
<LI>Call Chain = create_os_mempool &rArr; OSMemCreate
</UL>
<BR>[Calls]<UL><LI><a href="#[a7]">&gt;&gt;</a>&nbsp;&nbsp;&nbsp;OSMemCreate
</UL>
<BR>[Called By]<UL><LI><a href="#[70]">&gt;&gt;</a>&nbsp;&nbsp;&nbsp;create_os_mem
</UL>

<P><STRONG><a name="[a8]"></a>MemApply</STRONG> (Thumb, 348 bytes, Stack size 16 bytes, memmanage.o(.text))
<BR><BR>[Stack]<UL><LI>Max Depth = 40 + Unknown Stack Size
<LI>Call Chain = MemApply &rArr; OSMemGet
</UL>
<BR>[Calls]<UL><LI><a href="#[a9]">&gt;&gt;</a>&nbsp;&nbsp;&nbsp;OSMemGet
</UL>
<BR>[Called By]<UL><LI><a href="#[46]">&gt;&gt;</a>&nbsp;&nbsp;&nbsp;EthernetRevDataPost
<LI><a href="#[47]">&gt;&gt;</a>&nbsp;&nbsp;&nbsp;EthernetDataSend
<LI><a href="#[1bb]">&gt;&gt;</a>&nbsp;&nbsp;&nbsp;MQ_AddTail
<LI><a href="#[1af]">&gt;&gt;</a>&nbsp;&nbsp;&nbsp;WAE_SetEvent
</UL>

<P><STRONG><a name="[99]"></a>MemFree</STRONG> (Thumb, 214 bytes, Stack size 16 bytes, memmanage.o(.text))
<BR><BR>[Stack]<UL><LI>Max Depth = 32 + Unknown Stack Size
<LI>Call Chain = MemFree &rArr; OSMemPut
</UL>
<BR>[Calls]<UL><LI><a href="#[aa]">&gt;&gt;</a>&nbsp;&nbsp;&nbsp;OSMemPut
</UL>
<BR>[Called By]<UL><LI><a href="#[bf]">&gt;&gt;</a>&nbsp;&nbsp;&nbsp;NetSendProc
<LI><a href="#[46]">&gt;&gt;</a>&nbsp;&nbsp;&nbsp;EthernetRevDataPost
<LI><a href="#[47]">&gt;&gt;</a>&nbsp;&nbsp;&nbsp;EthernetDataSend
<LI><a href="#[9d]">&gt;&gt;</a>&nbsp;&nbsp;&nbsp;MsgTx_QueueProc
<LI><a href="#[43]">&gt;&gt;</a>&nbsp;&nbsp;&nbsp;AppTaskMsgTxProc
<LI><a href="#[42]">&gt;&gt;</a>&nbsp;&nbsp;&nbsp;AppTaskMsgDispatchProc
<LI><a href="#[1bb]">&gt;&gt;</a>&nbsp;&nbsp;&nbsp;MQ_AddTail
<LI><a href="#[1b0]">&gt;&gt;</a>&nbsp;&nbsp;&nbsp;WAE_FreeEvent
</UL>

<P><STRONG><a name="[ab]"></a>TimerRef</STRONG> (Thumb, 28 bytes, Stack size 16 bytes, apptime.o(.text))
<BR><BR>[Stack]<UL><LI>Max Depth = 32 + Unknown Stack Size
<LI>Call Chain = TimerRef &rArr; OSTimeGet
</UL>
<BR>[Calls]<UL><LI><a href="#[61]">&gt;&gt;</a>&nbsp;&nbsp;&nbsp;OSTimeGet
</UL>
<BR>[Called By]<UL><LI><a href="#[241]">&gt;&gt;</a>&nbsp;&nbsp;&nbsp;UART_Data_RevFmtProc
</UL>

<P><STRONG><a name="[244]"></a>TimerInit</STRONG> (Thumb, 20 bytes, Stack size 0 bytes, apptime.o(.text))
<BR><BR>[Called By]<UL><LI><a href="#[242]">&gt;&gt;</a>&nbsp;&nbsp;&nbsp;UART1_QueueProc
</UL>

<P><STRONG><a name="[85]"></a>BoardLightData_Init</STRONG> (Thumb, 16 bytes, Stack size 0 bytes, ledcontrol.o(.text))
<BR><BR>[Called By]<UL><LI><a href="#[78]">&gt;&gt;</a>&nbsp;&nbsp;&nbsp;App_Init
</UL>

<P><STRONG><a name="[ac]"></a>OS_at_Run</STRONG> (Thumb, 38 bytes, Stack size 8 bytes, ledcontrol.o(.text))
<BR><BR>[Stack]<UL><LI>Max Depth = 8<LI>Call Chain = OS_at_Run
</UL>
<BR>[Calls]<UL><LI><a href="#[ad]">&gt;&gt;</a>&nbsp;&nbsp;&nbsp;LED_On
<LI><a href="#[ae]">&gt;&gt;</a>&nbsp;&nbsp;&nbsp;LED_Off
</UL>
<BR>[Called By]<UL><LI><a href="#[7b]">&gt;&gt;</a>&nbsp;&nbsp;&nbsp;BoardLightCtr_Handle
</UL>

<P><STRONG><a name="[af]"></a>BoardLightOn</STRONG> (Thumb, 48 bytes, Stack size 16 bytes, ledcontrol.o(.text))
<BR><BR>[Stack]<UL><LI>Max Depth = 16 + Unknown Stack Size
<LI>Call Chain = BoardLightOn
</UL>
<BR>[Calls]<UL><LI><a href="#[b0]">&gt;&gt;</a>&nbsp;&nbsp;&nbsp;OS_CPU_SR_Save
<LI><a href="#[b1]">&gt;&gt;</a>&nbsp;&nbsp;&nbsp;OS_CPU_SR_Restore
</UL>
<BR>[Called By]<UL><LI><a href="#[38]">&gt;&gt;</a>&nbsp;&nbsp;&nbsp;CAN1_IRQHandler
<LI><a href="#[3e]">&gt;&gt;</a>&nbsp;&nbsp;&nbsp;CAN0_IRQHandler
</UL>

<P><STRONG><a name="[7b]"></a>BoardLightCtr_Handle</STRONG> (Thumb, 230 bytes, Stack size 8 bytes, ledcontrol.o(.text))
<BR><BR>[Stack]<UL><LI>Max Depth = 32 + Unknown Stack Size
<LI>Call Chain = BoardLightCtr_Handle &rArr; PrimaryCAN_Get &rArr; OSSchedUnlock &rArr; OS_Sched
</UL>
<BR>[Calls]<UL><LI><a href="#[b2]">&gt;&gt;</a>&nbsp;&nbsp;&nbsp;PrimaryCAN_Get
<LI><a href="#[b0]">&gt;&gt;</a>&nbsp;&nbsp;&nbsp;OS_CPU_SR_Save
<LI><a href="#[b1]">&gt;&gt;</a>&nbsp;&nbsp;&nbsp;OS_CPU_SR_Restore
<LI><a href="#[ad]">&gt;&gt;</a>&nbsp;&nbsp;&nbsp;LED_On
<LI><a href="#[ae]">&gt;&gt;</a>&nbsp;&nbsp;&nbsp;LED_Off
<LI><a href="#[ac]">&gt;&gt;</a>&nbsp;&nbsp;&nbsp;OS_at_Run
<LI><a href="#[61]">&gt;&gt;</a>&nbsp;&nbsp;&nbsp;OSTimeGet
</UL>
<BR>[Called By]<UL><LI><a href="#[41]">&gt;&gt;</a>&nbsp;&nbsp;&nbsp;TaskStartPrc
</UL>

<P><STRONG><a name="[94]"></a>Comprehensive_Info_Handle</STRONG> (Thumb, 58 bytes, Stack size 8 bytes, appdefine.o(.text))
<BR><BR>[Stack]<UL><LI>Max Depth = 24 + Unknown Stack Size
<LI>Call Chain = Comprehensive_Info_Handle &rArr; OSSchedUnlock &rArr; OS_Sched
</UL>
<BR>[Calls]<UL><LI><a href="#[b4]">&gt;&gt;</a>&nbsp;&nbsp;&nbsp;OSSchedUnlock
<LI><a href="#[b3]">&gt;&gt;</a>&nbsp;&nbsp;&nbsp;OSSchedLock
<LI><a href="#[98]">&gt;&gt;</a>&nbsp;&nbsp;&nbsp;__aeabi_memcpy
</UL>
<BR>[Called By]<UL><LI><a href="#[90]">&gt;&gt;</a>&nbsp;&nbsp;&nbsp;CCANHost_Handle
</UL>

<P><STRONG><a name="[b2]"></a>PrimaryCAN_Get</STRONG> (Thumb, 20 bytes, Stack size 8 bytes, appdefine.o(.text))
<BR><BR>[Stack]<UL><LI>Max Depth = 24 + Unknown Stack Size
<LI>Call Chain = PrimaryCAN_Get &rArr; OSSchedUnlock &rArr; OS_Sched
</UL>
<BR>[Calls]<UL><LI><a href="#[b4]">&gt;&gt;</a>&nbsp;&nbsp;&nbsp;OSSchedUnlock
<LI><a href="#[b3]">&gt;&gt;</a>&nbsp;&nbsp;&nbsp;OSSchedLock
</UL>
<BR>[Called By]<UL><LI><a href="#[7b]">&gt;&gt;</a>&nbsp;&nbsp;&nbsp;BoardLightCtr_Handle
</UL>

<P><STRONG><a name="[19]"></a>TIMER0_IRQHandler</STRONG> (Thumb, 36 bytes, Stack size 8 bytes, appnetpro.o(.text))
<BR><BR>[Stack]<UL><LI>Max Depth = 16 + Unknown Stack Size
<LI>Call Chain = TIMER0_IRQHandler &rArr; OSIntExit
</UL>
<BR>[Calls]<UL><LI><a href="#[b7]">&gt;&gt;</a>&nbsp;&nbsp;&nbsp;timer_tick
<LI><a href="#[b6]">&gt;&gt;</a>&nbsp;&nbsp;&nbsp;TIM_ClearIntPending
<LI><a href="#[b8]">&gt;&gt;</a>&nbsp;&nbsp;&nbsp;OSIntExit
<LI><a href="#[b5]">&gt;&gt;</a>&nbsp;&nbsp;&nbsp;OSIntEnter
<LI><a href="#[b0]">&gt;&gt;</a>&nbsp;&nbsp;&nbsp;OS_CPU_SR_Save
<LI><a href="#[b1]">&gt;&gt;</a>&nbsp;&nbsp;&nbsp;OS_CPU_SR_Restore
</UL>
<BR>[Address Reference Count : 1]<UL><LI> startup_lpc43xx.o(RESET)
</UL>
<P><STRONG><a name="[b9]"></a>Timer0_Init</STRONG> (Thumb, 136 bytes, Stack size 32 bytes, appnetpro.o(.text))
<BR><BR>[Stack]<UL><LI>Max Depth = 136<LI>Call Chain = Timer0_Init &rArr; TIM_Init &rArr; converUSecToVal &rArr; __aeabi_uldivmod
</UL>
<BR>[Calls]<UL><LI><a href="#[bb]">&gt;&gt;</a>&nbsp;&nbsp;&nbsp;TIM_Init
<LI><a href="#[bc]">&gt;&gt;</a>&nbsp;&nbsp;&nbsp;TIM_ConfigMatch
<LI><a href="#[bd]">&gt;&gt;</a>&nbsp;&nbsp;&nbsp;TIM_Cmd
<LI><a href="#[ba]">&gt;&gt;</a>&nbsp;&nbsp;&nbsp;CGU_GetPCLKFrequency
</UL>
<BR>[Called By]<UL><LI><a href="#[45]">&gt;&gt;</a>&nbsp;&nbsp;&nbsp;AppTaskNetProc
</UL>

<P><STRONG><a name="[45]"></a>AppTaskNetProc</STRONG> (Thumb, 212 bytes, Stack size 40 bytes, appnetpro.o(.text))
<BR><BR>[Stack]<UL><LI>Max Depth = 248 + Unknown Stack Size
<LI>Call Chain = AppTaskNetProc &rArr; NetSendProc &rArr; UDP_SendData &rArr; udp_send &rArr; ip_send_frame &rArr; eth_send_frame &rArr; arp_cache_find &rArr; arp_send_request &rArr; alloc_mem
</UL>
<BR>[Calls]<UL><LI><a href="#[ce]">&gt;&gt;</a>&nbsp;&nbsp;&nbsp;main_TcpNet
<LI><a href="#[c9]">&gt;&gt;</a>&nbsp;&nbsp;&nbsp;init_TcpNet
<LI><a href="#[cc]">&gt;&gt;</a>&nbsp;&nbsp;&nbsp;UDP_SendPort_Init
<LI><a href="#[cb]">&gt;&gt;</a>&nbsp;&nbsp;&nbsp;UDP_ReceivePort_Init
<LI><a href="#[c8]">&gt;&gt;</a>&nbsp;&nbsp;&nbsp;UDP_DataInit
<LI><a href="#[c6]">&gt;&gt;</a>&nbsp;&nbsp;&nbsp;SetIpAdr
<LI><a href="#[c5]">&gt;&gt;</a>&nbsp;&nbsp;&nbsp;SetHostName
<LI><a href="#[cd]">&gt;&gt;</a>&nbsp;&nbsp;&nbsp;OSFlagPend
<LI><a href="#[c7]">&gt;&gt;</a>&nbsp;&nbsp;&nbsp;OSFlagCreate
<LI><a href="#[c2]">&gt;&gt;</a>&nbsp;&nbsp;&nbsp;GetUnitJPByPort
<LI><a href="#[ca]">&gt;&gt;</a>&nbsp;&nbsp;&nbsp;GetNetPortByPort
<LI><a href="#[c3]">&gt;&gt;</a>&nbsp;&nbsp;&nbsp;GetNetAddrByPort
<LI><a href="#[c4]">&gt;&gt;</a>&nbsp;&nbsp;&nbsp;GetMacAddrByPort
<LI><a href="#[b9]">&gt;&gt;</a>&nbsp;&nbsp;&nbsp;Timer0_Init
<LI><a href="#[bf]">&gt;&gt;</a>&nbsp;&nbsp;&nbsp;NetSendProc
<LI><a href="#[81]">&gt;&gt;</a>&nbsp;&nbsp;&nbsp;Unit_AddrRead
<LI><a href="#[8d]">&gt;&gt;</a>&nbsp;&nbsp;&nbsp;strlen
</UL>
<BR>[Address Reference Count : 1]<UL><LI> task.o(.text)
</UL>
<P><STRONG><a name="[d0]"></a>GetOwnPort</STRONG> (Thumb, 6 bytes, Stack size 0 bytes, updateapi.o(.text))
<BR><BR>[Called By]<UL><LI><a href="#[de]">&gt;&gt;</a>&nbsp;&nbsp;&nbsp;ProgressOut
<LI><a href="#[eb]">&gt;&gt;</a>&nbsp;&nbsp;&nbsp;SlaveUpdateReceive
<LI><a href="#[e9]">&gt;&gt;</a>&nbsp;&nbsp;&nbsp;CreatCheckTack
<LI><a href="#[e4]">&gt;&gt;</a>&nbsp;&nbsp;&nbsp;App_TaskCheckUpdate
<LI><a href="#[e3]">&gt;&gt;</a>&nbsp;&nbsp;&nbsp;BlockAck
<LI><a href="#[d2]">&gt;&gt;</a>&nbsp;&nbsp;&nbsp;MD5_Check
<LI><a href="#[cf]">&gt;&gt;</a>&nbsp;&nbsp;&nbsp;AckDectect
</UL>

<P><STRONG><a name="[2b1]"></a>GetOwnName</STRONG> (Thumb, 14 bytes, Stack size 0 bytes, updateapi.o(.text), UNUSED)

<P><STRONG><a name="[e6]"></a>GetMasterCan</STRONG> (Thumb, 6 bytes, Stack size 0 bytes, updateapi.o(.text))
<BR><BR>[Called By]<UL><LI><a href="#[d1]">&gt;&gt;</a>&nbsp;&nbsp;&nbsp;SendDataUpdate
<LI><a href="#[de]">&gt;&gt;</a>&nbsp;&nbsp;&nbsp;ProgressOut
<LI><a href="#[eb]">&gt;&gt;</a>&nbsp;&nbsp;&nbsp;SlaveUpdateReceive
<LI><a href="#[e4]">&gt;&gt;</a>&nbsp;&nbsp;&nbsp;App_TaskCheckUpdate
</UL>

<P><STRONG><a name="[2b2]"></a>UpdateModeSet</STRONG> (Thumb, 2 bytes, Stack size 0 bytes, updateapi.o(.text), UNUSED)

<P><STRONG><a name="[2b3]"></a>GetOffsetUpdate</STRONG> (Thumb, 12 bytes, Stack size 0 bytes, updateapi.o(.text), UNUSED)

<P><STRONG><a name="[f6]"></a>ProgressMMI</STRONG> (Thumb, 2 bytes, Stack size 0 bytes, updateapi.o(.text))
<BR><BR>[Called By]<UL><LI><a href="#[de]">&gt;&gt;</a>&nbsp;&nbsp;&nbsp;ProgressOut
</UL>

<P><STRONG><a name="[cf]"></a>AckDectect</STRONG> (Thumb, 54 bytes, Stack size 104 bytes, updataslave.o(.text))
<BR><BR>[Stack]<UL><LI>Max Depth = 608 + Unknown Stack Size
<LI>Call Chain = AckDectect &rArr; SendDataUpdate &rArr; EthernetDatapbCIR30FullSendPost &rArr; DataReSend_Set &rArr; DataReSend_SetEvent &rArr; WAE_SetEvent &rArr; MemApply &rArr; OSMemGet
</UL>
<BR>[Calls]<UL><LI><a href="#[d1]">&gt;&gt;</a>&nbsp;&nbsp;&nbsp;SendDataUpdate
<LI><a href="#[d0]">&gt;&gt;</a>&nbsp;&nbsp;&nbsp;GetOwnPort
<LI><a href="#[88]">&gt;&gt;</a>&nbsp;&nbsp;&nbsp;__aeabi_memclr4
</UL>
<BR>[Called By]<UL><LI><a href="#[eb]">&gt;&gt;</a>&nbsp;&nbsp;&nbsp;SlaveUpdateReceive
</UL>

<P><STRONG><a name="[d2]"></a>MD5_Check</STRONG> (Thumb, 376 bytes, Stack size 696 bytes, updataslave.o(.text))
<BR><BR>[Stack]<UL><LI>Max Depth = 1344 + Unknown Stack Size
<LI>Call Chain = MD5_Check &rArr; ProgressOut &rArr; CCANDataSimpleSendPost &rArr; DataReSend_Set &rArr; DataReSend_SetEvent &rArr; WAE_SetEvent &rArr; MemApply &rArr; OSMemGet
</UL>
<BR>[Calls]<UL><LI><a href="#[d5]">&gt;&gt;</a>&nbsp;&nbsp;&nbsp;md5_update
<LI><a href="#[d3]">&gt;&gt;</a>&nbsp;&nbsp;&nbsp;md5_starts
<LI><a href="#[df]">&gt;&gt;</a>&nbsp;&nbsp;&nbsp;md5_finish
<LI><a href="#[d6]">&gt;&gt;</a>&nbsp;&nbsp;&nbsp;__aeabi_ui2d
<LI><a href="#[db]">&gt;&gt;</a>&nbsp;&nbsp;&nbsp;__aeabi_fsub
<LI><a href="#[dc]">&gt;&gt;</a>&nbsp;&nbsp;&nbsp;__aeabi_f2d
<LI><a href="#[d7]">&gt;&gt;</a>&nbsp;&nbsp;&nbsp;__aeabi_dmul
<LI><a href="#[d8]">&gt;&gt;</a>&nbsp;&nbsp;&nbsp;__aeabi_ddiv
<LI><a href="#[d9]">&gt;&gt;</a>&nbsp;&nbsp;&nbsp;__aeabi_dadd
<LI><a href="#[da]">&gt;&gt;</a>&nbsp;&nbsp;&nbsp;__aeabi_d2f
<LI><a href="#[dd]">&gt;&gt;</a>&nbsp;&nbsp;&nbsp;__aeabi_cdrcmple
<LI><a href="#[d4]">&gt;&gt;</a>&nbsp;&nbsp;&nbsp;ReadFlash_Update
<LI><a href="#[de]">&gt;&gt;</a>&nbsp;&nbsp;&nbsp;ProgressOut
<LI><a href="#[d0]">&gt;&gt;</a>&nbsp;&nbsp;&nbsp;GetOwnPort
<LI><a href="#[7a]">&gt;&gt;</a>&nbsp;&nbsp;&nbsp;OSTimeDlyHMSM
<LI><a href="#[e0]">&gt;&gt;</a>&nbsp;&nbsp;&nbsp;memcmp
</UL>
<BR>[Called By]<UL><LI><a href="#[e4]">&gt;&gt;</a>&nbsp;&nbsp;&nbsp;App_TaskCheckUpdate
</UL>

<P><STRONG><a name="[e1]"></a>SaveFileToFlash</STRONG> (Thumb, 22 bytes, Stack size 16 bytes, updataslave.o(.text))
<BR><BR>[Stack]<UL><LI>Max Depth = 256<LI>Call Chain = SaveFileToFlash &rArr; WriteFlash_Update &rArr; SSP_Write &rArr; SPI_Program &rArr; SPI_deviceProgram &rArr; SPI_deviceGetStatus &rArr; SPI_prvGetStatusRegister &rArr; Flash_ReadWriteByte &rArr; LPC43xx_SPI_SendRecvByte
</UL>
<BR>[Calls]<UL><LI><a href="#[e2]">&gt;&gt;</a>&nbsp;&nbsp;&nbsp;WriteFlash_Update
</UL>
<BR>[Called By]<UL><LI><a href="#[eb]">&gt;&gt;</a>&nbsp;&nbsp;&nbsp;SlaveUpdateReceive
</UL>

<P><STRONG><a name="[e3]"></a>BlockAck</STRONG> (Thumb, 46 bytes, Stack size 40 bytes, updataslave.o(.text))
<BR><BR>[Stack]<UL><LI>Max Depth = 544 + Unknown Stack Size
<LI>Call Chain = BlockAck &rArr; SendDataUpdate &rArr; EthernetDatapbCIR30FullSendPost &rArr; DataReSend_Set &rArr; DataReSend_SetEvent &rArr; WAE_SetEvent &rArr; MemApply &rArr; OSMemGet
</UL>
<BR>[Calls]<UL><LI><a href="#[d1]">&gt;&gt;</a>&nbsp;&nbsp;&nbsp;SendDataUpdate
<LI><a href="#[d0]">&gt;&gt;</a>&nbsp;&nbsp;&nbsp;GetOwnPort
</UL>
<BR>[Called By]<UL><LI><a href="#[eb]">&gt;&gt;</a>&nbsp;&nbsp;&nbsp;SlaveUpdateReceive
</UL>

<P><STRONG><a name="[e4]"></a>App_TaskCheckUpdate</STRONG> (Thumb, 152 bytes, Stack size 24 bytes, updataslave.o(.text))
<BR><BR>[Stack]<UL><LI>Max Depth = 1368 + Unknown Stack Size
<LI>Call Chain = App_TaskCheckUpdate &rArr; MD5_Check &rArr; ProgressOut &rArr; CCANDataSimpleSendPost &rArr; DataReSend_Set &rArr; DataReSend_SetEvent &rArr; WAE_SetEvent &rArr; MemApply &rArr; OSMemGet
</UL>
<BR>[Calls]<UL><LI><a href="#[e7]">&gt;&gt;</a>&nbsp;&nbsp;&nbsp;WriteBootConfigArea
<LI><a href="#[d1]">&gt;&gt;</a>&nbsp;&nbsp;&nbsp;SendDataUpdate
<LI><a href="#[e5]">&gt;&gt;</a>&nbsp;&nbsp;&nbsp;OSSemPend
<LI><a href="#[e8]">&gt;&gt;</a>&nbsp;&nbsp;&nbsp;Debug_Output_Ethernet
<LI><a href="#[d2]">&gt;&gt;</a>&nbsp;&nbsp;&nbsp;MD5_Check
<LI><a href="#[e6]">&gt;&gt;</a>&nbsp;&nbsp;&nbsp;GetMasterCan
<LI><a href="#[d0]">&gt;&gt;</a>&nbsp;&nbsp;&nbsp;GetOwnPort
<LI><a href="#[b4]">&gt;&gt;</a>&nbsp;&nbsp;&nbsp;OSSchedUnlock
<LI><a href="#[b3]">&gt;&gt;</a>&nbsp;&nbsp;&nbsp;OSSchedLock
<LI><a href="#[7a]">&gt;&gt;</a>&nbsp;&nbsp;&nbsp;OSTimeDlyHMSM
</UL>
<BR>[Address Reference Count : 1]<UL><LI> updataslave.o(.text)
</UL>
<P><STRONG><a name="[e9]"></a>CreatCheckTack</STRONG> (Thumb, 112 bytes, Stack size 32 bytes, updataslave.o(.text))
<BR><BR>[Stack]<UL><LI>Max Depth = 768 + Unknown Stack Size
<LI>Call Chain = CreatCheckTack &rArr; Debug_Output_Ethernet &rArr; EthernetDatapbCIR30FullSendPost &rArr; DataReSend_Set &rArr; DataReSend_SetEvent &rArr; WAE_SetEvent &rArr; MemApply &rArr; OSMemGet
</UL>
<BR>[Calls]<UL><LI><a href="#[ea]">&gt;&gt;</a>&nbsp;&nbsp;&nbsp;OSSemCreate
<LI><a href="#[e8]">&gt;&gt;</a>&nbsp;&nbsp;&nbsp;Debug_Output_Ethernet
<LI><a href="#[d0]">&gt;&gt;</a>&nbsp;&nbsp;&nbsp;GetOwnPort
<LI><a href="#[6b]">&gt;&gt;</a>&nbsp;&nbsp;&nbsp;OSTaskCreateExt
</UL>
<BR>[Called By]<UL><LI><a href="#[eb]">&gt;&gt;</a>&nbsp;&nbsp;&nbsp;SlaveUpdateReceive
</UL>

<P><STRONG><a name="[eb]"></a>SlaveUpdateReceive</STRONG> (Thumb, 1252 bytes, Stack size 72 bytes, updataslave.o(.text))
<BR><BR>[Stack]<UL><LI>Max Depth = 840 + Unknown Stack Size
<LI>Call Chain = SlaveUpdateReceive &rArr; CreatCheckTack &rArr; Debug_Output_Ethernet &rArr; EthernetDatapbCIR30FullSendPost &rArr; DataReSend_Set &rArr; DataReSend_SetEvent &rArr; WAE_SetEvent &rArr; MemApply &rArr; OSMemGet
</UL>
<BR>[Calls]<UL><LI><a href="#[d6]">&gt;&gt;</a>&nbsp;&nbsp;&nbsp;__aeabi_ui2d
<LI><a href="#[d7]">&gt;&gt;</a>&nbsp;&nbsp;&nbsp;__aeabi_dmul
<LI><a href="#[d8]">&gt;&gt;</a>&nbsp;&nbsp;&nbsp;__aeabi_ddiv
<LI><a href="#[d9]">&gt;&gt;</a>&nbsp;&nbsp;&nbsp;__aeabi_dadd
<LI><a href="#[da]">&gt;&gt;</a>&nbsp;&nbsp;&nbsp;__aeabi_d2f
<LI><a href="#[d1]">&gt;&gt;</a>&nbsp;&nbsp;&nbsp;SendDataUpdate
<LI><a href="#[ee]">&gt;&gt;</a>&nbsp;&nbsp;&nbsp;ResetToBootloader
<LI><a href="#[de]">&gt;&gt;</a>&nbsp;&nbsp;&nbsp;ProgressOut
<LI><a href="#[ed]">&gt;&gt;</a>&nbsp;&nbsp;&nbsp;OSSemPost
<LI><a href="#[e8]">&gt;&gt;</a>&nbsp;&nbsp;&nbsp;Debug_Output_Ethernet
<LI><a href="#[e9]">&gt;&gt;</a>&nbsp;&nbsp;&nbsp;CreatCheckTack
<LI><a href="#[e3]">&gt;&gt;</a>&nbsp;&nbsp;&nbsp;BlockAck
<LI><a href="#[e1]">&gt;&gt;</a>&nbsp;&nbsp;&nbsp;SaveFileToFlash
<LI><a href="#[cf]">&gt;&gt;</a>&nbsp;&nbsp;&nbsp;AckDectect
<LI><a href="#[e6]">&gt;&gt;</a>&nbsp;&nbsp;&nbsp;GetMasterCan
<LI><a href="#[d0]">&gt;&gt;</a>&nbsp;&nbsp;&nbsp;GetOwnPort
<LI><a href="#[b4]">&gt;&gt;</a>&nbsp;&nbsp;&nbsp;OSSchedUnlock
<LI><a href="#[b3]">&gt;&gt;</a>&nbsp;&nbsp;&nbsp;OSSchedLock
<LI><a href="#[61]">&gt;&gt;</a>&nbsp;&nbsp;&nbsp;OSTimeGet
<LI><a href="#[7a]">&gt;&gt;</a>&nbsp;&nbsp;&nbsp;OSTimeDlyHMSM
<LI><a href="#[e0]">&gt;&gt;</a>&nbsp;&nbsp;&nbsp;memcmp
<LI><a href="#[ec]">&gt;&gt;</a>&nbsp;&nbsp;&nbsp;strcmp
<LI><a href="#[88]">&gt;&gt;</a>&nbsp;&nbsp;&nbsp;__aeabi_memclr4
<LI><a href="#[98]">&gt;&gt;</a>&nbsp;&nbsp;&nbsp;__aeabi_memcpy
</UL>
<BR>[Called By]<UL><LI><a href="#[93]">&gt;&gt;</a>&nbsp;&nbsp;&nbsp;UpdateDataIn
</UL>

<P><STRONG><a name="[93]"></a>UpdateDataIn</STRONG> (Thumb, 16 bytes, Stack size 16 bytes, update.o(.text))
<BR><BR>[Stack]<UL><LI>Max Depth = 856 + Unknown Stack Size
<LI>Call Chain = UpdateDataIn &rArr; SlaveUpdateReceive &rArr; CreatCheckTack &rArr; Debug_Output_Ethernet &rArr; EthernetDatapbCIR30FullSendPost &rArr; DataReSend_Set &rArr; DataReSend_SetEvent &rArr; WAE_SetEvent &rArr; MemApply &rArr; OSMemGet
</UL>
<BR>[Calls]<UL><LI><a href="#[eb]">&gt;&gt;</a>&nbsp;&nbsp;&nbsp;SlaveUpdateReceive
</UL>
<BR>[Called By]<UL><LI><a href="#[95]">&gt;&gt;</a>&nbsp;&nbsp;&nbsp;EthernetHost_Handle
<LI><a href="#[90]">&gt;&gt;</a>&nbsp;&nbsp;&nbsp;CCANHost_Handle
</UL>

<P><STRONG><a name="[ee]"></a>ResetToBootloader</STRONG> (Thumb, 16 bytes, Stack size 8 bytes, update.o(.text))
<BR><BR>[Stack]<UL><LI>Max Depth = 8<LI>Call Chain = ResetToBootloader
</UL>
<BR>[Calls]<UL><LI><a href="#[ef]">&gt;&gt;</a>&nbsp;&nbsp;&nbsp;RGU_SoftReset
</UL>
<BR>[Called By]<UL><LI><a href="#[eb]">&gt;&gt;</a>&nbsp;&nbsp;&nbsp;SlaveUpdateReceive
</UL>

<P><STRONG><a name="[e2]"></a>WriteFlash_Update</STRONG> (Thumb, 22 bytes, Stack size 16 bytes, update.o(.text))
<BR><BR>[Stack]<UL><LI>Max Depth = 240<LI>Call Chain = WriteFlash_Update &rArr; SSP_Write &rArr; SPI_Program &rArr; SPI_deviceProgram &rArr; SPI_deviceGetStatus &rArr; SPI_prvGetStatusRegister &rArr; Flash_ReadWriteByte &rArr; LPC43xx_SPI_SendRecvByte
</UL>
<BR>[Calls]<UL><LI><a href="#[f0]">&gt;&gt;</a>&nbsp;&nbsp;&nbsp;SSP_Write
</UL>
<BR>[Called By]<UL><LI><a href="#[e7]">&gt;&gt;</a>&nbsp;&nbsp;&nbsp;WriteBootConfigArea
<LI><a href="#[e1]">&gt;&gt;</a>&nbsp;&nbsp;&nbsp;SaveFileToFlash
</UL>

<P><STRONG><a name="[d4]"></a>ReadFlash_Update</STRONG> (Thumb, 22 bytes, Stack size 16 bytes, update.o(.text))
<BR><BR>[Stack]<UL><LI>Max Depth = 200<LI>Call Chain = ReadFlash_Update &rArr; SSP_Read &rArr; SPI_Read &rArr; SPI_deviceRead &rArr; SPI_deviceGetStatus &rArr; SPI_prvGetStatusRegister &rArr; Flash_ReadWriteByte &rArr; LPC43xx_SPI_SendRecvByte
</UL>
<BR>[Calls]<UL><LI><a href="#[f1]">&gt;&gt;</a>&nbsp;&nbsp;&nbsp;SSP_Read
</UL>
<BR>[Called By]<UL><LI><a href="#[d2]">&gt;&gt;</a>&nbsp;&nbsp;&nbsp;MD5_Check
</UL>

<P><STRONG><a name="[d1]"></a>SendDataUpdate</STRONG> (Thumb, 174 bytes, Stack size 112 bytes, update.o(.text))
<BR><BR>[Stack]<UL><LI>Max Depth = 504 + Unknown Stack Size
<LI>Call Chain = SendDataUpdate &rArr; EthernetDatapbCIR30FullSendPost &rArr; DataReSend_Set &rArr; DataReSend_SetEvent &rArr; WAE_SetEvent &rArr; MemApply &rArr; OSMemGet
</UL>
<BR>[Calls]<UL><LI><a href="#[f2]">&gt;&gt;</a>&nbsp;&nbsp;&nbsp;EthernetDatapbCIR30FullSendPost
<LI><a href="#[e6]">&gt;&gt;</a>&nbsp;&nbsp;&nbsp;GetMasterCan
<LI><a href="#[ca]">&gt;&gt;</a>&nbsp;&nbsp;&nbsp;GetNetPortByPort
<LI><a href="#[7f]">&gt;&gt;</a>&nbsp;&nbsp;&nbsp;GetCanNetAddrByPort
<LI><a href="#[8a]">&gt;&gt;</a>&nbsp;&nbsp;&nbsp;CCANDataSimpleSendPost
</UL>
<BR>[Called By]<UL><LI><a href="#[eb]">&gt;&gt;</a>&nbsp;&nbsp;&nbsp;SlaveUpdateReceive
<LI><a href="#[e4]">&gt;&gt;</a>&nbsp;&nbsp;&nbsp;App_TaskCheckUpdate
<LI><a href="#[e3]">&gt;&gt;</a>&nbsp;&nbsp;&nbsp;BlockAck
<LI><a href="#[cf]">&gt;&gt;</a>&nbsp;&nbsp;&nbsp;AckDectect
</UL>

<P><STRONG><a name="[de]"></a>ProgressOut</STRONG> (Thumb, 250 bytes, Stack size 256 bytes, update.o(.text))
<BR><BR>[Stack]<UL><LI>Max Depth = 648 + Unknown Stack Size
<LI>Call Chain = ProgressOut &rArr; CCANDataSimpleSendPost &rArr; DataReSend_Set &rArr; DataReSend_SetEvent &rArr; WAE_SetEvent &rArr; MemApply &rArr; OSMemGet
</UL>
<BR>[Calls]<UL><LI><a href="#[f4]">&gt;&gt;</a>&nbsp;&nbsp;&nbsp;GetUnitChinaNameByPort
<LI><a href="#[dc]">&gt;&gt;</a>&nbsp;&nbsp;&nbsp;__aeabi_f2d
<LI><a href="#[f6]">&gt;&gt;</a>&nbsp;&nbsp;&nbsp;ProgressMMI
<LI><a href="#[e6]">&gt;&gt;</a>&nbsp;&nbsp;&nbsp;GetMasterCan
<LI><a href="#[d0]">&gt;&gt;</a>&nbsp;&nbsp;&nbsp;GetOwnPort
<LI><a href="#[8a]">&gt;&gt;</a>&nbsp;&nbsp;&nbsp;CCANDataSimpleSendPost
<LI><a href="#[f3]">&gt;&gt;</a>&nbsp;&nbsp;&nbsp;__2sprintf
<LI><a href="#[8d]">&gt;&gt;</a>&nbsp;&nbsp;&nbsp;strlen
<LI><a href="#[f5]">&gt;&gt;</a>&nbsp;&nbsp;&nbsp;strcat
<LI><a href="#[88]">&gt;&gt;</a>&nbsp;&nbsp;&nbsp;__aeabi_memclr4
</UL>
<BR>[Called By]<UL><LI><a href="#[eb]">&gt;&gt;</a>&nbsp;&nbsp;&nbsp;SlaveUpdateReceive
<LI><a href="#[d2]">&gt;&gt;</a>&nbsp;&nbsp;&nbsp;MD5_Check
</UL>

<P><STRONG><a name="[e7]"></a>WriteBootConfigArea</STRONG> (Thumb, 100 bytes, Stack size 40 bytes, update.o(.text))
<BR><BR>[Stack]<UL><LI>Max Depth = 280<LI>Call Chain = WriteBootConfigArea &rArr; WriteFlash_Update &rArr; SSP_Write &rArr; SPI_Program &rArr; SPI_deviceProgram &rArr; SPI_deviceGetStatus &rArr; SPI_prvGetStatusRegister &rArr; Flash_ReadWriteByte &rArr; LPC43xx_SPI_SendRecvByte
</UL>
<BR>[Calls]<UL><LI><a href="#[f8]">&gt;&gt;</a>&nbsp;&nbsp;&nbsp;CheckCalCRC16
<LI><a href="#[f7]">&gt;&gt;</a>&nbsp;&nbsp;&nbsp;CalCRC16
<LI><a href="#[e2]">&gt;&gt;</a>&nbsp;&nbsp;&nbsp;WriteFlash_Update
<LI><a href="#[8c]">&gt;&gt;</a>&nbsp;&nbsp;&nbsp;__aeabi_memcpy4
</UL>
<BR>[Called By]<UL><LI><a href="#[e4]">&gt;&gt;</a>&nbsp;&nbsp;&nbsp;App_TaskCheckUpdate
</UL>

<P><STRONG><a name="[ba]"></a>CGU_GetPCLKFrequency</STRONG> (Thumb, 230 bytes, Stack size 0 bytes, lpc43xx_cgu.o(.text))
<BR><BR>[Called By]<UL><LI><a href="#[b9]">&gt;&gt;</a>&nbsp;&nbsp;&nbsp;Timer0_Init
<LI><a href="#[75]">&gt;&gt;</a>&nbsp;&nbsp;&nbsp;CGU_UpdateClock
<LI><a href="#[13e]">&gt;&gt;</a>&nbsp;&nbsp;&nbsp;CANInit
<LI><a href="#[12b]">&gt;&gt;</a>&nbsp;&nbsp;&nbsp;getPClock
<LI><a href="#[126]">&gt;&gt;</a>&nbsp;&nbsp;&nbsp;SSP_Init
<LI><a href="#[11a]">&gt;&gt;</a>&nbsp;&nbsp;&nbsp;I2C_Init
<LI><a href="#[103]">&gt;&gt;</a>&nbsp;&nbsp;&nbsp;uart_set_divisors
</UL>

<P><STRONG><a name="[75]"></a>CGU_UpdateClock</STRONG> (Thumb, 190 bytes, Stack size 20 bytes, lpc43xx_cgu.o(.text))
<BR><BR>[Stack]<UL><LI>Max Depth = 20<LI>Call Chain = CGU_UpdateClock
</UL>
<BR>[Calls]<UL><LI><a href="#[ba]">&gt;&gt;</a>&nbsp;&nbsp;&nbsp;CGU_GetPCLKFrequency
</UL>
<BR>[Called By]<UL><LI><a href="#[41]">&gt;&gt;</a>&nbsp;&nbsp;&nbsp;TaskStartPrc
<LI><a href="#[fb]">&gt;&gt;</a>&nbsp;&nbsp;&nbsp;CGU_Init
</UL>

<P><STRONG><a name="[fd]"></a>CGU_EntityConnect</STRONG> (Thumb, 116 bytes, Stack size 12 bytes, lpc43xx_cgu.o(.text))
<BR><BR>[Stack]<UL><LI>Max Depth = 12<LI>Call Chain = CGU_EntityConnect
</UL>
<BR>[Called By]<UL><LI><a href="#[13e]">&gt;&gt;</a>&nbsp;&nbsp;&nbsp;CANInit
<LI><a href="#[126]">&gt;&gt;</a>&nbsp;&nbsp;&nbsp;SSP_Init
<LI><a href="#[11a]">&gt;&gt;</a>&nbsp;&nbsp;&nbsp;I2C_Init
<LI><a href="#[105]">&gt;&gt;</a>&nbsp;&nbsp;&nbsp;UART_Init
<LI><a href="#[fb]">&gt;&gt;</a>&nbsp;&nbsp;&nbsp;CGU_Init
</UL>

<P><STRONG><a name="[f9]"></a>CGU_EnableEntity</STRONG> (Thumb, 284 bytes, Stack size 24 bytes, lpc43xx_cgu.o(.text), UNUSED)
<BR><BR>[Calls]<UL><LI><a href="#[fa]">&gt;&gt;</a>&nbsp;&nbsp;&nbsp;scu_pinmux
</UL>
<BR>[Called By]<UL><LI><a href="#[ff]">&gt;&gt;</a>&nbsp;&nbsp;&nbsp;CGU_ConfigPWR
<LI><a href="#[fb]">&gt;&gt;</a>&nbsp;&nbsp;&nbsp;CGU_Init
</UL>

<P><STRONG><a name="[fe]"></a>CGU_SetPLL1</STRONG> (Thumb, 160 bytes, Stack size 20 bytes, lpc43xx_cgu.o(.text), UNUSED)
<BR><BR>[Called By]<UL><LI><a href="#[fb]">&gt;&gt;</a>&nbsp;&nbsp;&nbsp;CGU_Init
</UL>

<P><STRONG><a name="[fc]"></a>CGU_SetXTALOSC</STRONG> (Thumb, 108 bytes, Stack size 0 bytes, lpc43xx_cgu.o(.text), UNUSED)
<BR><BR>[Called By]<UL><LI><a href="#[fb]">&gt;&gt;</a>&nbsp;&nbsp;&nbsp;CGU_Init
</UL>

<P><STRONG><a name="[fb]"></a>CGU_Init</STRONG> (Thumb, 78 bytes, Stack size 8 bytes, lpc43xx_cgu.o(.text), UNUSED)
<BR><BR>[Calls]<UL><LI><a href="#[75]">&gt;&gt;</a>&nbsp;&nbsp;&nbsp;CGU_UpdateClock
<LI><a href="#[fc]">&gt;&gt;</a>&nbsp;&nbsp;&nbsp;CGU_SetXTALOSC
<LI><a href="#[fe]">&gt;&gt;</a>&nbsp;&nbsp;&nbsp;CGU_SetPLL1
<LI><a href="#[f9]">&gt;&gt;</a>&nbsp;&nbsp;&nbsp;CGU_EnableEntity
<LI><a href="#[fd]">&gt;&gt;</a>&nbsp;&nbsp;&nbsp;CGU_EntityConnect
</UL>

<P><STRONG><a name="[100]"></a>CGU_GetBaseStatus</STRONG> (Thumb, 174 bytes, Stack size 0 bytes, lpc43xx_cgu.o(.text), UNUSED)
<BR><BR>[Called By]<UL><LI><a href="#[ff]">&gt;&gt;</a>&nbsp;&nbsp;&nbsp;CGU_ConfigPWR
</UL>

<P><STRONG><a name="[ff]"></a>CGU_ConfigPWR</STRONG> (Thumb, 672 bytes, Stack size 16 bytes, lpc43xx_cgu.o(.text), UNUSED)
<BR><BR>[Calls]<UL><LI><a href="#[ff]">&gt;&gt;</a>&nbsp;&nbsp;&nbsp;CGU_ConfigPWR
<LI><a href="#[100]">&gt;&gt;</a>&nbsp;&nbsp;&nbsp;CGU_GetBaseStatus
<LI><a href="#[f9]">&gt;&gt;</a>&nbsp;&nbsp;&nbsp;CGU_EnableEntity
</UL>
<BR>[Called By]<UL><LI><a href="#[ff]">&gt;&gt;</a>&nbsp;&nbsp;&nbsp;CGU_ConfigPWR
</UL>

<P><STRONG><a name="[2b4]"></a>CGU_SetDIV</STRONG> (Thumb, 84 bytes, Stack size 8 bytes, lpc43xx_cgu.o(.text), UNUSED)

<P><STRONG><a name="[2b5]"></a>CGU_SetPLL0</STRONG> (Thumb, 28 bytes, Stack size 0 bytes, lpc43xx_cgu.o(.text), UNUSED)

<P><STRONG><a name="[2b6]"></a>CGU_SetPLL0audio</STRONG> (Thumb, 152 bytes, Stack size 0 bytes, lpc43xx_cgu.o(.text), UNUSED)

<P><STRONG><a name="[102]"></a>CGU_FrequencyMonitor</STRONG> (Thumb, 166 bytes, Stack size 20 bytes, lpc43xx_cgu.o(.text), UNUSED)
<BR><BR>[Called By]<UL><LI><a href="#[101]">&gt;&gt;</a>&nbsp;&nbsp;&nbsp;CGU_RealFrequencyCompare
</UL>

<P><STRONG><a name="[101]"></a>CGU_RealFrequencyCompare</STRONG> (Thumb, 64 bytes, Stack size 36 bytes, lpc43xx_cgu.o(.text), UNUSED)
<BR><BR>[Calls]<UL><LI><a href="#[102]">&gt;&gt;</a>&nbsp;&nbsp;&nbsp;CGU_FrequencyMonitor
</UL>

<P><STRONG><a name="[fa]"></a>scu_pinmux</STRONG> (Thumb, 30 bytes, Stack size 20 bytes, lpc43xx_scu.o(.text))
<BR><BR>[Stack]<UL><LI>Max Depth = 20<LI>Call Chain = scu_pinmux
</UL>
<BR>[Called By]<UL><LI><a href="#[f9]">&gt;&gt;</a>&nbsp;&nbsp;&nbsp;CGU_EnableEntity
<LI><a href="#[240]">&gt;&gt;</a>&nbsp;&nbsp;&nbsp;GSMR_GPIO_Init
<LI><a href="#[23f]">&gt;&gt;</a>&nbsp;&nbsp;&nbsp;Codec_Reset_Pin_Init
<LI><a href="#[23e]">&gt;&gt;</a>&nbsp;&nbsp;&nbsp;I2S_Pin_Init
<LI><a href="#[5d]">&gt;&gt;</a>&nbsp;&nbsp;&nbsp;Uart_Pin_Init
<LI><a href="#[5f]">&gt;&gt;</a>&nbsp;&nbsp;&nbsp;SSP0_Reset_Pin_Init
<LI><a href="#[60]">&gt;&gt;</a>&nbsp;&nbsp;&nbsp;SSP0_Pin_Init
<LI><a href="#[23b]">&gt;&gt;</a>&nbsp;&nbsp;&nbsp;Location_GPIO_Init
<LI><a href="#[23a]">&gt;&gt;</a>&nbsp;&nbsp;&nbsp;HWVer_GPIO_Init
<LI><a href="#[5e]">&gt;&gt;</a>&nbsp;&nbsp;&nbsp;CAN_Pin_Init
</UL>

<P><STRONG><a name="[105]"></a>UART_Init</STRONG> (Thumb, 356 bytes, Stack size 16 bytes, lpc43xx_uart.o(.text))
<BR><BR>[Stack]<UL><LI>Max Depth = 136<LI>Call Chain = UART_Init &rArr; uart_set_divisors &rArr; __aeabi_uldivmod
</UL>
<BR>[Calls]<UL><LI><a href="#[103]">&gt;&gt;</a>&nbsp;&nbsp;&nbsp;uart_set_divisors
<LI><a href="#[fd]">&gt;&gt;</a>&nbsp;&nbsp;&nbsp;CGU_EntityConnect
</UL>
<BR>[Called By]<UL><LI><a href="#[18f]">&gt;&gt;</a>&nbsp;&nbsp;&nbsp;UartConfig
</UL>

<P><STRONG><a name="[107]"></a>UART_TxCmd</STRONG> (Thumb, 52 bytes, Stack size 0 bytes, lpc43xx_uart.o(.text))
<BR><BR>[Called By]<UL><LI><a href="#[18f]">&gt;&gt;</a>&nbsp;&nbsp;&nbsp;UartConfig
<LI><a href="#[106]">&gt;&gt;</a>&nbsp;&nbsp;&nbsp;UART_DeInit
</UL>

<P><STRONG><a name="[106]"></a>UART_DeInit</STRONG> (Thumb, 14 bytes, Stack size 4 bytes, lpc43xx_uart.o(.text), UNUSED)
<BR><BR>[Calls]<UL><LI><a href="#[107]">&gt;&gt;</a>&nbsp;&nbsp;&nbsp;UART_TxCmd
</UL>

<P><STRONG><a name="[2b7]"></a>UART_ConfigStructInit</STRONG> (Thumb, 20 bytes, Stack size 0 bytes, lpc43xx_uart.o(.text), UNUSED)

<P><STRONG><a name="[109]"></a>UART_SendByte</STRONG> (Thumb, 14 bytes, Stack size 0 bytes, lpc43xx_uart.o(.text))
<BR><BR>[Called By]<UL><LI><a href="#[9e]">&gt;&gt;</a>&nbsp;&nbsp;&nbsp;UartSend
<LI><a href="#[28]">&gt;&gt;</a>&nbsp;&nbsp;&nbsp;UART3_IRQHandler
<LI><a href="#[26]">&gt;&gt;</a>&nbsp;&nbsp;&nbsp;UART1_IRQHandler
<LI><a href="#[25]">&gt;&gt;</a>&nbsp;&nbsp;&nbsp;UART0_IRQHandler
<LI><a href="#[108]">&gt;&gt;</a>&nbsp;&nbsp;&nbsp;UART_Send
</UL>

<P><STRONG><a name="[10b]"></a>UART_ReceiveByte</STRONG> (Thumb, 20 bytes, Stack size 0 bytes, lpc43xx_uart.o(.text), UNUSED)
<BR><BR>[Called By]<UL><LI><a href="#[10a]">&gt;&gt;</a>&nbsp;&nbsp;&nbsp;UART_Receive
</UL>

<P><STRONG><a name="[108]"></a>UART_Send</STRONG> (Thumb, 162 bytes, Stack size 36 bytes, lpc43xx_uart.o(.text), UNUSED)
<BR><BR>[Calls]<UL><LI><a href="#[109]">&gt;&gt;</a>&nbsp;&nbsp;&nbsp;UART_SendByte
</UL>
<BR>[Called By]<UL><LI><a href="#[10c]">&gt;&gt;</a>&nbsp;&nbsp;&nbsp;UART_RS485Send
</UL>

<P><STRONG><a name="[10a]"></a>UART_Receive</STRONG> (Thumb, 112 bytes, Stack size 28 bytes, lpc43xx_uart.o(.text), UNUSED)
<BR><BR>[Calls]<UL><LI><a href="#[10b]">&gt;&gt;</a>&nbsp;&nbsp;&nbsp;UART_ReceiveByte
</UL>

<P><STRONG><a name="[2b8]"></a>UART_ForceBreak</STRONG> (Thumb, 26 bytes, Stack size 0 bytes, lpc43xx_uart.o(.text), UNUSED)

<P><STRONG><a name="[18e]"></a>UART_IntConfig</STRONG> (Thumb, 116 bytes, Stack size 12 bytes, lpc43xx_uart.o(.text))
<BR><BR>[Stack]<UL><LI>Max Depth = 12<LI>Call Chain = UART_IntConfig
</UL>
<BR>[Called By]<UL><LI><a href="#[9e]">&gt;&gt;</a>&nbsp;&nbsp;&nbsp;UartSend
<LI><a href="#[28]">&gt;&gt;</a>&nbsp;&nbsp;&nbsp;UART3_IRQHandler
<LI><a href="#[26]">&gt;&gt;</a>&nbsp;&nbsp;&nbsp;UART1_IRQHandler
<LI><a href="#[25]">&gt;&gt;</a>&nbsp;&nbsp;&nbsp;UART0_IRQHandler
<LI><a href="#[18f]">&gt;&gt;</a>&nbsp;&nbsp;&nbsp;UartConfig
</UL>

<P><STRONG><a name="[2b9]"></a>UART_GetLineStatus</STRONG> (Thumb, 20 bytes, Stack size 0 bytes, lpc43xx_uart.o(.text), UNUSED)

<P><STRONG><a name="[18d]"></a>UART_CheckBusy</STRONG> (Thumb, 18 bytes, Stack size 0 bytes, lpc43xx_uart.o(.text))
<BR><BR>[Called By]<UL><LI><a href="#[9e]">&gt;&gt;</a>&nbsp;&nbsp;&nbsp;UartSend
<LI><a href="#[28]">&gt;&gt;</a>&nbsp;&nbsp;&nbsp;UART3_IRQHandler
<LI><a href="#[26]">&gt;&gt;</a>&nbsp;&nbsp;&nbsp;UART1_IRQHandler
<LI><a href="#[25]">&gt;&gt;</a>&nbsp;&nbsp;&nbsp;UART0_IRQHandler
</UL>

<P><STRONG><a name="[190]"></a>UART_FIFOConfig</STRONG> (Thumb, 104 bytes, Stack size 0 bytes, lpc43xx_uart.o(.text))
<BR><BR>[Called By]<UL><LI><a href="#[18f]">&gt;&gt;</a>&nbsp;&nbsp;&nbsp;UartConfig
</UL>

<P><STRONG><a name="[2ba]"></a>UART_FIFOConfigStructInit</STRONG> (Thumb, 14 bytes, Stack size 0 bytes, lpc43xx_uart.o(.text), UNUSED)

<P><STRONG><a name="[2bb]"></a>UART_ABCmd</STRONG> (Thumb, 124 bytes, Stack size 8 bytes, lpc43xx_uart.o(.text), UNUSED)

<P><STRONG><a name="[2bc]"></a>UART_IrDAInvtInputCmd</STRONG> (Thumb, 26 bytes, Stack size 0 bytes, lpc43xx_uart.o(.text), UNUSED)

<P><STRONG><a name="[2bd]"></a>UART_IrDACmd</STRONG> (Thumb, 24 bytes, Stack size 0 bytes, lpc43xx_uart.o(.text), UNUSED)

<P><STRONG><a name="[2be]"></a>UART_IrDAPulseDivConfig</STRONG> (Thumb, 26 bytes, Stack size 8 bytes, lpc43xx_uart.o(.text), UNUSED)

<P><STRONG><a name="[2bf]"></a>UART_FullModemForcePinState</STRONG> (Thumb, 48 bytes, Stack size 12 bytes, lpc43xx_uart.o(.text), UNUSED)

<P><STRONG><a name="[2c0]"></a>UART_FullModemConfigMode</STRONG> (Thumb, 56 bytes, Stack size 12 bytes, lpc43xx_uart.o(.text), UNUSED)

<P><STRONG><a name="[2c1]"></a>UART_FullModemGetStatus</STRONG> (Thumb, 8 bytes, Stack size 0 bytes, lpc43xx_uart.o(.text), UNUSED)

<P><STRONG><a name="[2c2]"></a>UART_RS485Config</STRONG> (Thumb, 130 bytes, Stack size 0 bytes, lpc43xx_uart.o(.text), UNUSED)

<P><STRONG><a name="[2c3]"></a>UART_RS485ReceiverCmd</STRONG> (Thumb, 54 bytes, Stack size 0 bytes, lpc43xx_uart.o(.text), UNUSED)

<P><STRONG><a name="[10c]"></a>UART_RS485Send</STRONG> (Thumb, 166 bytes, Stack size 32 bytes, lpc43xx_uart.o(.text), UNUSED)
<BR><BR>[Calls]<UL><LI><a href="#[108]">&gt;&gt;</a>&nbsp;&nbsp;&nbsp;UART_Send
</UL>
<BR>[Called By]<UL><LI><a href="#[10e]">&gt;&gt;</a>&nbsp;&nbsp;&nbsp;UART_RS485SendData
<LI><a href="#[10d]">&gt;&gt;</a>&nbsp;&nbsp;&nbsp;UART_RS485SendSlvAddr
</UL>

<P><STRONG><a name="[10d]"></a>UART_RS485SendSlvAddr</STRONG> (Thumb, 18 bytes, Stack size 16 bytes, lpc43xx_uart.o(.text), UNUSED)
<BR><BR>[Calls]<UL><LI><a href="#[10c]">&gt;&gt;</a>&nbsp;&nbsp;&nbsp;UART_RS485Send
</UL>

<P><STRONG><a name="[10e]"></a>UART_RS485SendData</STRONG> (Thumb, 28 bytes, Stack size 16 bytes, lpc43xx_uart.o(.text), UNUSED)
<BR><BR>[Calls]<UL><LI><a href="#[10c]">&gt;&gt;</a>&nbsp;&nbsp;&nbsp;UART_RS485Send
</UL>

<P><STRONG><a name="[110]"></a>GPIO_SetDir</STRONG> (Thumb, 36 bytes, Stack size 8 bytes, lpc43xx_gpio.o(.text))
<BR><BR>[Stack]<UL><LI>Max Depth = 8<LI>Call Chain = GPIO_SetDir
</UL>
<BR>[Called By]<UL><LI><a href="#[10f]">&gt;&gt;</a>&nbsp;&nbsp;&nbsp;FIO_SetDir
<LI><a href="#[240]">&gt;&gt;</a>&nbsp;&nbsp;&nbsp;GSMR_GPIO_Init
<LI><a href="#[23f]">&gt;&gt;</a>&nbsp;&nbsp;&nbsp;Codec_Reset_Pin_Init
<LI><a href="#[5f]">&gt;&gt;</a>&nbsp;&nbsp;&nbsp;SSP0_Reset_Pin_Init
<LI><a href="#[60]">&gt;&gt;</a>&nbsp;&nbsp;&nbsp;SSP0_Pin_Init
<LI><a href="#[23b]">&gt;&gt;</a>&nbsp;&nbsp;&nbsp;Location_GPIO_Init
<LI><a href="#[23a]">&gt;&gt;</a>&nbsp;&nbsp;&nbsp;HWVer_GPIO_Init
</UL>

<P><STRONG><a name="[112]"></a>GPIO_SetValue</STRONG> (Thumb, 8 bytes, Stack size 0 bytes, lpc43xx_gpio.o(.text))
<BR><BR>[Called By]<UL><LI><a href="#[181]">&gt;&gt;</a>&nbsp;&nbsp;&nbsp;SSP_FLASH_RdID
<LI><a href="#[175]">&gt;&gt;</a>&nbsp;&nbsp;&nbsp;SPI_FLASH_Init
<LI><a href="#[185]">&gt;&gt;</a>&nbsp;&nbsp;&nbsp;SPI_deviceRead
<LI><a href="#[184]">&gt;&gt;</a>&nbsp;&nbsp;&nbsp;SPI_deviceProgram
<LI><a href="#[183]">&gt;&gt;</a>&nbsp;&nbsp;&nbsp;SPI_deviceEraseBlock
<LI><a href="#[182]">&gt;&gt;</a>&nbsp;&nbsp;&nbsp;SPI_deviceeEraseSubBlock
<LI><a href="#[17d]">&gt;&gt;</a>&nbsp;&nbsp;&nbsp;SPI_prvGetStatusRegister
<LI><a href="#[17c]">&gt;&gt;</a>&nbsp;&nbsp;&nbsp;SPI_prvSetWREN
<LI><a href="#[111]">&gt;&gt;</a>&nbsp;&nbsp;&nbsp;FIO_SetValue
<LI><a href="#[240]">&gt;&gt;</a>&nbsp;&nbsp;&nbsp;GSMR_GPIO_Init
<LI><a href="#[23f]">&gt;&gt;</a>&nbsp;&nbsp;&nbsp;Codec_Reset_Pin_Init
<LI><a href="#[5f]">&gt;&gt;</a>&nbsp;&nbsp;&nbsp;SSP0_Reset_Pin_Init
</UL>

<P><STRONG><a name="[114]"></a>GPIO_ClearValue</STRONG> (Thumb, 10 bytes, Stack size 0 bytes, lpc43xx_gpio.o(.text))
<BR><BR>[Called By]<UL><LI><a href="#[181]">&gt;&gt;</a>&nbsp;&nbsp;&nbsp;SSP_FLASH_RdID
<LI><a href="#[185]">&gt;&gt;</a>&nbsp;&nbsp;&nbsp;SPI_deviceRead
<LI><a href="#[184]">&gt;&gt;</a>&nbsp;&nbsp;&nbsp;SPI_deviceProgram
<LI><a href="#[183]">&gt;&gt;</a>&nbsp;&nbsp;&nbsp;SPI_deviceEraseBlock
<LI><a href="#[182]">&gt;&gt;</a>&nbsp;&nbsp;&nbsp;SPI_deviceeEraseSubBlock
<LI><a href="#[17d]">&gt;&gt;</a>&nbsp;&nbsp;&nbsp;SPI_prvGetStatusRegister
<LI><a href="#[17c]">&gt;&gt;</a>&nbsp;&nbsp;&nbsp;SPI_prvSetWREN
<LI><a href="#[113]">&gt;&gt;</a>&nbsp;&nbsp;&nbsp;FIO_ClearValue
<LI><a href="#[23f]">&gt;&gt;</a>&nbsp;&nbsp;&nbsp;Codec_Reset_Pin_Init
<LI><a href="#[5f]">&gt;&gt;</a>&nbsp;&nbsp;&nbsp;SSP0_Reset_Pin_Init
</UL>

<P><STRONG><a name="[82]"></a>GPIO_ReadValue</STRONG> (Thumb, 10 bytes, Stack size 0 bytes, lpc43xx_gpio.o(.text))
<BR><BR>[Called By]<UL><LI><a href="#[86]">&gt;&gt;</a>&nbsp;&nbsp;&nbsp;HW_VerRead
<LI><a href="#[81]">&gt;&gt;</a>&nbsp;&nbsp;&nbsp;Unit_AddrRead
<LI><a href="#[115]">&gt;&gt;</a>&nbsp;&nbsp;&nbsp;FIO_ReadValue
</UL>

<P><STRONG><a name="[10f]"></a>FIO_SetDir</STRONG> (Thumb, 20 bytes, Stack size 16 bytes, lpc43xx_gpio.o(.text), UNUSED)
<BR><BR>[Calls]<UL><LI><a href="#[110]">&gt;&gt;</a>&nbsp;&nbsp;&nbsp;GPIO_SetDir
</UL>

<P><STRONG><a name="[111]"></a>FIO_SetValue</STRONG> (Thumb, 16 bytes, Stack size 8 bytes, lpc43xx_gpio.o(.text), UNUSED)
<BR><BR>[Calls]<UL><LI><a href="#[112]">&gt;&gt;</a>&nbsp;&nbsp;&nbsp;GPIO_SetValue
</UL>

<P><STRONG><a name="[113]"></a>FIO_ClearValue</STRONG> (Thumb, 16 bytes, Stack size 8 bytes, lpc43xx_gpio.o(.text), UNUSED)
<BR><BR>[Calls]<UL><LI><a href="#[114]">&gt;&gt;</a>&nbsp;&nbsp;&nbsp;GPIO_ClearValue
</UL>

<P><STRONG><a name="[115]"></a>FIO_ReadValue</STRONG> (Thumb, 12 bytes, Stack size 4 bytes, lpc43xx_gpio.o(.text), UNUSED)
<BR><BR>[Calls]<UL><LI><a href="#[82]">&gt;&gt;</a>&nbsp;&nbsp;&nbsp;GPIO_ReadValue
</UL>

<P><STRONG><a name="[2c4]"></a>FIO_SetMask</STRONG> (Thumb, 44 bytes, Stack size 8 bytes, lpc43xx_gpio.o(.text), UNUSED)

<P><STRONG><a name="[11a]"></a>I2C_Init</STRONG> (Thumb, 118 bytes, Stack size 16 bytes, lpc43xx_i2c.o(.text))
<BR><BR>[Stack]<UL><LI>Max Depth = 28<LI>Call Chain = I2C_Init &rArr; CGU_EntityConnect
</UL>
<BR>[Calls]<UL><LI><a href="#[ba]">&gt;&gt;</a>&nbsp;&nbsp;&nbsp;CGU_GetPCLKFrequency
<LI><a href="#[fd]">&gt;&gt;</a>&nbsp;&nbsp;&nbsp;CGU_EntityConnect
</UL>
<BR>[Called By]<UL><LI><a href="#[77]">&gt;&gt;</a>&nbsp;&nbsp;&nbsp;Target_INIT
</UL>

<P><STRONG><a name="[2c5]"></a>I2C_DeInit</STRONG> (Thumb, 6 bytes, Stack size 0 bytes, lpc43xx_i2c.o(.text), UNUSED)

<P><STRONG><a name="[239]"></a>I2C_Cmd</STRONG> (Thumb, 16 bytes, Stack size 0 bytes, lpc43xx_i2c.o(.text))
<BR><BR>[Called By]<UL><LI><a href="#[77]">&gt;&gt;</a>&nbsp;&nbsp;&nbsp;Target_INIT
</UL>

<P><STRONG><a name="[11b]"></a>I2C_IntCmd</STRONG> (Thumb, 64 bytes, Stack size 16 bytes, lpc43xx_i2c.o(.text), UNUSED)
<BR><BR>[Calls]<UL><LI><a href="#[11d]">&gt;&gt;</a>&nbsp;&nbsp;&nbsp;NVIC_DisableIRQ
<LI><a href="#[11c]">&gt;&gt;</a>&nbsp;&nbsp;&nbsp;NVIC_EnableIRQ
</UL>
<BR>[Called By]<UL><LI><a href="#[123]">&gt;&gt;</a>&nbsp;&nbsp;&nbsp;I2C_SlaveTransferData
<LI><a href="#[122]">&gt;&gt;</a>&nbsp;&nbsp;&nbsp;I2C_MasterTransferData
<LI><a href="#[121]">&gt;&gt;</a>&nbsp;&nbsp;&nbsp;I2C_SlaveHandler
<LI><a href="#[11e]">&gt;&gt;</a>&nbsp;&nbsp;&nbsp;I2C_MasterHandler
</UL>

<P><STRONG><a name="[11e]"></a>I2C_MasterHandler</STRONG> (Thumb, 514 bytes, Stack size 24 bytes, lpc43xx_i2c.o(.text), UNUSED)
<BR><BR>[Calls]<UL><LI><a href="#[11b]">&gt;&gt;</a>&nbsp;&nbsp;&nbsp;I2C_IntCmd
<LI><a href="#[120]">&gt;&gt;</a>&nbsp;&nbsp;&nbsp;I2C_Stop
<LI><a href="#[11f]">&gt;&gt;</a>&nbsp;&nbsp;&nbsp;I2C_getNum
</UL>

<P><STRONG><a name="[121]"></a>I2C_SlaveHandler</STRONG> (Thumb, 324 bytes, Stack size 24 bytes, lpc43xx_i2c.o(.text), UNUSED)
<BR><BR>[Calls]<UL><LI><a href="#[11b]">&gt;&gt;</a>&nbsp;&nbsp;&nbsp;I2C_IntCmd
<LI><a href="#[11f]">&gt;&gt;</a>&nbsp;&nbsp;&nbsp;I2C_getNum
</UL>

<P><STRONG><a name="[122]"></a>I2C_MasterTransferData</STRONG> (Thumb, 528 bytes, Stack size 32 bytes, lpc43xx_i2c.o(.text), UNUSED)
<BR><BR>[Calls]<UL><LI><a href="#[11b]">&gt;&gt;</a>&nbsp;&nbsp;&nbsp;I2C_IntCmd
<LI><a href="#[119]">&gt;&gt;</a>&nbsp;&nbsp;&nbsp;I2C_GetByte
<LI><a href="#[118]">&gt;&gt;</a>&nbsp;&nbsp;&nbsp;I2C_SendByte
<LI><a href="#[120]">&gt;&gt;</a>&nbsp;&nbsp;&nbsp;I2C_Stop
<LI><a href="#[116]">&gt;&gt;</a>&nbsp;&nbsp;&nbsp;I2C_Start
<LI><a href="#[11f]">&gt;&gt;</a>&nbsp;&nbsp;&nbsp;I2C_getNum
</UL>

<P><STRONG><a name="[123]"></a>I2C_SlaveTransferData</STRONG> (Thumb, 344 bytes, Stack size 40 bytes, lpc43xx_i2c.o(.text), UNUSED)
<BR><BR>[Calls]<UL><LI><a href="#[11b]">&gt;&gt;</a>&nbsp;&nbsp;&nbsp;I2C_IntCmd
<LI><a href="#[11f]">&gt;&gt;</a>&nbsp;&nbsp;&nbsp;I2C_getNum
</UL>

<P><STRONG><a name="[2c6]"></a>I2C_SetOwnSlaveAddr</STRONG> (Thumb, 90 bytes, Stack size 8 bytes, lpc43xx_i2c.o(.text), UNUSED)

<P><STRONG><a name="[2c7]"></a>I2C_MonitorModeConfig</STRONG> (Thumb, 40 bytes, Stack size 8 bytes, lpc43xx_i2c.o(.text), UNUSED)

<P><STRONG><a name="[2c8]"></a>I2C_MonitorModeCmd</STRONG> (Thumb, 42 bytes, Stack size 0 bytes, lpc43xx_i2c.o(.text), UNUSED)

<P><STRONG><a name="[2c9]"></a>I2C_MonitorGetDatabuffer</STRONG> (Thumb, 8 bytes, Stack size 0 bytes, lpc43xx_i2c.o(.text), UNUSED)

<P><STRONG><a name="[2ca]"></a>I2C_MonitorHandler</STRONG> (Thumb, 40 bytes, Stack size 12 bytes, lpc43xx_i2c.o(.text), UNUSED)

<P><STRONG><a name="[124]"></a>I2C_MasterTransferComplete</STRONG> (Thumb, 30 bytes, Stack size 16 bytes, lpc43xx_i2c.o(.text), UNUSED)
<BR><BR>[Calls]<UL><LI><a href="#[11f]">&gt;&gt;</a>&nbsp;&nbsp;&nbsp;I2C_getNum
</UL>

<P><STRONG><a name="[125]"></a>I2C_SlaveTransferComplete</STRONG> (Thumb, 30 bytes, Stack size 16 bytes, lpc43xx_i2c.o(.text), UNUSED)
<BR><BR>[Calls]<UL><LI><a href="#[11f]">&gt;&gt;</a>&nbsp;&nbsp;&nbsp;I2C_getNum
</UL>

<P><STRONG><a name="[126]"></a>SSP_Init</STRONG> (Thumb, 200 bytes, Stack size 40 bytes, lpc43xx_ssp.o(.text))
<BR><BR>[Stack]<UL><LI>Max Depth = 80<LI>Call Chain = SSP_Init &rArr; __aeabi_uldivmod
</UL>
<BR>[Calls]<UL><LI><a href="#[ba]">&gt;&gt;</a>&nbsp;&nbsp;&nbsp;CGU_GetPCLKFrequency
<LI><a href="#[fd]">&gt;&gt;</a>&nbsp;&nbsp;&nbsp;CGU_EntityConnect
<LI><a href="#[104]">&gt;&gt;</a>&nbsp;&nbsp;&nbsp;__aeabi_uldivmod
</UL>
<BR>[Called By]<UL><LI><a href="#[175]">&gt;&gt;</a>&nbsp;&nbsp;&nbsp;SPI_FLASH_Init
</UL>

<P><STRONG><a name="[2cb]"></a>SSP_DeInit</STRONG> (Thumb, 10 bytes, Stack size 0 bytes, lpc43xx_ssp.o(.text), UNUSED)

<P><STRONG><a name="[129]"></a>SSP_GetDataSize</STRONG> (Thumb, 10 bytes, Stack size 0 bytes, lpc43xx_ssp.o(.text), UNUSED)
<BR><BR>[Called By]<UL><LI><a href="#[127]">&gt;&gt;</a>&nbsp;&nbsp;&nbsp;SSP_ReadWrite
</UL>

<P><STRONG><a name="[176]"></a>SSP_ConfigStructInit</STRONG> (Thumb, 22 bytes, Stack size 0 bytes, lpc43xx_ssp.o(.text))
<BR><BR>[Called By]<UL><LI><a href="#[175]">&gt;&gt;</a>&nbsp;&nbsp;&nbsp;SPI_FLASH_Init
</UL>

<P><STRONG><a name="[177]"></a>SSP_Cmd</STRONG> (Thumb, 24 bytes, Stack size 0 bytes, lpc43xx_ssp.o(.text))
<BR><BR>[Called By]<UL><LI><a href="#[175]">&gt;&gt;</a>&nbsp;&nbsp;&nbsp;SPI_FLASH_Init
</UL>

<P><STRONG><a name="[2cc]"></a>SSP_LoopBackCmd</STRONG> (Thumb, 24 bytes, Stack size 0 bytes, lpc43xx_ssp.o(.text), UNUSED)

<P><STRONG><a name="[2cd]"></a>SSP_SlaveOutputCmd</STRONG> (Thumb, 24 bytes, Stack size 0 bytes, lpc43xx_ssp.o(.text), UNUSED)

<P><STRONG><a name="[12a]"></a>SSP_SendData</STRONG> (Thumb, 4 bytes, Stack size 0 bytes, lpc43xx_ssp.o(.text))
<BR><BR>[Called By]<UL><LI><a href="#[179]">&gt;&gt;</a>&nbsp;&nbsp;&nbsp;LPC43xx_SPI_SendRecvByte
<LI><a href="#[127]">&gt;&gt;</a>&nbsp;&nbsp;&nbsp;SSP_ReadWrite
</UL>

<P><STRONG><a name="[128]"></a>SSP_ReceiveData</STRONG> (Thumb, 8 bytes, Stack size 0 bytes, lpc43xx_ssp.o(.text))
<BR><BR>[Called By]<UL><LI><a href="#[179]">&gt;&gt;</a>&nbsp;&nbsp;&nbsp;LPC43xx_SPI_SendRecvByte
<LI><a href="#[127]">&gt;&gt;</a>&nbsp;&nbsp;&nbsp;SSP_ReadWrite
</UL>

<P><STRONG><a name="[127]"></a>SSP_ReadWrite</STRONG> (Thumb, 542 bytes, Stack size 36 bytes, lpc43xx_ssp.o(.text), UNUSED)
<BR><BR>[Calls]<UL><LI><a href="#[128]">&gt;&gt;</a>&nbsp;&nbsp;&nbsp;SSP_ReceiveData
<LI><a href="#[12a]">&gt;&gt;</a>&nbsp;&nbsp;&nbsp;SSP_SendData
<LI><a href="#[129]">&gt;&gt;</a>&nbsp;&nbsp;&nbsp;SSP_GetDataSize
</UL>

<P><STRONG><a name="[17a]"></a>SSP_GetStatus</STRONG> (Thumb, 16 bytes, Stack size 0 bytes, lpc43xx_ssp.o(.text))
<BR><BR>[Called By]<UL><LI><a href="#[181]">&gt;&gt;</a>&nbsp;&nbsp;&nbsp;SSP_FLASH_RdID
<LI><a href="#[179]">&gt;&gt;</a>&nbsp;&nbsp;&nbsp;LPC43xx_SPI_SendRecvByte
</UL>

<P><STRONG><a name="[2ce]"></a>SSP_IntConfig</STRONG> (Thumb, 26 bytes, Stack size 8 bytes, lpc43xx_ssp.o(.text), UNUSED)

<P><STRONG><a name="[2cf]"></a>SSP_GetRawIntStatus</STRONG> (Thumb, 16 bytes, Stack size 0 bytes, lpc43xx_ssp.o(.text), UNUSED)

<P><STRONG><a name="[2d0]"></a>SSP_GetIntStatus</STRONG> (Thumb, 16 bytes, Stack size 0 bytes, lpc43xx_ssp.o(.text), UNUSED)

<P><STRONG><a name="[2d1]"></a>SSP_ClearIntPending</STRONG> (Thumb, 4 bytes, Stack size 0 bytes, lpc43xx_ssp.o(.text), UNUSED)

<P><STRONG><a name="[2d2]"></a>SSP_DMACmd</STRONG> (Thumb, 26 bytes, Stack size 8 bytes, lpc43xx_ssp.o(.text), UNUSED)

<P><STRONG><a name="[2d3]"></a>TIM_GetIntStatus</STRONG> (Thumb, 24 bytes, Stack size 8 bytes, lpc43xx_timer.o(.text), UNUSED)

<P><STRONG><a name="[2d4]"></a>TIM_GetIntCaptureStatus</STRONG> (Thumb, 26 bytes, Stack size 12 bytes, lpc43xx_timer.o(.text), UNUSED)

<P><STRONG><a name="[b6]"></a>TIM_ClearIntPending</STRONG> (Thumb, 8 bytes, Stack size 0 bytes, lpc43xx_timer.o(.text))
<BR><BR>[Called By]<UL><LI><a href="#[19]">&gt;&gt;</a>&nbsp;&nbsp;&nbsp;TIMER0_IRQHandler
</UL>

<P><STRONG><a name="[2d5]"></a>TIM_ClearIntCapturePending</STRONG> (Thumb, 10 bytes, Stack size 0 bytes, lpc43xx_timer.o(.text), UNUSED)

<P><STRONG><a name="[2d6]"></a>TIM_ConfigStructInit</STRONG> (Thumb, 22 bytes, Stack size 0 bytes, lpc43xx_timer.o(.text), UNUSED)

<P><STRONG><a name="[bb]"></a>TIM_Init</STRONG> (Thumb, 140 bytes, Stack size 32 bytes, lpc43xx_timer.o(.text))
<BR><BR>[Stack]<UL><LI>Max Depth = 104<LI>Call Chain = TIM_Init &rArr; converUSecToVal &rArr; __aeabi_uldivmod
</UL>
<BR>[Calls]<UL><LI><a href="#[12d]">&gt;&gt;</a>&nbsp;&nbsp;&nbsp;converPtrToTimeNum
<LI><a href="#[12c]">&gt;&gt;</a>&nbsp;&nbsp;&nbsp;converUSecToVal
</UL>
<BR>[Called By]<UL><LI><a href="#[b9]">&gt;&gt;</a>&nbsp;&nbsp;&nbsp;Timer0_Init
</UL>

<P><STRONG><a name="[2d7]"></a>TIM_DeInit</STRONG> (Thumb, 6 bytes, Stack size 0 bytes, lpc43xx_timer.o(.text), UNUSED)

<P><STRONG><a name="[bd]"></a>TIM_Cmd</STRONG> (Thumb, 24 bytes, Stack size 0 bytes, lpc43xx_timer.o(.text))
<BR><BR>[Called By]<UL><LI><a href="#[b9]">&gt;&gt;</a>&nbsp;&nbsp;&nbsp;Timer0_Init
<LI><a href="#[12e]">&gt;&gt;</a>&nbsp;&nbsp;&nbsp;TIM_Waitus
</UL>

<P><STRONG><a name="[12f]"></a>TIM_ResetCounter</STRONG> (Thumb, 18 bytes, Stack size 0 bytes, lpc43xx_timer.o(.text), UNUSED)
<BR><BR>[Called By]<UL><LI><a href="#[12e]">&gt;&gt;</a>&nbsp;&nbsp;&nbsp;TIM_Waitus
</UL>

<P><STRONG><a name="[bc]"></a>TIM_ConfigMatch</STRONG> (Thumb, 172 bytes, Stack size 8 bytes, lpc43xx_timer.o(.text))
<BR><BR>[Stack]<UL><LI>Max Depth = 8<LI>Call Chain = TIM_ConfigMatch
</UL>
<BR>[Called By]<UL><LI><a href="#[b9]">&gt;&gt;</a>&nbsp;&nbsp;&nbsp;Timer0_Init
<LI><a href="#[12e]">&gt;&gt;</a>&nbsp;&nbsp;&nbsp;TIM_Waitus
</UL>

<P><STRONG><a name="[2d8]"></a>TIM_UpdateMatchValue</STRONG> (Thumb, 40 bytes, Stack size 0 bytes, lpc43xx_timer.o(.text), UNUSED)

<P><STRONG><a name="[2d9]"></a>TIM_ConfigCapture</STRONG> (Thumb, 84 bytes, Stack size 8 bytes, lpc43xx_timer.o(.text), UNUSED)

<P><STRONG><a name="[2da]"></a>TIM_GetCaptureValue</STRONG> (Thumb, 38 bytes, Stack size 0 bytes, lpc43xx_timer.o(.text), UNUSED)

<P><STRONG><a name="[12e]"></a>TIM_Waitus</STRONG> (Thumb, 76 bytes, Stack size 20 bytes, lpc43xx_timer.o(.text), UNUSED)
<BR><BR>[Calls]<UL><LI><a href="#[bc]">&gt;&gt;</a>&nbsp;&nbsp;&nbsp;TIM_ConfigMatch
<LI><a href="#[bd]">&gt;&gt;</a>&nbsp;&nbsp;&nbsp;TIM_Cmd
<LI><a href="#[12f]">&gt;&gt;</a>&nbsp;&nbsp;&nbsp;TIM_ResetCounter
</UL>
<BR>[Called By]<UL><LI><a href="#[130]">&gt;&gt;</a>&nbsp;&nbsp;&nbsp;TIM_Waitms
</UL>

<P><STRONG><a name="[130]"></a>TIM_Waitms</STRONG> (Thumb, 18 bytes, Stack size 8 bytes, lpc43xx_timer.o(.text), UNUSED)
<BR><BR>[Calls]<UL><LI><a href="#[12e]">&gt;&gt;</a>&nbsp;&nbsp;&nbsp;TIM_Waitus
</UL>

<P><STRONG><a name="[ef]"></a>RGU_SoftReset</STRONG> (Thumb, 48 bytes, Stack size 0 bytes, lpc43xx_rgu.o(.text))
<BR><BR>[Called By]<UL><LI><a href="#[ee]">&gt;&gt;</a>&nbsp;&nbsp;&nbsp;ResetToBootloader
</UL>

<P><STRONG><a name="[2db]"></a>RGU_GetSource</STRONG> (Thumb, 134 bytes, Stack size 12 bytes, lpc43xx_rgu.o(.text), UNUSED)

<P><STRONG><a name="[2dc]"></a>RGU_GetSignalStatus</STRONG> (Thumb, 58 bytes, Stack size 0 bytes, lpc43xx_rgu.o(.text), UNUSED)

<P><STRONG><a name="[89]"></a>CANStatusGet</STRONG> (Thumb, 28 bytes, Stack size 0 bytes, c_can.o(.text))
<BR><BR>[Called By]<UL><LI><a href="#[87]">&gt;&gt;</a>&nbsp;&nbsp;&nbsp;EquipmentSta
<LI><a href="#[1c6]">&gt;&gt;</a>&nbsp;&nbsp;&nbsp;CANBusControlJudge
</UL>

<P><STRONG><a name="[3e]"></a>CAN0_IRQHandler</STRONG> (Thumb, 504 bytes, Stack size 64 bytes, c_can.o(.text))
<BR><BR>[Stack]<UL><LI>Max Depth = 116 + Unknown Stack Size
<LI>Call Chain = CAN0_IRQHandler &rArr; freeMsgObject &rArr; Chip_CCAN_SetValidMsg &rArr; Chip_CCAN_TransferMsgObject
</UL>
<BR>[Calls]<UL><LI><a href="#[b8]">&gt;&gt;</a>&nbsp;&nbsp;&nbsp;OSIntExit
<LI><a href="#[b0]">&gt;&gt;</a>&nbsp;&nbsp;&nbsp;OS_CPU_SR_Save
<LI><a href="#[b1]">&gt;&gt;</a>&nbsp;&nbsp;&nbsp;OS_CPU_SR_Restore
<LI><a href="#[af]">&gt;&gt;</a>&nbsp;&nbsp;&nbsp;BoardLightOn
<LI><a href="#[135]">&gt;&gt;</a>&nbsp;&nbsp;&nbsp;freeMsgObject
<LI><a href="#[137]">&gt;&gt;</a>&nbsp;&nbsp;&nbsp;Chip_CCAN_SetMsgObject
<LI><a href="#[134]">&gt;&gt;</a>&nbsp;&nbsp;&nbsp;Chip_CCAN_GetMsgObject
<LI><a href="#[132]">&gt;&gt;</a>&nbsp;&nbsp;&nbsp;Chip_CCAN_ClearStatus
<LI><a href="#[133]">&gt;&gt;</a>&nbsp;&nbsp;&nbsp;Chip_CCAN_GetInterruptMsg
<LI><a href="#[138]">&gt;&gt;</a>&nbsp;&nbsp;&nbsp;Chip_CCAN_ClearNewDataFlag
<LI><a href="#[136]">&gt;&gt;</a>&nbsp;&nbsp;&nbsp;DeQueue
<LI><a href="#[98]">&gt;&gt;</a>&nbsp;&nbsp;&nbsp;__aeabi_memcpy
</UL>
<BR>[Address Reference Count : 1]<UL><LI> startup_lpc43xx.o(RESET)
</UL>
<P><STRONG><a name="[38]"></a>CAN1_IRQHandler</STRONG> (Thumb, 560 bytes, Stack size 64 bytes, c_can.o(.text))
<BR><BR>[Stack]<UL><LI>Max Depth = 116 + Unknown Stack Size
<LI>Call Chain = CAN1_IRQHandler &rArr; freeMsgObject &rArr; Chip_CCAN_SetValidMsg &rArr; Chip_CCAN_TransferMsgObject
</UL>
<BR>[Calls]<UL><LI><a href="#[b8]">&gt;&gt;</a>&nbsp;&nbsp;&nbsp;OSIntExit
<LI><a href="#[b0]">&gt;&gt;</a>&nbsp;&nbsp;&nbsp;OS_CPU_SR_Save
<LI><a href="#[b1]">&gt;&gt;</a>&nbsp;&nbsp;&nbsp;OS_CPU_SR_Restore
<LI><a href="#[af]">&gt;&gt;</a>&nbsp;&nbsp;&nbsp;BoardLightOn
<LI><a href="#[135]">&gt;&gt;</a>&nbsp;&nbsp;&nbsp;freeMsgObject
<LI><a href="#[137]">&gt;&gt;</a>&nbsp;&nbsp;&nbsp;Chip_CCAN_SetMsgObject
<LI><a href="#[134]">&gt;&gt;</a>&nbsp;&nbsp;&nbsp;Chip_CCAN_GetMsgObject
<LI><a href="#[132]">&gt;&gt;</a>&nbsp;&nbsp;&nbsp;Chip_CCAN_ClearStatus
<LI><a href="#[133]">&gt;&gt;</a>&nbsp;&nbsp;&nbsp;Chip_CCAN_GetInterruptMsg
<LI><a href="#[138]">&gt;&gt;</a>&nbsp;&nbsp;&nbsp;Chip_CCAN_ClearNewDataFlag
<LI><a href="#[136]">&gt;&gt;</a>&nbsp;&nbsp;&nbsp;DeQueue
<LI><a href="#[98]">&gt;&gt;</a>&nbsp;&nbsp;&nbsp;__aeabi_memcpy
</UL>
<BR>[Address Reference Count : 1]<UL><LI> startup_lpc43xx.o(RESET)
</UL>
<P><STRONG><a name="[13a]"></a>GetpCANIbyNum</STRONG> (Thumb, 26 bytes, Stack size 0 bytes, c_can.o(.text))
<BR><BR>[Called By]<UL><LI><a href="#[62]">&gt;&gt;</a>&nbsp;&nbsp;&nbsp;CANSend
<LI><a href="#[13e]">&gt;&gt;</a>&nbsp;&nbsp;&nbsp;CANInit
<LI><a href="#[13d]">&gt;&gt;</a>&nbsp;&nbsp;&nbsp;CANSendBufSet
<LI><a href="#[139]">&gt;&gt;</a>&nbsp;&nbsp;&nbsp;CANMessageAdd
</UL>

[...]
<BR><BR>[Stack]<UL><LI>Max Depth = 40<LI>Call Chain = udprev_callback
</UL>
<BR>[Address Reference Count : 1]<UL><LI> ethernetudp.o(.text)
</UL>
<P><STRONG><a name="[1af]"></a>WAE_SetEvent</STRONG> (Thumb, 148 bytes, Stack size 40 bytes, dataresend.o(.text))
<BR><BR>[Stack]<UL><LI>Max Depth = 80 + Unknown Stack Size
<LI>Call Chain = WAE_SetEvent &rArr; MemApply &rArr; OSMemGet
</UL>
<BR>[Calls]<UL><LI><a href="#[a8]">&gt;&gt;</a>&nbsp;&nbsp;&nbsp;MemApply
<LI><a href="#[61]">&gt;&gt;</a>&nbsp;&nbsp;&nbsp;OSTimeGet
<LI><a href="#[98]">&gt;&gt;</a>&nbsp;&nbsp;&nbsp;__aeabi_memcpy
</UL>
<BR>[Called By]<UL><LI><a href="#[1b9]">&gt;&gt;</a>&nbsp;&nbsp;&nbsp;DataReSend_SetEvent
</UL>

<P><STRONG><a name="[1b0]"></a>WAE_FreeEvent</STRONG> (Thumb, 26 bytes, Stack size 8 bytes, dataresend.o(.text))
<BR><BR>[Stack]<UL><LI>Max Depth = 40 + Unknown Stack Size
<LI>Call Chain = WAE_FreeEvent &rArr; MemFree &rArr; OSMemPut
</UL>
<BR>[Calls]<UL><LI><a href="#[99]">&gt;&gt;</a>&nbsp;&nbsp;&nbsp;MemFree
<LI><a href="#[97]">&gt;&gt;</a>&nbsp;&nbsp;&nbsp;__aeabi_memclr
</UL>
<BR>[Called By]<UL><LI><a href="#[92]">&gt;&gt;</a>&nbsp;&nbsp;&nbsp;WAE_CheckPair
<LI><a href="#[1b9]">&gt;&gt;</a>&nbsp;&nbsp;&nbsp;DataReSend_SetEvent
<LI><a href="#[1b8]">&gt;&gt;</a>&nbsp;&nbsp;&nbsp;WAE_ReSend
</UL>

<P><STRONG><a name="[1b1]"></a>WAE_DataRevise</STRONG> (Thumb, 38 bytes, Stack size 16 bytes, dataresend.o(.text))
<BR><BR>[Stack]<UL><LI>Max Depth = 16<LI>Call Chain = WAE_DataRevise
</UL>
<BR>[Calls]<UL><LI><a href="#[98]">&gt;&gt;</a>&nbsp;&nbsp;&nbsp;__aeabi_memcpy
</UL>
<BR>[Called By]<UL><LI><a href="#[1b2]">&gt;&gt;</a>&nbsp;&nbsp;&nbsp;WAE_DataReSend
</UL>

<P><STRONG><a name="[1b2]"></a>WAE_DataReSend</STRONG> (Thumb, 350 bytes, Stack size 72 bytes, dataresend.o(.text))
<BR><BR>[Stack]<UL><LI>Max Depth = 1340 + Unknown Stack Size
<LI>Call Chain = WAE_DataReSend &rArr; UARTDatapbCIR20SendPost &rArr; BuildptCIR20FrameStream &rArr; BuildptCIR20Frame &rArr; CalCRC16
</UL>
<BR>[Calls]<UL><LI><a href="#[1b4]">&gt;&gt;</a>&nbsp;&nbsp;&nbsp;UARTDatapbCIR30SendPost
<LI><a href="#[1b7]">&gt;&gt;</a>&nbsp;&nbsp;&nbsp;UARTDatapbCIR20SendPost
<LI><a href="#[1b6]">&gt;&gt;</a>&nbsp;&nbsp;&nbsp;FlowNumGet
<LI><a href="#[1b5]">&gt;&gt;</a>&nbsp;&nbsp;&nbsp;EthernetDataSendPost
<LI><a href="#[1b3]">&gt;&gt;</a>&nbsp;&nbsp;&nbsp;CCANDataSendPost
<LI><a href="#[1b1]">&gt;&gt;</a>&nbsp;&nbsp;&nbsp;WAE_DataRevise
<LI><a href="#[97]">&gt;&gt;</a>&nbsp;&nbsp;&nbsp;__aeabi_memclr
</UL>
<BR>[Called By]<UL><LI><a href="#[1b8]">&gt;&gt;</a>&nbsp;&nbsp;&nbsp;WAE_ReSend
</UL>

<P><STRONG><a name="[1b8]"></a>WAE_ReSend</STRONG> (Thumb, 48 bytes, Stack size 16 bytes, dataresend.o(.text))
<BR><BR>[Stack]<UL><LI>Max Depth = 1356 + Unknown Stack Size
<LI>Call Chain = WAE_ReSend &rArr; WAE_DataReSend &rArr; UARTDatapbCIR20SendPost &rArr; BuildptCIR20FrameStream &rArr; BuildptCIR20Frame &rArr; CalCRC16
</UL>
<BR>[Calls]<UL><LI><a href="#[61]">&gt;&gt;</a>&nbsp;&nbsp;&nbsp;OSTimeGet
<LI><a href="#[1b2]">&gt;&gt;</a>&nbsp;&nbsp;&nbsp;WAE_DataReSend
<LI><a href="#[1b0]">&gt;&gt;</a>&nbsp;&nbsp;&nbsp;WAE_FreeEvent
</UL>
<BR>[Called By]<UL><LI><a href="#[a2]">&gt;&gt;</a>&nbsp;&nbsp;&nbsp;DataReSend_Proc
</UL>

<P><STRONG><a name="[1bd]"></a>DataReSend_Set</STRONG> (Thumb, 88 bytes, Stack size 104 bytes, datatransfer.o(.text))
<BR><BR>[Stack]<UL><LI>Max Depth = 288 + Unknown Stack Size
<LI>Call Chain = DataReSend_Set &rArr; DataReSend_SetEvent &rArr; WAE_SetEvent &rArr; MemApply &rArr; OSMemGet
</UL>
<BR>[Calls]<UL><LI><a href="#[1b6]">&gt;&gt;</a>&nbsp;&nbsp;&nbsp;FlowNumGet
<LI><a href="#[1b9]">&gt;&gt;</a>&nbsp;&nbsp;&nbsp;DataReSend_SetEvent
</UL>
<BR>[Called By]<UL><LI><a href="#[f2]">&gt;&gt;</a>&nbsp;&nbsp;&nbsp;EthernetDatapbCIR30FullSendPost
<LI><a href="#[8a]">&gt;&gt;</a>&nbsp;&nbsp;&nbsp;CCANDataSimpleSendPost
<LI><a href="#[1c4]">&gt;&gt;</a>&nbsp;&nbsp;&nbsp;CCANDataFullSendPost
<LI><a href="#[1c2]">&gt;&gt;</a>&nbsp;&nbsp;&nbsp;UARTDatapbCIR30FullSendPost
<LI><a href="#[1c1]">&gt;&gt;</a>&nbsp;&nbsp;&nbsp;UARTDatapbCIR30SimpleSendPost
<LI><a href="#[1c0]">&gt;&gt;</a>&nbsp;&nbsp;&nbsp;UARTDatapbCIR20SimpleSendPost
</UL>

<P><STRONG><a name="[1c6]"></a>CANBusControlJudge</STRONG> (Thumb, 232 bytes, Stack size 16 bytes, canbuscontrol.o(.text))
<BR><BR>[Stack]<UL><LI>Max Depth = 32 + Unknown Stack Size
<LI>Call Chain = CANBusControlJudge &rArr; OSSchedUnlock &rArr; OS_Sched
</UL>
<BR>[Calls]<UL><LI><a href="#[b4]">&gt;&gt;</a>&nbsp;&nbsp;&nbsp;OSSchedUnlock
<LI><a href="#[b3]">&gt;&gt;</a>&nbsp;&nbsp;&nbsp;OSSchedLock
<LI><a href="#[89]">&gt;&gt;</a>&nbsp;&nbsp;&nbsp;CANStatusGet
</UL>
<BR>[Called By]<UL><LI><a href="#[7c]">&gt;&gt;</a>&nbsp;&nbsp;&nbsp;CANbusControlPeriodHandle
</UL>

<P><STRONG><a name="[1e1]"></a>OS_InitTaskStat</STRONG> (Thumb, 42 bytes, Stack size 24 bytes, os_core.o(.text))
<BR><BR>[Stack]<UL><LI>Max Depth = 120 + Unknown Stack Size
<LI>Call Chain = OS_InitTaskStat &rArr; OSTaskCreateExt &rArr; OS_TCBInit
</UL>
<BR>[Calls]<UL><LI><a href="#[6b]">&gt;&gt;</a>&nbsp;&nbsp;&nbsp;OSTaskCreateExt
</UL>
<BR>[Called By]<UL><LI><a href="#[6a]">&gt;&gt;</a>&nbsp;&nbsp;&nbsp;OSInit
</UL>

<P><STRONG><a name="[1e4]"></a>OS_InitTaskIdle</STRONG> (Thumb, 42 bytes, Stack size 24 bytes, os_core.o(.text))
<BR><BR>[Stack]<UL><LI>Max Depth = 120 + Unknown Stack Size
<LI>Call Chain = OS_InitTaskIdle &rArr; OSTaskCreateExt &rArr; OS_TCBInit
</UL>
<BR>[Calls]<UL><LI><a href="#[6b]">&gt;&gt;</a>&nbsp;&nbsp;&nbsp;OSTaskCreateExt
</UL>
<BR>[Called By]<UL><LI><a href="#[6a]">&gt;&gt;</a>&nbsp;&nbsp;&nbsp;OSInit
</UL>

<P><STRONG><a name="[1e5]"></a>OS_InitEventList</STRONG> (Thumb, 64 bytes, Stack size 16 bytes, os_core.o(.text))
<BR><BR>[Stack]<UL><LI>Max Depth = 16<LI>Call Chain = OS_InitEventList
</UL>
<BR>[Calls]<UL><LI><a href="#[1e6]">&gt;&gt;</a>&nbsp;&nbsp;&nbsp;OS_MemClr
</UL>
<BR>[Called By]<UL><LI><a href="#[6a]">&gt;&gt;</a>&nbsp;&nbsp;&nbsp;OSInit
</UL>

<P><STRONG><a name="[1e7]"></a>OS_InitTCBList</STRONG> (Thumb, 82 bytes, Stack size 16 bytes, os_core.o(.text))
<BR><BR>[Stack]<UL><LI>Max Depth = 16<LI>Call Chain = OS_InitTCBList
</UL>
<BR>[Calls]<UL><LI><a href="#[1e6]">&gt;&gt;</a>&nbsp;&nbsp;&nbsp;OS_MemClr
</UL>
<BR>[Called By]<UL><LI><a href="#[6a]">&gt;&gt;</a>&nbsp;&nbsp;&nbsp;OSInit
</UL>

<P><STRONG><a name="[1ea]"></a>OS_InitRdyList</STRONG> (Thumb, 44 bytes, Stack size 0 bytes, os_core.o(.text))
<BR><BR>[Called By]<UL><LI><a href="#[6a]">&gt;&gt;</a>&nbsp;&nbsp;&nbsp;OSInit
</UL>

<P><STRONG><a name="[1e9]"></a>OS_InitMisc</STRONG> (Thumb, 48 bytes, Stack size 0 bytes, os_core.o(.text))
<BR><BR>[Called By]<UL><LI><a href="#[6a]">&gt;&gt;</a>&nbsp;&nbsp;&nbsp;OSInit
</UL>

<P><STRONG><a name="[1f0]"></a>OS_SchedNew</STRONG> (Thumb, 26 bytes, Stack size 0 bytes, os_core.o(.text))
<BR><BR>[Called By]<UL><LI><a href="#[b8]">&gt;&gt;</a>&nbsp;&nbsp;&nbsp;OSIntExit
<LI><a href="#[6c]">&gt;&gt;</a>&nbsp;&nbsp;&nbsp;OSStart
<LI><a href="#[1f2]">&gt;&gt;</a>&nbsp;&nbsp;&nbsp;OS_Sched
</UL>

<P><STRONG><a name="[1fb]"></a>OS_FlagTaskRdy</STRONG> (Thumb, 98 bytes, Stack size 24 bytes, os_flag.o(.text))
<BR><BR>[Stack]<UL><LI>Max Depth = 36<LI>Call Chain = OS_FlagTaskRdy &rArr; OS_FlagUnlink
</UL>
<BR>[Calls]<UL><LI><a href="#[1fc]">&gt;&gt;</a>&nbsp;&nbsp;&nbsp;OS_FlagUnlink
</UL>
<BR>[Called By]<UL><LI><a href="#[be]">&gt;&gt;</a>&nbsp;&nbsp;&nbsp;OSFlagPost
<LI><a href="#[1fd]">&gt;&gt;</a>&nbsp;&nbsp;&nbsp;OSFlagDel
</UL>

<P><STRONG><a name="[201]"></a>OS_FlagBlock</STRONG> (Thumb, 152 bytes, Stack size 20 bytes, os_flag.o(.text))
<BR><BR>[Stack]<UL><LI>Max Depth = 20<LI>Call Chain = OS_FlagBlock
</UL>
<BR>[Called By]<UL><LI><a href="#[cd]">&gt;&gt;</a>&nbsp;&nbsp;&nbsp;OSFlagPend
</UL>

<P><STRONG><a name="[225]"></a>OSTmr_Alloc</STRONG> (Thumb, 50 bytes, Stack size 0 bytes, os_tmr.o(.text), UNUSED)
<BR><BR>[Called By]<UL><LI><a href="#[224]">&gt;&gt;</a>&nbsp;&nbsp;&nbsp;OSTmrCreate
</UL>

<P><STRONG><a name="[228]"></a>OSTmr_Free</STRONG> (Thumb, 58 bytes, Stack size 0 bytes, os_tmr.o(.text), UNUSED)
<BR><BR>[Called By]<UL><LI><a href="#[226]">&gt;&gt;</a>&nbsp;&nbsp;&nbsp;OSTmrDel
</UL>

<P><STRONG><a name="[227]"></a>OSTmr_Unlink</STRONG> (Thumb, 62 bytes, Stack size 12 bytes, os_tmr.o(.text))
<BR><BR>[Stack]<UL><LI>Max Depth = 12<LI>Call Chain = OSTmr_Unlink
</UL>
<BR>[Called By]<UL><LI><a href="#[22e]">&gt;&gt;</a>&nbsp;&nbsp;&nbsp;OSTmrStop
<LI><a href="#[22c]">&gt;&gt;</a>&nbsp;&nbsp;&nbsp;OSTmrStart
<LI><a href="#[226]">&gt;&gt;</a>&nbsp;&nbsp;&nbsp;OSTmrDel
<LI><a href="#[5a]">&gt;&gt;</a>&nbsp;&nbsp;&nbsp;OSTmr_Task
</UL>

<P><STRONG><a name="[22d]"></a>OSTmr_Link</STRONG> (Thumb, 100 bytes, Stack size 16 bytes, os_tmr.o(.text))
<BR><BR>[Stack]<UL><LI>Max Depth = 16<LI>Call Chain = OSTmr_Link
</UL>
<BR>[Called By]<UL><LI><a href="#[22c]">&gt;&gt;</a>&nbsp;&nbsp;&nbsp;OSTmrStart
<LI><a href="#[5a]">&gt;&gt;</a>&nbsp;&nbsp;&nbsp;OSTmr_Task
</UL>

<P><STRONG><a name="[5a]"></a>OSTmr_Task</STRONG> (Thumb, 114 bytes, Stack size 8 bytes, os_tmr.o(.text))
<BR><BR>[Stack]<UL><LI>Max Depth = 40 + Unknown Stack Size
<LI>Call Chain = OSTmr_Task &rArr; OSSemPend &rArr; OS_EventTaskWait
</UL>
<BR>[Calls]<UL><LI><a href="#[e5]">&gt;&gt;</a>&nbsp;&nbsp;&nbsp;OSSemPend
<LI><a href="#[b4]">&gt;&gt;</a>&nbsp;&nbsp;&nbsp;OSSchedUnlock
<LI><a href="#[b3]">&gt;&gt;</a>&nbsp;&nbsp;&nbsp;OSSchedLock
<LI><a href="#[22d]">&gt;&gt;</a>&nbsp;&nbsp;&nbsp;OSTmr_Link
<LI><a href="#[227]">&gt;&gt;</a>&nbsp;&nbsp;&nbsp;OSTmr_Unlink
</UL>
<BR>[Address Reference Count : 1]<UL><LI> os_tmr.o(.text)
</UL>
<P><STRONG><a name="[22f]"></a>OSTmr_InitTask</STRONG> (Thumb, 40 bytes, Stack size 24 bytes, os_tmr.o(.text))
<BR><BR>[Stack]<UL><LI>Max Depth = 120 + Unknown Stack Size
<LI>Call Chain = OSTmr_InitTask &rArr; OSTaskCreateExt &rArr; OS_TCBInit
</UL>
<BR>[Calls]<UL><LI><a href="#[6b]">&gt;&gt;</a>&nbsp;&nbsp;&nbsp;OSTaskCreateExt
</UL>
<BR>[Called By]<UL><LI><a href="#[1ee]">&gt;&gt;</a>&nbsp;&nbsp;&nbsp;OSTmr_Init
</UL>

<P><STRONG><a name="[23d]"></a>WaitUs</STRONG> (Thumb, 72 bytes, Stack size 32 bytes, gpio.o(.text), UNUSED)
<BR><BR>[Calls]<UL><LI><a href="#[104]">&gt;&gt;</a>&nbsp;&nbsp;&nbsp;__aeabi_uldivmod
</UL>
<BR>[Called By]<UL><LI><a href="#[240]">&gt;&gt;</a>&nbsp;&nbsp;&nbsp;GSMR_GPIO_Init
</UL>

<P><STRONG><a name="[243]"></a>GetpUartbyNum</STRONG> (Thumb, 40 bytes, Stack size 0 bytes, uartrxpro.o(.text))
<BR><BR>[Called By]<UL><LI><a href="#[242]">&gt;&gt;</a>&nbsp;&nbsp;&nbsp;UART1_QueueProc
</UL>

<P><STRONG><a name="[63]"></a>CanRecvDataPackCallbackFuncFn</STRONG> (Thumb, 108 bytes, Stack size 24 bytes, canrxpro.o(.text))
<BR><BR>[Stack]<UL><LI>Max Depth = 124 + Unknown Stack Size
<LI>Call Chain = CanRecvDataPackCallbackFuncFn &rArr; MQ_AddTail &rArr; OSQPost &rArr; OS_EventTaskRdy &rArr; OS_EventTaskRemove
</UL>
<BR>[Calls]<UL><LI><a href="#[1bb]">&gt;&gt;</a>&nbsp;&nbsp;&nbsp;MQ_AddTail
<LI><a href="#[97]">&gt;&gt;</a>&nbsp;&nbsp;&nbsp;__aeabi_memclr
<LI><a href="#[98]">&gt;&gt;</a>&nbsp;&nbsp;&nbsp;__aeabi_memcpy
</UL>
<BR>[Address Reference Count : 1]<UL><LI> canrxpro.o(.text)
</UL>
<P><STRONG><a name="[27f]"></a>arp_cache_alloc</STRONG> (Thumb, 132 bytes, Stack size 20 bytes, at_arp.o(i.arp_cache_alloc))
<BR><BR>[Stack]<UL><LI>Max Depth = 20<LI>Call Chain = arp_cache_alloc
</UL>
<BR>[Called By]<UL><LI><a href="#[283]">&gt;&gt;</a>&nbsp;&nbsp;&nbsp;arp_cache_find
<LI><a href="#[281]">&gt;&gt;</a>&nbsp;&nbsp;&nbsp;arp_cache_early
<LI><a href="#[27a]">&gt;&gt;</a>&nbsp;&nbsp;&nbsp;arp_cache_add
</UL>

<P><STRONG><a name="[27b]"></a>arp_is_cacheable</STRONG> (Thumb, 48 bytes, Stack size 0 bytes, at_arp.o(i.arp_is_cacheable))
<BR><BR>[Called By]<UL><LI><a href="#[281]">&gt;&gt;</a>&nbsp;&nbsp;&nbsp;arp_cache_early
<LI><a href="#[27a]">&gt;&gt;</a>&nbsp;&nbsp;&nbsp;arp_cache_add
</UL>

<P><STRONG><a name="[285]"></a>arp_proc_response</STRONG> (Thumb, 130 bytes, Stack size 32 bytes, at_arp.o(i.arp_proc_response))
<BR><BR>[Stack]<UL><LI>Max Depth = 40<LI>Call Chain = arp_proc_response &rArr; mem_copy
</UL>
<BR>[Calls]<UL><LI><a href="#[280]">&gt;&gt;</a>&nbsp;&nbsp;&nbsp;mem_copy
<LI><a href="#[27c]">&gt;&gt;</a>&nbsp;&nbsp;&nbsp;mem_comp
</UL>
<BR>[Called By]<UL><LI><a href="#[286]">&gt;&gt;</a>&nbsp;&nbsp;&nbsp;arp_process
</UL>

<P><STRONG><a name="[287]"></a>arp_send_reply</STRONG> (Thumb, 150 bytes, Stack size 24 bytes, at_arp.o(i.arp_send_reply))
<BR><BR>[Stack]<UL><LI>Max Depth = 48<LI>Call Chain = arp_send_reply &rArr; alloc_mem
</UL>
<BR>[Calls]<UL><LI><a href="#[19c]">&gt;&gt;</a>&nbsp;&nbsp;&nbsp;alloc_mem
<LI><a href="#[288]">&gt;&gt;</a>&nbsp;&nbsp;&nbsp;send_frame
<LI><a href="#[280]">&gt;&gt;</a>&nbsp;&nbsp;&nbsp;mem_copy
<LI><a href="#[289]">&gt;&gt;</a>&nbsp;&nbsp;&nbsp;free_mem
</UL>
<BR>[Called By]<UL><LI><a href="#[286]">&gt;&gt;</a>&nbsp;&nbsp;&nbsp;arp_process
</UL>

<P><STRONG><a name="[282]"></a>arp_send_request</STRONG> (Thumb, 170 bytes, Stack size 24 bytes, at_arp.o(i.arp_send_request))
<BR><BR>[Stack]<UL><LI>Max Depth = 48<LI>Call Chain = arp_send_request &rArr; alloc_mem
</UL>
<BR>[Calls]<UL><LI><a href="#[19c]">&gt;&gt;</a>&nbsp;&nbsp;&nbsp;alloc_mem
<LI><a href="#[288]">&gt;&gt;</a>&nbsp;&nbsp;&nbsp;send_frame
<LI><a href="#[280]">&gt;&gt;</a>&nbsp;&nbsp;&nbsp;mem_copy
<LI><a href="#[289]">&gt;&gt;</a>&nbsp;&nbsp;&nbsp;free_mem
</UL>
<BR>[Called By]<UL><LI><a href="#[24e]">&gt;&gt;</a>&nbsp;&nbsp;&nbsp;arp_notify
<LI><a href="#[284]">&gt;&gt;</a>&nbsp;&nbsp;&nbsp;arp_cache_update
<LI><a href="#[283]">&gt;&gt;</a>&nbsp;&nbsp;&nbsp;arp_cache_find
<LI><a href="#[281]">&gt;&gt;</a>&nbsp;&nbsp;&nbsp;arp_cache_early
</UL>

<P><STRONG><a name="[29e]"></a>ip_get_chksum</STRONG> (Thumb, 10 bytes, Stack size 0 bytes, at_ip.o(i.ip_get_chksum))
<BR><BR>[Stack]<UL><LI>Max Depth = 4<LI>Call Chain = ip_get_chksum &rArr; calc_chksum16be
</UL>
<BR>[Calls]<UL><LI><a href="#[28a]">&gt;&gt;</a>&nbsp;&nbsp;&nbsp;calc_chksum16be
</UL>
<BR>[Called By]<UL><LI><a href="#[296]">&gt;&gt;</a>&nbsp;&nbsp;&nbsp;ip_send_frame
<LI><a href="#[28f]">&gt;&gt;</a>&nbsp;&nbsp;&nbsp;ip_chk_frame
</UL>

<P><STRONG><a name="[297]"></a>icmp_send_message</STRONG> (Thumb, 108 bytes, Stack size 16 bytes, at_icmp.o(i.icmp_send_message))
<BR><BR>[Stack]<UL><LI>Max Depth = 144<LI>Call Chain = icmp_send_message &rArr; ip_send_frame &rArr; eth_send_frame &rArr; arp_cache_find &rArr; arp_send_request &rArr; alloc_mem
</UL>
<BR>[Calls]<UL><LI><a href="#[19c]">&gt;&gt;</a>&nbsp;&nbsp;&nbsp;alloc_mem
<LI><a href="#[28a]">&gt;&gt;</a>&nbsp;&nbsp;&nbsp;calc_chksum16be
<LI><a href="#[296]">&gt;&gt;</a>&nbsp;&nbsp;&nbsp;ip_send_frame
<LI><a href="#[289]">&gt;&gt;</a>&nbsp;&nbsp;&nbsp;free_mem
</UL>
<BR>[Called By]<UL><LI><a href="#[252]">&gt;&gt;</a>&nbsp;&nbsp;&nbsp;icmp_run_engine
</UL>

<P><STRONG><a name="[298]"></a>igmp_get_chksum</STRONG> (Thumb, 32 bytes, Stack size 8 bytes, at_igmp.o(i.igmp_get_chksum))
<BR><BR>[Stack]<UL><LI>Max Depth = 8<LI>Call Chain = igmp_get_chksum
</UL>
<BR>[Calls]<UL><LI><a href="#[28b]">&gt;&gt;</a>&nbsp;&nbsp;&nbsp;chksum16_buf
</UL>
<BR>[Called By]<UL><LI><a href="#[291]">&gt;&gt;</a>&nbsp;&nbsp;&nbsp;igmp_process
<LI><a href="#[29c]">&gt;&gt;</a>&nbsp;&nbsp;&nbsp;igmp_send_report
</UL>

<P><STRONG><a name="[29a]"></a>igmp_map_group</STRONG> (Thumb, 52 bytes, Stack size 24 bytes, at_igmp.o(i.igmp_map_group))
<BR><BR>[Stack]<UL><LI>Max Depth = 32<LI>Call Chain = igmp_map_group &rArr; mem_comp
</UL>
<BR>[Calls]<UL><LI><a href="#[27c]">&gt;&gt;</a>&nbsp;&nbsp;&nbsp;mem_comp
</UL>
<BR>[Called By]<UL><LI><a href="#[291]">&gt;&gt;</a>&nbsp;&nbsp;&nbsp;igmp_process
<LI><a href="#[299]">&gt;&gt;</a>&nbsp;&nbsp;&nbsp;igmp_is_member
</UL>

<P><STRONG><a name="[29c]"></a>igmp_send_report</STRONG> (Thumb, 102 bytes, Stack size 24 bytes, at_igmp.o(i.igmp_send_report))
<BR><BR>[Stack]<UL><LI>Max Depth = 152<LI>Call Chain = igmp_send_report &rArr; ip_send_frame &rArr; eth_send_frame &rArr; arp_cache_find &rArr; arp_send_request &rArr; alloc_mem
</UL>
<BR>[Calls]<UL><LI><a href="#[19c]">&gt;&gt;</a>&nbsp;&nbsp;&nbsp;alloc_mem
<LI><a href="#[298]">&gt;&gt;</a>&nbsp;&nbsp;&nbsp;igmp_get_chksum
<LI><a href="#[296]">&gt;&gt;</a>&nbsp;&nbsp;&nbsp;ip_send_frame
<LI><a href="#[280]">&gt;&gt;</a>&nbsp;&nbsp;&nbsp;mem_copy
<LI><a href="#[289]">&gt;&gt;</a>&nbsp;&nbsp;&nbsp;free_mem
</UL>
<BR>[Called By]<UL><LI><a href="#[253]">&gt;&gt;</a>&nbsp;&nbsp;&nbsp;igmp_run_host
</UL>

<P><STRONG><a name="[2a7]"></a>udp_port_in_use</STRONG> (Thumb, 40 bytes, Stack size 8 bytes, at_udp.o(i.udp_port_in_use))
<BR><BR>[Stack]<UL><LI>Max Depth = 8<LI>Call Chain = udp_port_in_use
</UL>
<BR>[Called By]<UL><LI><a href="#[1a1]">&gt;&gt;</a>&nbsp;&nbsp;&nbsp;udp_open
</UL>

<P><STRONG><a name="[66]"></a>nbns_listener</STRONG> (Thumb, 334 bytes, Stack size 56 bytes, at_nbns.o(i.nbns_listener))
<BR><BR>[Stack]<UL><LI>Max Depth = 216<LI>Call Chain = nbns_listener &rArr; udp_send &rArr; ip_send_frame &rArr; eth_send_frame &rArr; arp_cache_find &rArr; arp_send_request &rArr; alloc_mem
</UL>
<BR>[Calls]<UL><LI><a href="#[19f]">&gt;&gt;</a>&nbsp;&nbsp;&nbsp;udp_send
<LI><a href="#[19e]">&gt;&gt;</a>&nbsp;&nbsp;&nbsp;udp_get_buf
<LI><a href="#[19c]">&gt;&gt;</a>&nbsp;&nbsp;&nbsp;alloc_mem
<LI><a href="#[2a5]">&gt;&gt;</a>&nbsp;&nbsp;&nbsp;str_up_case
<LI><a href="#[280]">&gt;&gt;</a>&nbsp;&nbsp;&nbsp;mem_copy
<LI><a href="#[27c]">&gt;&gt;</a>&nbsp;&nbsp;&nbsp;mem_comp
<LI><a href="#[289]">&gt;&gt;</a>&nbsp;&nbsp;&nbsp;free_mem
</UL>
<BR>[Address Reference Count : 1]<UL><LI> at_nbns.o(i.nbns_init)
</UL>
<P><STRONG><a name="[2a3]"></a>get_crc32</STRONG> (Thumb, 34 bytes, Stack size 8 bytes, at_lib.o(i.get_crc32))
<BR><BR>[Stack]<UL><LI>Max Depth = 8<LI>Call Chain = get_crc32
</UL>
<BR>[Called By]<UL><LI><a href="#[28e]">&gt;&gt;</a>&nbsp;&nbsp;&nbsp;mem_crc32
</UL>

<P><STRONG><a name="[273]"></a>_fp_digits</STRONG> (Thumb, 326 bytes, Stack size 56 bytes, printfa.o(i._fp_digits), UNUSED)
<BR><BR>[Calls]<UL><LI><a href="#[d7]">&gt;&gt;</a>&nbsp;&nbsp;&nbsp;__aeabi_dmul
<LI><a href="#[d8]">&gt;&gt;</a>&nbsp;&nbsp;&nbsp;__aeabi_ddiv
<LI><a href="#[d9]">&gt;&gt;</a>&nbsp;&nbsp;&nbsp;__aeabi_dadd
<LI><a href="#[dd]">&gt;&gt;</a>&nbsp;&nbsp;&nbsp;__aeabi_cdrcmple
<LI><a href="#[26d]">&gt;&gt;</a>&nbsp;&nbsp;&nbsp;__aeabi_d2ulz
<LI><a href="#[104]">&gt;&gt;</a>&nbsp;&nbsp;&nbsp;__aeabi_uldivmod
</UL>
<BR>[Called By]<UL><LI><a href="#[271]">&gt;&gt;</a>&nbsp;&nbsp;&nbsp;_printf_core
</UL>

<P><STRONG><a name="[271]"></a>_printf_core</STRONG> (Thumb, 1762 bytes, Stack size 136 bytes, printfa.o(i._printf_core), UNUSED)
<BR><BR>[Calls]<UL><LI><a href="#[274]">&gt;&gt;</a>&nbsp;&nbsp;&nbsp;_printf_pre_padding
<LI><a href="#[275]">&gt;&gt;</a>&nbsp;&nbsp;&nbsp;_printf_post_padding
<LI><a href="#[273]">&gt;&gt;</a>&nbsp;&nbsp;&nbsp;_fp_digits
<LI><a href="#[104]">&gt;&gt;</a>&nbsp;&nbsp;&nbsp;__aeabi_uldivmod
<LI><a href="#[276]">&gt;&gt;</a>&nbsp;&nbsp;&nbsp;__aeabi_uidivmod
</UL>
<BR>[Called By]<UL><LI><a href="#[272]">&gt;&gt;</a>&nbsp;&nbsp;&nbsp;__0vsnprintf
<LI><a href="#[270]">&gt;&gt;</a>&nbsp;&nbsp;&nbsp;__0sprintf
</UL>

<P><STRONG><a name="[275]"></a>_printf_post_padding</STRONG> (Thumb, 38 bytes, Stack size 24 bytes, printfa.o(i._printf_post_padding), UNUSED)
<BR><BR>[Called By]<UL><LI><a href="#[271]">&gt;&gt;</a>&nbsp;&nbsp;&nbsp;_printf_core
</UL>

<P><STRONG><a name="[274]"></a>_printf_pre_padding</STRONG> (Thumb, 48 bytes, Stack size 24 bytes, printfa.o(i._printf_pre_padding), UNUSED)
<BR><BR>[Called By]<UL><LI><a href="#[271]">&gt;&gt;</a>&nbsp;&nbsp;&nbsp;_printf_core
</UL>

<P><STRONG><a name="[65]"></a>_snputc</STRONG> (Thumb, 22 bytes, Stack size 0 bytes, printfa.o(i._snputc))
<BR>[Address Reference Count : 1]<UL><LI> printfa.o(i.__0vsnprintf)
</UL>
<P><STRONG><a name="[64]"></a>_sputc</STRONG> (Thumb, 10 bytes, Stack size 0 bytes, printfa.o(i._sputc))
<BR><BR>[Called By]<UL><LI><a href="#[270]">&gt;&gt;</a>&nbsp;&nbsp;&nbsp;__0sprintf
</UL>
<BR>[Address Reference Count : 1]<UL><LI> printfa.o(i.__0sprintf)
</UL><P>
<H3>
Undefined Global Symbols
</H3><HR></body></html>
