<html>
<body>
<pre>
<h1>µVision Build Log</h1>
<h2>Project:</h2>
D:\CIR3.0_SVN\V3Wifi\WIFI.uvproj
Project File Date:  04/20/2017

<h2>Output:</h2>
Rebuild target 'ConverseUnit'
compiling main.c...
compiling Task.c...
compiling TaskStartPrc.c...
compiling App.c...
compiling AppMsgDispatchpro.c...
compiling AppMsgTxpro.c...
compiling AppMsgRxpro.c...
compiling MemManage.c...
compiling AppTime.c...
compiling LedControl.c...
compiling AppDefine.c...
compiling AppNetpro.c...
compiling AppWifi.c...
compiling UpdateApi.c...
compiling UpdataSlave.c...
compiling update.c...
compiling lpc43xx_cgu.c...
compiling lpc43xx_scu.c...
compiling lpc43xx_uart.c...
compiling lpc43xx_gpio.c...
compiling lpc43xx_i2c.c...
compiling lpc43xx_ssp.c...
compiling lpc43xx_i2s.c...
compiling lpc43xx_timer.c...
compiling lpc43xx_rgu.c...
compiling C_CAN.c...
compiling ccan_18xx_43xx.c...
compiling MX66L51235F.c...
compiling spifilib_dev_common.c...
compiling spifilib_fam_mac_2b_stat.c...
compiling SPIFLASH.c...
compiling Uart.c...
compiling ETH_LPC43xx.c...
compiling Net_lib.c...
compiling EthernetUdp.c...
compiling EthernetSet.c...
compiling crc.c...
compiling md5.c...
compiling version.c...
compiling CmdDefine.c...
compiling DataReSend.c...
compiling DataTransfer.c...
compiling CanBusControl.c...
compiling ptcir.c...
compiling ptcan.c...
assembling os_cpu_a.asm...
compiling os_cpu_c.c...
compiling os_dbg.c...
compiling os_core.c...
compiling os_flag.c...
compiling os_mbox.c...
compiling os_mem.c...
compiling os_mutex.c...
compiling os_q.c...
compiling os_sem.c...
compiling os_task.c...
compiling os_time.c...
compiling os_tmr.c...
assembling cpu_a.asm...
compiling app_hooks.c...
assembling startup_LPC43xx.s...
compiling system_LPC43xx.c...
compiling Target.c...
compiling LED.c...
compiling GPIO.c...
compiling UartRxpro.c...
compiling Net_Config.c...
compiling CanRxpro.c...
compiling DebugOut.c...
linking...
Program Size: Code=69560 RO-data=4584 RW-data=784 ZI-data=108468  
After Build - User command #1: D:\Program Files\keil\\ARM\BIN\ElfDwT.exe .\CM4\Object\WIFI.axf BASEADDRESS(0x1A010000)
ELFDWT - Signature Creator V1.1
COPYRIGHT Keil - An ARM Company, Copyright (C) 2012
*** Updated Signature over Range[32] (0x1A010000 - 0x1A010018): @0x1A01001C = 0x43F4237E
*** Processing completed, no Errors.
After Build - User command #2: fromelf --bin .\CM4\Object\WIFI.axf --output .\CM4\Object\WIFI.bin
".\CM4\Object\WIFI.axf" - 0 Error(s), 0 Warning(s).
Load "D:\\CIR3.0_SVN\\V3Wifi\\CM4\\Object\\WIFI.axf" 
Erase Done.
Programming Done.
Verify OK.
Application running ...
</pre>
</body>
</html>
